46.229.168.142 - - [06/Dec/2019:08:39:22 +0800] "GET /user/login/?from=%2Fuser%2Flogin%2F%3Ffrom%3D%2Fuser%2Fregister%2F%3Ffrom%3D%2Fuser%2Fregister%2F%3Ffrom%3D%2Fuser%2Flogin%2F%3Ffrom%3D%2Fblog%2F50%2F HTTP/1.1" 200 3797 "-" "Mozilla/5.0 (compatible; SemrushBot/6~bl; +http://www.semrush.com/bot.html)"
46.229.168.163 - - [06/Dec/2019:08:39:24 +0800] "GET /user/login/?from=%2Fuser%2Fregister%2F%3Ffrom%3D%2Fuser%2Fregister%2F%3Ffrom%3D%2Fuser%2Flogin%2F%3Ffrom%3D%2Fuser%2Flogin%2F%3Ffrom%3D%2Fuser%2Fregister%2F%3Ffrom%3D%2Fblog%2F84%2F HTTP/1.1" 200 3794 "-" "Mozilla/5.0 (compatible; SemrushBot/6~bl; +http://www.semrush.com/bot.html)"
46.229.168.136 - - [06/Dec/2019:08:40:48 +0800] "GET /user/login/?from=%2Fuser%2Fregister%2F%3Ffrom%3D%2Fuser%2Flogin%2F%3Ffrom%3D%2Fuser%2Flogin%2F%3Ffrom%3D%2Fuser%2Fregister%2F%3Ffrom%3D%2Fuser%2Flogin%2F%3Ffrom%3D%2Fuser%2Fregister%2F%3Ffrom%3D%2Fuser%2Flogin%2F%3Ffrom%3D%2Fblog%2F74%2F HTTP/1.1" 200 3802 "-" "Mozilla/5.0 (compatible; SemrushBot/6~bl; +http://www.semrush.com/bot.html)"
46.229.168.151 - - [06/Dec/2019:08:40:53 +0800] "GET /user/register/?from=%2Fuser%2Flogin%2F%3Ffrom%3D%2Fuser%2Flogin%2F%3Ffrom%3D%2Fuser%2Flogin%2F%3Ffrom%3D%2Fuser%2Flogin%2F%3Ffrom%3D%2Fuser%2Fregister%2F%3Ffrom%3D%2Fuser%2Flogin%2F%3Ffrom%3D%2Fuser%2Fregister%2F%3Ffrom%3D%2Fuser%2Flogin%2F%3Ffrom HTTP/1.1" 200 4144 "-" "Mozilla/5.0 (compatible; SemrushBot/6~bl; +http://www.semrush.com/bot.html)"
46.229.168.146 - - [06/Dec/2019:08:41:37 +0800] "GET /user/register/?from=%2Fuser%2Fregister%2F%3Ffrom%3D%2Fuser%2Fregister%2F%3Ffrom%3D%2Fuser%2Flogin%2F%3Ffrom%3D%2Fuser%2Flogin%2F%3Ffrom%3D%2Fuser%2Flogin%2F%3Ffrom%3D%2Fuser%2Fregister%2F%3Ffrom%3D%2Fblog%2F106%2F HTTP/1.1" 200 4150 "-" "Mozilla/5.0 (compatible; SemrushBot/6~bl; +http://www.semrush.com/bot.html)"
46.229.168.140 - - [06/Dec/2019:08:41:51 +0800] "GET /user/login/?from=%2Fuser%2Flogin%2F%3Ffrom%3D%2Fuser%2Flogin%2F%3Ffrom%3D%2Fuser%2Flogin%2F%3Ffrom%3D%2Fuser%2Flogin%2F%3Ffrom%3D%2Fuser%2Fregister%2F%3Ffrom%3D%2Fuser%2Flogin%2F%3Ffrom%3D%2Fuser%2Fregister%2F%3Ffrom%3D%2Fblog%2F107%2F HTTP/1.1" 200 3802 "-" "Mozilla/5.0 (compatible; SemrushBot/6~bl; +http://www.semrush.com/bot.html)"
46.229.168.161 - - [06/Dec/2019:08:41:55 +0800] "GET /user/login/?from=%2Fuser%2Fregister%2F%3Ffrom%3D%2Fuser%2Fregister%2F%3Ffrom%3D%2Fuser%2Flogin%2F%3Ffrom%3D%2Fuser%2Fregister%2F%3Ffrom%3D%2Fuser%2Flogin%2F%3Ffrom%3D%2Fuser%2Fregister%2F%3Ffrom%3D%2Fuser%2Fregister%2F%3Ffrom%3D%2Fuser%2Flogin%2F%3Ffrom%3D%2Fuser%2Fregister%2F%3Ffrom%3D%2Fblog%2Ftag%2F25%2F HTTP/1.1" 200 3806 "-" "Mozilla/5.0 (compatible; SemrushBot/6~bl; +http://www.semrush.com/bot.html)"
202.108.211.151 - - [06/Dec/2019:08:43:51 +0800] "GET / HTTP/1.1" 200 6675 "-" "Mozilla/5.0 (X11; Linux x86_64) AppleWebKit/535.21 (KHTML, like Gecko) Chrome/19.0.1042.0 Safari/535.21"
46.229.168.131 - - [06/Dec/2019:08:43:51 +0800] "GET /robots.txt HTTP/1.1" 404 3470 "-" "Mozilla/5.0 (compatible; SemrushBot/6~bl; +http://www.semrush.com/bot.html)"
46.229.168.152 - - [06/Dec/2019:08:43:52 +0800] "GET /user/register/?from=%2Fuser%2Fregister%2F%3Ffrom%3D%2Fuser%2Fregister%2F%3Ffrom%3D%2Fuser%2Fregister%2F%3Ffrom%3D%2Fuser%2Flogin%2F%3Ffrom%3D%2Fuser%2Fregister%2F%3Ffrom%3D%2Fuser%2Flogin%2F%3Ffrom%3D%2Fuser%2Fregister%2F%3Ffrom%3D%2Fuser%2Fregister%2F%3Ffrom%3D%2Fuser%2Fregister%2F%3Ffrom%3D%2Fblog%2Fdate%2F2018%2F12%3Fpage%3D2 HTTP/1.1" 200 4172 "-" "Mozilla/5.0 (compatible; SemrushBot/6~bl; +http://www.semrush.com/bot.html)"
46.229.168.163 - - [06/Dec/2019:08:44:16 +0800] "GET /user/register/?from=%2Fuser%2Fregister%2F%3Ffrom%3D%2Fuser%2Flogin%2F%3Ffrom%3D%2Fuser%2Fregister%2F%3Ffrom%3D%2Fuser%2Fregister%2F%3Ffrom%3D%2Fuser%2Flogin%2F%3Ffrom%3D%2Fuser%2Fregister%2F%3Ffrom%3D%2Fuser%2Flogin%2F%3Ffrom%3D%2Fuser%2Flogin%2F%3Ffrom%3D%2Fuser%2Fregister%2F%3Ffrom%3D%2Fuser%2Flogin%2F%3Ffrom%3D%2Fblog%2F101%2F HTTP/1.1" 200 4160 "-" "Mozilla/5.0 (compatible; SemrushBot/6~bl; +http://www.semrush.com/bot.html)"
46.229.168.142 - - [06/Dec/2019:08:44:35 +0800] "GET /user/login/?from=%2Fuser%2Flogin%2F%3Ffrom%3D%2Fuser%2Flogin%2F%3Ffrom%3D%2Fuser%2Fregister%2F%3Ffrom%3D%2Fuser%2Flogin%2F%3Ffrom%3D%2Fuser%2Flogin%2F%3Ffrom%3D%2Fuser%2Fregister%2F%3Ffrom%3D%2Fblog%2Fdate%2F2018%2F11 HTTP/1.1" 200 3810 "-" "Mozilla/5.0 (compatible; SemrushBot/6~bl; +http://www.semrush.com/bot.html)"
46.229.168.130 - - [06/Dec/2019:08:46:36 +0800] "GET /user/login/?from=%2Fuser%2Flogin%2F%3Ffrom%3D%2Fuser%2Fregister%2F%3Ffrom%3D%2Fuser%2Flogin%2F%3Ffrom%3D%2Fuser%2Flogin%2F%3Ffrom%3D%2Fuser%2Fregister%2F%3Ffrom%3D%2Fuser%2Flogin%2F%3Ffrom%3D%2Fuser%2Fregister%2F%3Ffrom%3D%2Fuser%2Fregister%2F%3Ffrom%3D%2Fuser%2Flogin%2F%3Ffrom%3D%2Fuser%2Flogin%2F%3Ffrom%3D%2Fuser%2Fregister%2F%3Ffrom%3D%2Fblog%2Ftype%2F23%2F HTTP/1.1" 200 3814 "-" "Mozilla/5.0 (compatible; SemrushBot/6~bl; +http://www.semrush.com/bot.html)"
46.229.168.145 - - [06/Dec/2019:08:46:37 +0800] "GET /user/login/?from=%2Fuser%2Flogin%2F%3Ffrom%3D%2Fuser%2Flogin%2F%3Ffrom%3D%2Fuser%2Flogin%2F%3Ffrom%3D%2Fuser%2Fregister%2F%3Ffrom%3D%2Fuser%2Flogin%2F%3Ffrom%3D%2Fuser%2Fregister%2F%3Ffrom%3D%2Fuser%2Fregister%2F%3Ffrom%3D%2Fblog%2Ftag%2F25%2F HTTP/1.1" 200 3805 "-" "Mozilla/5.0 (compatible; SemrushBot/6~bl; +http://www.semrush.com/bot.html)"
182.254.52.17 - - [06/Dec/2019:08:47:18 +0800] "GET http://www.runstone.top/blog/tag/19/ HTTP/1.1" 200 5735 "-" "Go-http-client/1.1"
46.229.168.161 - - [06/Dec/2019:08:47:28 +0800] "GET /user/register/?from=%2Fuser%2Fregister%2F%3Ffrom%3D%2Fuser%2Flogin%2F%3Ffrom%3D%2Fuser%2Flogin%2F%3Ffrom%3D%2Fuser%2Fregister%2F%3Ffrom%3D%2Fuser%2Fregister%2F%3Ffrom%3D%2Fuser%2Fregister%2F%3Ffrom%3D%2Fuser%2Fregister%2F%3Ffrom%3D%2Fuser%2Fregister%2F%3Ffrom%3D%2Fuser%2Fregister%2F%3Ffrom%3D%2Fuser%2Flogin%2F%3Ffrom%3D%2Fblog%2F100%2F HTTP/1.1" 200 4158 "-" "Mozilla/5.0 (compatible; SemrushBot/6~bl; +http://www.semrush.com/bot.html)"
46.229.168.129 - - [06/Dec/2019:08:47:33 +0800] "GET /user/register/?from=%2Fuser%2Flogin%2F%3Ffrom%3D%2Fuser%2Fregister%2F%3Ffrom%3D%2Fuser%2Fregister%2F%3Ffrom%3D%2Fuser%2Fregister%2F%3Ffrom%3D%2Fuser%2Fregister%2F%3Ffrom%3D%2Fuser%2Fregister%2F%3Ffrom%3D%2Fuser%2Flogin%2F%3Ffrom%3D%2Fuser%2Flogin%2F%3Ffrom%3D%2Fuser%2Flogin%2F%3Ffrom%3D%2Fblog%2F102%2F HTTP/1.1" 200 4159 "-" "Mozilla/5.0 (compatible; SemrushBot/6~bl; +http://www.semrush.com/bot.html)"
46.229.168.154 - - [06/Dec/2019:08:47:35 +0800] "GET /user/register/?from=%2Fuser%2Fregister%2F%3Ffrom%3D%2Fuser%2Fregister%2F%3Ffrom%3D%2Fuser%2Fregister%2F%3Ffrom%3D%2Fuser%2Flogin%2F%3Ffrom%3D%2Fuser%2Flogin%2F%3Ffrom%3D%2Fuser%2Fregister%2F%3Ffrom%3D%2Fuser%2Flogin%2F%3Ffrom%3D%2Fuser%2Flogin%2F%3Ffrom%3D%2Fblog%2Ftag%2F15%2F HTTP/1.1" 200 4160 "-" "Mozilla/5.0 (compatible; SemrushBot/6~bl; +http://www.semrush.com/bot.html)"
46.229.168.161 - - [06/Dec/2019:08:49:21 +0800] "GET /user/register/?from=%2Fuser%2Flogin%2F%3Ffrom%3D%2Fuser%2Fregister%2F%3Ffrom%3D%2Fuser%2Flogin%2F%3Ffrom%3D%2Fuser%2Flogin%2F%3Ffrom%3D%2Fuser%2Flogin%2F%3Ffrom%3D%2Fuser%2Flogin%2F%3Ffrom%3D%2Fblog%2Ftag%2F6%2F%3Fpage%3D3 HTTP/1.1" 200 4165 "-" "Mozilla/5.0 (compatible; SemrushBot/6~bl; +http://www.semrush.com/bot.html)"
46.229.168.144 - - [06/Dec/2019:08:50:32 +0800] "GET /user/register/?from=%2Fuser%2Fregister%2F%3Ffrom%3D%2Fuser%2Fregister%2F%3Ffrom%3D%2Fuser%2Flogin%2F%3Ffrom%3D%2Fuser%2Flogin%2F%3Ffrom%3D%2Fuser%2Flogin%2F%3Ffrom%3D%2Fuser%2Flogin%2F%3Ffrom%3D%2Fuser%2Flogin%2F%3Ffrom%3D%2Fuser%2Fregister%2F%3Ffrom%3D%2Fuser%2Flogin%2F%3Ffrom%3D%2Fuser%2Flogin%2F%3Ffrom%3D%2Fuser%2Flogin%2F%3Ffrom%3D%2Fblog%2Ftag%2F11%2F HTTP/1.1" 200 4159 "-" "Mozilla/5.0 (compatible; SemrushBot/6~bl; +http://www.semrush.com/bot.html)"
46.229.168.139 - - [06/Dec/2019:08:51:52 +0800] "GET /user/register/?from=%2Fuser%2Flogin%2F%3Ffrom%3D%2Fuser%2Fregister%2F%3Ffrom%3D%2Fuser%2Fregister%2F%3Ffrom%3D%2Fuser%2Flogin%2F%3Ffrom%3D%2Fuser%2Fregister%2F%3Ffrom%3D%2Fuser%2Fregister%2F%3Ffrom%3D%2Fuser%2Fregister%2F%3Ffrom%3D%2Fuser%2Flogin%2F%3Ffrom%3D%2Fuser%2Fregister%2F%3Ffrom%3D%2Fuser%2Flogin%2F%3Ffrom%3D%2Fblog%2F101%2F HTTP/1.1" 200 4161 "-" "Mozilla/5.0 (compatible; SemrushBot/6~bl; +http://www.semrush.com/bot.html)"
183.192.179.16 - - [06/Dec/2019:08:52:20 +0800] "GET http://www.runstone.top/blog/113/ HTTP/1.1" 200 6410 "-" "Go-http-client/1.1"
46.229.168.135 - - [06/Dec/2019:08:52:33 +0800] "GET /user/register/?from=%2Fuser%2Flogin%2F%3Ffrom%3D%2Fuser%2Fregister%2F%3Ffrom%3D%2Fuser%2Fregister%2F%3Ffrom%3D%2Fuser%2Fregister%2F%3Ffrom%3D%2Fuser%2Flogin%2F%3Ffrom%3D%2Fuser%2Flogin%2F%3Ffrom%3D%2Fuser%2Fregister%2F%3Ffrom%3D%2Fuser%2Fregister%2F%3Ffrom%3D%2Fuser%2Fregister%2F%3Ffrom%3D%2Fuser%2Flogin%2F%3Ffrom%3D%2Fuser%2Flogin%2F%3Ffrom%3D%2Fblog%2Ftag%2F15%2F HTTP/1.1" 200 4164 "-" "Mozilla/5.0 (compatible; SemrushBot/6~bl; +http://www.semrush.com/bot.html)"
46.229.168.148 - - [06/Dec/2019:08:52:36 +0800] "GET /user/login/?from=%2Fuser%2Fregister%2F%3Ffrom%3D%2Fuser%2Flogin%2F%3Ffrom%3D%2Fuser%2Flogin%2F%3Ffrom%3D%2Fuser%2Fregister%2F%3Ffrom%3D%2Fuser%2Fregister%2F%3Ffrom%3D%2Fuser%2Fregister%2F%3Ffrom%3D%2Fuser%2Flogin%2F%3Ffrom%3D%2Fblog%2F71%2F HTTP/1.1" 200 3807 "-" "Mozilla/5.0 (compatible; SemrushBot/6~bl; +http://www.semrush.com/bot.html)"
46.229.168.140 - - [06/Dec/2019:08:52:42 +0800] "GET /user/login/?from=%2Fuser%2Flogin%2F%3Ffrom%3D%2Fuser%2Flogin%2F%3Ffrom%3D%2Fuser%2Fregister%2F%3Ffrom%3D%2Fuser%2Flogin%2F%3Ffrom%3D%2Fuser%2Fregister%2F%3Ffrom%3D%2Fuser%2Fregister%2F%3Ffrom%3D%2Fuser%2Flogin%2F%3Ffrom%3D%2Fblog%2F79%2F HTTP/1.1" 200 3802 "-" "Mozilla/5.0 (compatible; SemrushBot/6~bl; +http://www.semrush.com/bot.html)"
46.229.168.133 - - [06/Dec/2019:08:53:15 +0800] "GET /user/login/?from=%2Fuser%2Fregister%2F%3Ffrom%3D%2Fuser%2Fregister%2F%3Ffrom%3D%2Fuser%2Fregister%2F%3Ffrom%3D%2Fuser%2Flogin%2F%3Ffrom%3D%2Fuser%2Fregister%2F%3Ffrom%3D%2Fblog%2Ftag%2F1%2F HTTP/1.1" 200 3800 "-" "Mozilla/5.0 (compatible; SemrushBot/6~bl; +http://www.semrush.com/bot.html)"
46.229.168.147 - - [06/Dec/2019:08:53:25 +0800] "GET /user/register/?from=%2Fuser%2Fregister%2F%3Ffrom%3D%2Fuser%2Fregister%2F%3Ffrom%3D%2Fuser%2Fregister%2F%3Ffrom%3D%2Fuser%2Fregister%2F%3Ffrom%3D%2Fuser%2Flogin%2F%3Ffrom%3D%2Fuser%2Flogin%2F%3Ffrom%3D%2Fuser%2Flogin%2F%3Ffrom%3D%2Fuser%2Flogin%2F%3Ffrom%3D%2Fuser%2Fregister%2F%3Ffrom%3D%2Fuser%2Flogin%2F%3Ffrom HTTP/1.1" 200 4152 "-" "Mozilla/5.0 (compatible; SemrushBot/6~bl; +http://www.semrush.com/bot.html)"
46.229.168.153 - - [06/Dec/2019:08:53:26 +0800] "GET /user/login/?from=%2Fuser%2Fregister%2F%3Ffrom%3D%2Fuser%2Fregister%2F%3Ffrom%3D%2Fuser%2Flogin%2F%3Ffrom%3D%2Fuser%2Fregister%2F%3Ffrom%3D%2Fuser%2Fregister%2F%3Ffrom%3D%2Fuser%2Flogin%2F%3Ffrom%3D%2Fuser%2Fregister%2F%3Ffrom%3D%2Fuser%2Flogin%2F%3Ffrom%3D%2Fblog%2F83%2F HTTP/1.1" 200 3802 "-" "Mozilla/5.0 (compatible; SemrushBot/6~bl; +http://www.semrush.com/bot.html)"
46.229.168.130 - - [06/Dec/2019:08:53:44 +0800] "GET /user/register/?from=%2Fuser%2Flogin%2F%3Ffrom%3D%2Fuser%2Fregister%2F%3Ffrom%3D%2Fuser%2Flogin%2F%3Ffrom%3D%2Fuser%2Flogin%2F%3Ffrom%3D%2Fuser%2Flogin%2F%3Ffrom%3D%2Fuser%2Flogin%2F%3Ffrom%3D%2Fuser%2Fregister%2F%3Ffrom%3D%2Fuser%2Flogin%2F%3Ffrom%3D%2Fblog%2Fdate%2F2018%2F11 HTTP/1.1" 200 4167 "-" "Mozilla/5.0 (compatible; SemrushBot/6~bl; +http://www.semrush.com/bot.html)"
46.229.168.163 - - [06/Dec/2019:08:55:07 +0800] "GET /user/login/?from=%2Fuser%2Fregister%2F%3Ffrom%3D%2Fuser%2Flogin%2F%3Ffrom%3D%2Fuser%2Flogin%2F%3Ffrom%3D%2Fuser%2Flogin%2F%3Ffrom%3D%2Fuser%2Fregister%2F%3Ffrom%3D%2Fuser%2Fregister%2F%3Ffrom%3D%2Fuser%2Fregister%2F%3Ffrom%3D%2Fuser%2Flogin%2F%3Ffrom%3D%2Fuser%2Fregister%2F%3Ffrom%3D%2Fuser%2Fregister%2F%3Ffrom%3D%2Fuser%2Fregister%2F%3Ffrom%3D%2Fblog%2F38%2F HTTP/1.1" 200 3806 "-" "Mozilla/5.0 (compatible; SemrushBot/6~bl; +http://www.semrush.com/bot.html)"
46.229.168.152 - - [06/Dec/2019:08:56:16 +0800] "GET /user/register/?from=%2Fuser%2Flogin%2F%3Ffrom%3D%2Fuser%2Fregister%2F%3Ffrom%3D%2Fuser%2Fregister%2F%3Ffrom%3D%2Fuser%2Flogin%2F%3Ffrom%3D%2Fuser%2Flogin%2F%3Ffrom%3D%2Fuser%2Flogin%2F%3Ffrom%3D%2Fblog%2F85%2F HTTP/1.1" 200 4153 "-" "Mozilla/5.0 (compatible; SemrushBot/6~bl; +http://www.semrush.com/bot.html)"
46.229.168.161 - - [06/Dec/2019:08:56:35 +0800] "GET /user/register/?from=%2Fuser%2Fregister%2F%3Ffrom%3D%2Fuser%2Flogin%2F%3Ffrom%3D%2Fuser%2Flogin%2F%3Ffrom%3D%2Fuser%2Fregister%2F%3Ffrom%3D%2Fuser%2Fregister%2F%3Ffrom%3D%2Fuser%2Flogin%2F%3Ffrom%3D%2Fuser%2Fregister%2F%3Ffrom%3D%2Fuser%2Flogin%2F%3Ffrom%3D%2Fuser%2Flogin%2F%3Ffrom%3D%2Fuser%2Flogin%2F%3Ffrom%3D%2Fblog%2F42%2F HTTP/1.1" 200 4161 "-" "Mozilla/5.0 (compatible; SemrushBot/6~bl; +http://www.semrush.com/bot.html)"
46.229.168.154 - - [06/Dec/2019:08:58:12 +0800] "GET /user/register/?from=%2Fuser%2Flogin%2F%3Ffrom%3D%2Fuser%2Fregister%2F%3Ffrom%3D%2Fuser%2Fregister%2F%3Ffrom%3D%2Fblog%2Ftag%2F32%2F HTTP/1.1" 200 4146 "-" "Mozilla/5.0 (compatible; SemrushBot/6~bl; +http://www.semrush.com/bot.html)"
46.229.168.139 - - [06/Dec/2019:08:58:32 +0800] "GET /user/login/?from=%2Fuser%2Flogin%2F%3Ffrom%3D%2Fuser%2Fregister%2F%3Ffrom%3D%2Fuser%2Fregister%2F%3Ffrom%3D%2Fuser%2Flogin%2F%3Ffrom%3D%2Fuser%2Flogin%2F%3Ffrom%3D%2Fuser%2Fregister%2F%3Ffrom%3D%2Fuser%2Fregister%2F%3Ffrom%3D%2Fuser%2Flogin%2F%3Ffrom%3D%2Fuser%2Fregister%2F%3Ffrom%3D%2Fblog%2Ftag%2F32%2F HTTP/1.1" 200 3811 "-" "Mozilla/5.0 (compatible; SemrushBot/6~bl; +http://www.semrush.com/bot.html)"
46.229.168.161 - - [06/Dec/2019:08:58:53 +0800] "GET /user/login/?from=%2Fuser%2Fregister%2F%3Ffrom%3D%2Fuser%2Flogin%2F%3Ffrom%3D%2Fuser%2Fregister%2F%3Ffrom%3D%2Fuser%2Flogin%2F%3Ffrom%3D%2Fuser%2Fregister%2F%3Ffrom%3D%2Fblog%2Fall_types%2F%3Fpage%3D2 HTTP/1.1" 200 3806 "-" "Mozilla/5.0 (compatible; SemrushBot/6~bl; +http://www.semrush.com/bot.html)"
46.229.168.129 - - [06/Dec/2019:08:59:18 +0800] "GET /user/login/?from=%2Fuser%2Fregister%2F%3Ffrom%3D%2Fuser%2Flogin%2F%3Ffrom%3D%2Fuser%2Fregister%2F%3Ffrom%3D%2Fuser%2Flogin%2F%3Ffrom%3D%2Fuser%2Fregister%2F%3Ffrom%3D%2Fuser%2Fregister%2F%3Ffrom%3D%2Fuser%2Fregister%2F%3Ffrom%3D%2Fuser%2Fregister%2F%3Ffrom%3D%2Fuser%2Flogin%2F%3Ffrom%3D%2Fuser%2Fregister%2F%3Ffrom%3D%2Fuser%2Flogin%2F%3Ffrom%3D%2Fblog%2Ftype%2F21%2F HTTP/1.1" 200 3809 "-" "Mozilla/5.0 (compatible; SemrushBot/6~bl; +http://www.semrush.com/bot.html)"
46.229.168.154 - - [06/Dec/2019:08:59:36 +0800] "GET /user/login/?from=%2Fuser%2Fregister%2F%3Ffrom%3D%2Fuser%2Flogin%2F%3Ffrom%3D%2Fuser%2Flogin%2F%3Ffrom%3D%2Fuser%2Fregister%2F%3Ffrom%3D%2Fuser%2Fregister%2F%3Ffrom%3D%2Fuser%2Fregister%2F%3Ffrom%3D%2Fuser%2Fregister%2F%3Ffrom%3D%2Fblog%2Fdate%2F2018%2F12%3Fpage%3D3 HTTP/1.1" 200 3820 "-" "Mozilla/5.0 (compatible; SemrushBot/6~bl; +http://www.semrush.com/bot.html)"
18.139.162.161 - - [06/Dec/2019:09:00:35 +0800] "GET / HTTP/1.1" 200 6718 "-" "PostmanRuntime/7.20.1"
46.229.168.145 - - [06/Dec/2019:09:00:53 +0800] "GET /robots.txt HTTP/1.1" 404 3466 "-" "Mozilla/5.0 (compatible; SemrushBot/6~bl; +http://www.semrush.com/bot.html)"
46.229.168.153 - - [06/Dec/2019:09:00:54 +0800] "GET /user/register/?from=%2Fuser%2Flogin%2F%3Ffrom%3D%2Fuser%2Flogin%2F%3Ffrom%3D%2Fuser%2Flogin%2F%3Ffrom%3D%2Fuser%2Flogin%2F%3Ffrom%3D%2Fuser%2Fregister%2F%3Ffrom%3D%2Fuser%2Flogin%2F%3Ffrom%3D%2Fuser%2Flogin%2F%3Ffrom%3D%2Fuser%2Flogin%2F%3Ffrom%3D%2Fuser%2Fregister%2F%3Ffrom%3D%2Fblog%2Ftag%2F29%2F HTTP/1.1" 200 4156 "-" "Mozilla/5.0 (compatible; SemrushBot/6~bl; +http://www.semrush.com/bot.html)"
46.229.168.152 - - [06/Dec/2019:09:01:08 +0800] "GET /user/login/?from=%2Fuser%2Flogin%2F%3Ffrom%3D%2Fuser%2Fregister%2F%3Ffrom%3D%2Fuser%2Flogin%2F%3Ffrom%3D%2Fuser%2Fregister%2F%3Ffrom%3D%2Fuser%2Fregister%2F%3Ffrom%3D%2Fuser%2Flogin%2F%3Ffrom%3D%2Fuser%2Flogin%2F%3Ffrom%3D%2Fuser%2Flogin%2F%3Ffrom%3D%2Fuser%2Fregister%2F%3Ffrom%3D%2Fblog%2F85%2F HTTP/1.1" 200 3810 "-" "Mozilla/5.0 (compatible; SemrushBot/6~bl; +http://www.semrush.com/bot.html)"
46.229.168.145 - - [06/Dec/2019:09:02:00 +0800] "GET /user/login/?from=%2Fuser%2Flogin%2F%3Ffrom%3D%2Fuser%2Flogin%2F%3Ffrom%3D%2Fuser%2Fregister%2F%3Ffrom%3D%2Fuser%2Flogin%2F%3Ffrom%3D%2Fuser%2Flogin%2F%3Ffrom%3D%2Fuser%2Fregister%2F%3Ffrom%3D%2Fuser%2Flogin%2F%3Ffrom%3D%2Fblog%2F108%2F HTTP/1.1" 200 3806 "-" "Mozilla/5.0 (compatible; SemrushBot/6~bl; +http://www.semrush.com/bot.html)"
46.229.168.161 - - [06/Dec/2019:09:02:35 +0800] "GET /user/register/?from=%2Fuser%2Fregister%2F%3Ffrom%3D%2Fuser%2Flogin%2F%3Ffrom%3D%2Fuser%2Flogin%2F%3Ffrom%3D%2Fuser%2Flogin%2F%3Ffrom%3D%2Fuser%2Fregister%2F%3Ffrom%3D%2Fuser%2Flogin%2F%3Ffrom%3D%2Fblog%2Fdate%2F2018%2F12%3Fpage%3D2 HTTP/1.1" 200 4172 "-" "Mozilla/5.0 (compatible; SemrushBot/6~bl; +http://www.semrush.com/bot.html)"
18.141.12.93 - - [06/Dec/2019:09:02:54 +0800] "GET / HTTP/1.1" 200 6716 "-" "PostmanRuntime/7.20.1"
46.229.168.136 - - [06/Dec/2019:09:04:01 +0800] "GET /user/register/?from=%2Fuser%2Flogin%2F%3Ffrom%3D%2Fuser%2Flogin%2F%3Ffrom%3D%2Fuser%2Flogin%2F%3Ffrom%3D%2Fuser%2Fregister%2F%3Ffrom%3D%2Fuser%2Flogin%2F%3Ffrom%3D%2Fuser%2Fregister%2F%3Ffrom%3D%2Fblog%2Fdate%2F2019%2F3 HTTP/1.1" 200 4163 "-" "Mozilla/5.0 (compatible; SemrushBot/6~bl; +http://www.semrush.com/bot.html)"
46.229.168.137 - - [06/Dec/2019:09:04:15 +0800] "GET /user/register/?from=%2Fuser%2Flogin%2F%3Ffrom%3D%2Fuser%2Flogin%2F%3Ffrom%3D%2Fuser%2Fregister%2F%3Ffrom%3D%2Fuser%2Fregister%2F%3Ffrom%3D%2Fuser%2Flogin%2F%3Ffrom%3D%2Fuser%2Fregister%2F%3Ffrom%3D%2Fuser%2Flogin%2F%3Ffrom%3D%2Fuser%2Flogin%2F%3Ffrom%3D%2Fuser%2Fregister%2F%3Ffrom%3D%2Fuser%2Flogin%2F%3Ffrom%3D%2Fblog%2Fdate%2F2019%2F6 HTTP/1.1" 200 4167 "-" "Mozilla/5.0 (compatible; SemrushBot/6~bl; +http://www.semrush.com/bot.html)"
18.141.12.93 - - [06/Dec/2019:09:04:55 +0800] "GET / HTTP/1.1" 200 6714 "-" "PostmanRuntime/7.20.1"
46.229.168.132 - - [06/Dec/2019:09:06:58 +0800] "GET /user/register/?from=%2Fuser%2Flogin%2F%3Ffrom%3D%2Fuser%2Flogin%2F%3Ffrom%3D%2Fuser%2Fregister%2F%3Ffrom%3D%2Fuser%2Flogin%2F%3Ffrom%3D%2Fuser%2Fregister%2F%3Ffrom%3D%2Fuser%2Fregister%2F%3Ffrom%3D%2Fuser%2Flogin%2F%3Ffrom%3D%2Fuser%2Fregister%2F%3Ffrom%3D%2Fuser%2Flogin%2F%3Ffrom%3D%2Fblog%2F72%2F HTTP/1.1" 200 4160 "-" "Mozilla/5.0 (compatible; SemrushBot/6~bl; +http://www.semrush.com/bot.html)"
46.229.168.146 - - [06/Dec/2019:09:07:12 +0800] "GET /user/login/?from=%2Fuser%2Fregister%2F%3Ffrom%3D%2Fuser%2Flogin%2F%3Ffrom%3D%2Fuser%2Flogin%2F%3Ffrom%3D%2Fuser%2Fregister%2F%3Ffrom%3D%2Fuser%2Fregister%2F%3Ffrom%3D%2Fuser%2Fregister%2F%3Ffrom%3D%2Fuser%2Fregister%2F%3Ffrom%3D%2Fuser%2Flogin%2F%3Ffrom%3D%2Fuser%2Flogin%2F%3Ffrom%3D%2Fuser%2Fregister%2F%3Ffrom%3D%2Fuser%2Fregister%2F%3Ffrom%3D%2Fuser%2Flogin%2F%3Ffrom%3D%2Fblog%2Ftype%2F21%2F HTTP/1.1" 200 3814 "-" "Mozilla/5.0 (compatible; SemrushBot/6~bl; +http://www.semrush.com/bot.html)"
58.55.150.189 - - [06/Dec/2019:09:07:15 +0800] "HEAD / HTTP/1.1" 200 0 "http://runstone.top" "Mozilla/5.0 (compatible; Baiduspider/2.0; +http://www.baidu.com/search/spider.html\x09"
58.55.150.189 - - [06/Dec/2019:09:07:15 +0800] "HEAD /config/AspCms_config.asp HTTP/1.1" 404 0 "http://runstone.top/config/AspCms_config.asp" "Mozilla/5.0 (compatible; Baiduspider/2.0; +http://www.baidu.com/search/spider.html\x09"
46.229.168.161 - - [06/Dec/2019:09:07:41 +0800] "GET /user/register/?from=%2Fuser%2Flogin%2F%3Ffrom%3D%2Fuser%2Flogin%2F%3Ffrom%3D%2Fuser%2Flogin%2F%3Ffrom%3D%2Fuser%2Flogin%2F%3Ffrom%3D%2Fuser%2Flogin%2F%3Ffrom%3D%2Fuser%2Flogin%2F%3Ffrom%3D%2Fuser%2Fregister%2F%3Ffrom%3D%2Fuser%2Fregister%2F%3Ffrom%3D%2Fuser%2Flogin%2F%3Ffrom%3D%2Fuser%2Fregister%2F%3Ffrom%3D%2Fuser%2Flogin%2F%3Ffrom%3D%2Fblog%2F54%2F HTTP/1.1" 200 4158 "-" "Mozilla/5.0 (compatible; SemrushBot/6~bl; +http://www.semrush.com/bot.html)"
46.229.168.149 - - [06/Dec/2019:09:08:22 +0800] "GET /user/login/?from=%2Fuser%2Flogin%2F%3Ffrom%3D%2Fuser%2Flogin%2F%3Ffrom%3D%2Fuser%2Flogin%2F%3Ffrom%3D%2Fuser%2Flogin%2F%3Ffrom%3D%2Fuser%2Fregister%2F%3Ffrom%3D%2Fuser%2Flogin%2F%3Ffrom%3D%2Fuser%2Fregister%2F%3Ffrom%3D%2Fuser%2Fregister%2F%3Ffrom%3D%2Fuser%2Flogin%2F%3Ffrom%3D%2Fuser%2Fregister%2F%3Ffrom%3D%2Fblog%2Ftype%2F17%2F HTTP/1.1" 200 3807 "-" "Mozilla/5.0 (compatible; SemrushBot/6~bl; +http://www.semrush.com/bot.html)"
46.229.168.147 - - [06/Dec/2019:09:08:27 +0800] "GET /user/register/?from=%2Fuser%2Flogin%2F%3Ffrom%3D%2Fuser%2Fregister%2F%3Ffrom%3D%2Fuser%2Flogin%2F%3Ffrom%3D%2Fuser%2Flogin%2F%3Ffrom%3D%2Fuser%2Flogin%2F%3Ffrom%3D%2Fuser%2Flogin%2F%3Ffrom%3D%2Fuser%2Flogin%2F%3Ffrom%3D%2Fuser%2Flogin%2F%3Ffrom%3D%2Fuser%2Flogin%2F%3Ffrom%3D%2Fblog%2F85%2F HTTP/1.1" 200 4157 "-" "Mozilla/5.0 (compatible; SemrushBot/6~bl; +http://www.semrush.com/bot.html)"
46.229.168.153 - - [06/Dec/2019:09:08:50 +0800] "GET /user/login/?from=%2Fuser%2Fregister%2F%3Ffrom%3D%2Fuser%2Flogin%2F%3Ffrom%3D%2Fuser%2Flogin%2F%3Ffrom%3D%2Fuser%2Fregister%2F%3Ffrom%3D%2Fuser%2Flogin%2F%3Ffrom%3D%2Fuser%2Fregister%2F%3Ffrom%3D%2Fuser%2Fregister%2F%3Ffrom%3D%2Fuser%2Flogin%2F%3Ffrom%3D%2Fblog%2Fdate%2F2018%2F11 HTTP/1.1" 200 3816 "-" "Mozilla/5.0 (compatible; SemrushBot/6~bl; +http://www.semrush.com/bot.html)"
46.229.168.132 - - [06/Dec/2019:09:09:43 +0800] "GET /user/login/?from=%2Fuser%2Flogin%2F%3Ffrom%3D%2Fuser%2Fregister%2F%3Ffrom%3D%2Fuser%2Fregister%2F%3Ffrom%3D%2Fuser%2Fregister%2F%3Ffrom%3D%2Fuser%2Fregister%2F%3Ffrom%3D%2Fblog%2Ftype%2F18%2F HTTP/1.1" 200 3799 "-" "Mozilla/5.0 (compatible; SemrushBot/6~bl; +http://www.semrush.com/bot.html)"
46.229.168.132 - - [06/Dec/2019:09:11:35 +0800] "GET /user/register/?from=%2Fuser%2Fregister%2F%3Ffrom%3D%2Fuser%2Fregister%2F%3Ffrom%3D%2Fuser%2Flogin%2F%3Ffrom%3D%2Fuser%2Fregister%2F%3Ffrom%3D%2Fuser%2Flogin%2F%3Ffrom%3D%2Fuser%2Flogin%2F%3Ffrom%3D%2Fuser%2Fregister%2F%3Ffrom%3D%2Fuser%2Fregister%2F%3Ffrom%3D%2Fuser%2Flogin%2F%3Ffrom%3D%2Fuser%2Fregister%2F%3Ffrom%3D%2Fuser%2Fregister%2F%3Ffrom%3D%2Fuser%2Fregister%2F%3Ffrom%3D%2Fblog%2F82%2F HTTP/1.1" 200 4163 "-" "Mozilla/5.0 (compatible; SemrushBot/6~bl; +http://www.semrush.com/bot.html)"
46.229.168.132 - - [06/Dec/2019:09:12:53 +0800] "GET /user/login/?from=%2Fuser%2Flogin%2F%3Ffrom%3D%2Fuser%2Flogin%2F%3Ffrom%3D%2Fuser%2Fregister%2F%3Ffrom%3D%2Fuser%2Fregister%2F%3Ffrom%3D%2Fuser%2Fregister%2F%3Ffrom%3D%2Fuser%2Flogin%2F%3Ffrom%3D%2Fuser%2Fregister%2F%3Ffrom%3D%2Fuser%2Fregister%2F%3Ffrom%3D%2Fblog%2F38%2F HTTP/1.1" 200 3804 "-" "Mozilla/5.0 (compatible; SemrushBot/6~bl; +http://www.semrush.com/bot.html)"
46.229.168.138 - - [06/Dec/2019:09:13:31 +0800] "GET /user/register/?from=%2Fuser%2Flogin%2F%3Ffrom%3D%2Fuser%2Fregister%2F%3Ffrom%3D%2Fuser%2Fregister%2F%3Ffrom%3D%2Fuser%2Flogin%2F%3Ffrom%3D%2Fuser%2Flogin%2F%3Ffrom%3D%2Fuser%2Flogin%2F%3Ffrom%3D%2Fuser%2Flogin%2F%3Ffrom%3D%2Fuser%2Flogin%2F%3Ffrom%3D%2Fblog%2F%3Fpage%3D3 HTTP/1.1" 200 4159 "-" "Mozilla/5.0 (compatible; SemrushBot/6~bl; +http://www.semrush.com/bot.html)"
46.229.168.129 - - [06/Dec/2019:09:13:44 +0800] "GET /user/register/?from=%2Fuser%2Fregister%2F%3Ffrom%3D%2Fuser%2Flogin%2F%3Ffrom%3D%2Fuser%2Fregister%2F%3Ffrom%3D%2Fuser%2Flogin%2F%3Ffrom%3D%2Fuser%2Flogin%2F%3Ffrom%3D%2Fuser%2Flogin%2F%3Ffrom%3D%2Fuser%2Flogin%2F%3Ffrom%3D%2Fuser%2Fregister%2F%3Ffrom%3D%2Fuser%2Fregister%2F%3Ffrom%3D%2Fuser%2Fregister%2F%3Ffrom%3D%2Fblog%2F50%2F HTTP/1.1" 200 4157 "-" "Mozilla/5.0 (compatible; SemrushBot/6~bl; +http://www.semrush.com/bot.html)"
46.229.168.145 - - [06/Dec/2019:09:13:54 +0800] "GET /user/login/?from=%2Fuser%2Fregister%2F%3Ffrom%3D%2Fuser%2Flogin%2F%3Ffrom%3D%2Fuser%2Fregister%2F%3Ffrom%3D%2Fuser%2Flogin%2F%3Ffrom%3D%2Fuser%2Flogin%2F%3Ffrom%3D%2Fuser%2Fregister%2F%3Ffrom%3D%2Fuser%2Flogin%2F%3Ffrom%3D%2Fuser%2Fregister%2F%3Ffrom%3D%2Fuser%2Flogin%2F%3Ffrom%3D%2Fblog%2Ftag%2F12%2F HTTP/1.1" 200 3811 "-" "Mozilla/5.0 (compatible; SemrushBot/6~bl; +http://www.semrush.com/bot.html)"
46.229.168.132 - - [06/Dec/2019:09:14:09 +0800] "GET /user/login/?from=%2Fuser%2Fregister%2F%3Ffrom%3D%2Fuser%2Fregister%2F%3Ffrom%3D%2Fuser%2Flogin%2F%3Ffrom%3D%2Fuser%2Flogin%2F%3Ffrom%3D%2Fuser%2Fregister%2F%3Ffrom%3D%2Fuser%2Fregister%2F%3Ffrom%3D%2Fuser%2Fregister%2F%3Ffrom%3D%2Fuser%2Flogin%2F%3Ffrom%3D%2Fuser%2Flogin%2F%3Ffrom%3D%2Fblog%2F106%2F HTTP/1.1" 200 3805 "-" "Mozilla/5.0 (compatible; SemrushBot/6~bl; +http://www.semrush.com/bot.html)"
46.229.168.130 - - [06/Dec/2019:09:14:40 +0800] "GET /user/login/?from=%2Fuser%2Flogin%2F%3Ffrom%3D%2Fuser%2Fregister%2F%3Ffrom%3D%2Fuser%2Fregister%2F%3Ffrom%3D%2Fuser%2Fregister%2F%3Ffrom%3D%2Fuser%2Fregister%2F%3Ffrom%3D%2Fuser%2Flogin%2F%3Ffrom%3D%2Fuser%2Flogin%2F%3Ffrom%3D%2Fuser%2Flogin%2F%3Ffrom%3D%2Fuser%2Flogin%2F%3Ffrom%3D%2Fuser%2Fregister%2F%3Ffrom%3D%2Fblog%2F107%2F HTTP/1.1" 200 3810 "-" "Mozilla/5.0 (compatible; SemrushBot/6~bl; +http://www.semrush.com/bot.html)"
46.229.168.163 - - [06/Dec/2019:09:15:38 +0800] "GET /user/login/?from=%2Fuser%2Flogin%2F%3Ffrom%3D%2Fuser%2Flogin%2F%3Ffrom%3D%2Fuser%2Flogin%2F%3Ffrom%3D%2Fuser%2Fregister%2F%3Ffrom%3D%2Fuser%2Fregister%2F%3Ffrom%3D%2Fuser%2Flogin%2F%3Ffrom%3D%2Fuser%2Flogin%2F%3Ffrom%3D%2Fblog%2Ftype%2F19%2F HTTP/1.1" 200 3808 "-" "Mozilla/5.0 (compatible; SemrushBot/6~bl; +http://www.semrush.com/bot.html)"
46.229.168.139 - - [06/Dec/2019:09:15:43 +0800] "GET /user/login/?from=%2Fuser%2Fregister%2F%3Ffrom%3D%2Fuser%2Flogin%2F%3Ffrom%3D%2Fuser%2Fregister%2F%3Ffrom%3D%2Fuser%2Fregister%2F%3Ffrom%3D%2Fuser%2Flogin%2F%3Ffrom%3D%2Fuser%2Fregister%2F%3Ffrom%3D%2Fuser%2Fregister%2F%3Ffrom%3D%2Fblog%2Ftype%2F19%2F HTTP/1.1" 200 3808 "-" "Mozilla/5.0 (compatible; SemrushBot/6~bl; +http://www.semrush.com/bot.html)"
46.229.168.134 - - [06/Dec/2019:09:17:29 +0800] "GET /user/register/?from=%2Fuser%2Fregister%2F%3Ffrom%3D%2Fuser%2Fregister%2F%3Ffrom%3D%2Fuser%2Fregister%2F%3Ffrom%3D%2Fuser%2Flogin%2F%3Ffrom%3D%2Fuser%2Fregister%2F%3Ffrom%3D%2Fuser%2Fregister%2F%3Ffrom%3D%2Fuser%2Flogin%2F%3Ffrom%3D%2Fuser%2Fregister%2F%3Ffrom%3D%2Fuser%2Fregister%2F%3Ffrom%3D%2Fblog%2F108%2F HTTP/1.1" 200 4158 "-" "Mozilla/5.0 (compatible; SemrushBot/6~bl; +http://www.semrush.com/bot.html)"
46.229.168.138 - - [06/Dec/2019:09:18:32 +0800] "GET /robots.txt HTTP/1.1" 404 3465 "-" "Mozilla/5.0 (compatible; SemrushBot/6~bl; +http://www.semrush.com/bot.html)"
46.229.168.141 - - [06/Dec/2019:09:18:32 +0800] "GET /user/register/?from=%2Fuser%2Fregister%2F%3Ffrom%3D%2Fuser%2Flogin%2F%3Ffrom%3D%2Fuser%2Flogin%2F%3Ffrom%3D%2Fuser%2Flogin%2F%3Ffrom%3D%2Fuser%2Flogin%2F%3Ffrom%3D%2Fuser%2Fregister%2F%3Ffrom%3D%2Fuser%2Fregister%2F%3Ffrom%3D%2Fuser%2Flogin%2F%3Ffrom%3D%2Fblog%2F101%2F HTTP/1.1" 200 4157 "-" "Mozilla/5.0 (compatible; SemrushBot/6~bl; +http://www.semrush.com/bot.html)"
46.229.168.153 - - [06/Dec/2019:09:19:24 +0800] "GET /user/login/?from=%2Fuser%2Flogin%2F%3Ffrom%3D%2Fuser%2Fregister%2F%3Ffrom%3D%2Fuser%2Fregister%2F%3Ffrom%3D%2Fuser%2Fregister%2F%3Ffrom%3D%2Fuser%2Fregister%2F%3Ffrom%3D%2Fuser%2Flogin%2F%3Ffrom%3D%2Fuser%2Fregister%2F%3Ffrom%3D%2Fuser%2Flogin%2F%3Ffrom%3D%2Fuser%2Flogin%2F%3Ffrom%3D%2Fblog%2F97%2F HTTP/1.1" 200 3809 "-" "Mozilla/5.0 (compatible; SemrushBot/6~bl; +http://www.semrush.com/bot.html)"
46.229.168.153 - - [06/Dec/2019:09:19:29 +0800] "GET /user/login/?from=%2Fuser%2Flogin%2F%3Ffrom%3D%2Fuser%2Fregister%2F%3Ffrom%3D%2Fuser%2Fregister%2F%3Ffrom%3D%2Fuser%2Flogin%2F%3Ffrom%3D%2Fuser%2Fregister%2F%3Ffrom%3D%2Fuser%2Fregister%2F%3Ffrom%3D%2Fuser%2Flogin%2F%3Ffrom%3D%2Fuser%2Fregister%2F%3Ffrom%3D%2Fuser%2Flogin%2F%3Ffrom%3D%2Fblog%2F100%2F HTTP/1.1" 200 3807 "-" "Mozilla/5.0 (compatible; SemrushBot/6~bl; +http://www.semrush.com/bot.html)"
46.229.168.152 - - [06/Dec/2019:09:19:58 +0800] "GET /user/register/?from=%2Fuser%2Fregister%2F%3Ffrom%3D%2Fuser%2Fregister%2F%3Ffrom%3D%2Fuser%2Fregister%2F%3Ffrom%3D%2Fuser%2Fregister%2F%3Ffrom%3D%2Fuser%2Flogin%2F%3Ffrom%3D%2Fuser%2Flogin%2F%3Ffrom%3D%2Fuser%2Fregister%2F%3Ffrom%3D%2Fblog%2F107%2F HTTP/1.1" 200 4157 "-" "Mozilla/5.0 (compatible; SemrushBot/6~bl; +http://www.semrush.com/bot.html)"
46.229.168.132 - - [06/Dec/2019:09:20:42 +0800] "GET /user/register/?from=%2Fuser%2Fregister%2F%3Ffrom%3D%2Fuser%2Flogin%2F%3Ffrom%3D%2Fuser%2Fregister%2F%3Ffrom%3D%2Fuser%2Flogin%2F%3Ffrom%3D%2Fuser%2Fregister%2F%3Ffrom%3D%2Fuser%2Flogin%2F%3Ffrom%3D%2Fuser%2Flogin%2F%3Ffrom%3D%2Fuser%2Fregister%2F%3Ffrom%3D%2Fblog%2Fdate%2F2018%2F12%3Fpage%3D3 HTTP/1.1" 200 4170 "-" "Mozilla/5.0 (compatible; SemrushBot/6~bl; +http://www.semrush.com/bot.html)"
46.229.168.134 - - [06/Dec/2019:09:21:24 +0800] "GET /user/login/?from=%2Fuser%2Fregister%2F%3Ffrom%3D%2Fuser%2Fregister%2F%3Ffrom%3D%2Fuser%2Flogin%2F%3Ffrom%3D%2Fuser%2Fregister%2F%3Ffrom%3D%2Fuser%2Fregister%2F%3Ffrom%3D%2Fuser%2Flogin%2F%3Ffrom%3D%2Fuser%2Fregister%2F%3Ffrom%3D%2Fuser%2Flogin%2F%3Ffrom%3D%2Fblog%2Ftag%2F9%2F%3Fpage%3D2 HTTP/1.1" 200 3810 "-" "Mozilla/5.0 (compatible; SemrushBot/6~bl; +http://www.semrush.com/bot.html)"
46.229.168.150 - - [06/Dec/2019:09:21:29 +0800] "GET /user/login/?from=%2Fuser%2Flogin%2F%3Ffrom%3D%2Fuser%2Fregister%2F%3Ffrom%3D%2Fblog%2F43%2F HTTP/1.1" 200 3794 "-" "Mozilla/5.0 (compatible; SemrushBot/6~bl; +http://www.semrush.com/bot.html)"
46.229.168.132 - - [06/Dec/2019:09:23:57 +0800] "GET /user/login/?from=%2Fuser%2Flogin%2F%3Ffrom%3D%2Fuser%2Flogin%2F%3Ffrom%3D%2Fuser%2Fregister%2F%3Ffrom%3D%2Fuser%2Fregister%2F%3Ffrom%3D%2Fuser%2Fregister%2F%3Ffrom%3D%2Fuser%2Fregister%2F%3Ffrom%3D%2Fblog%2Fdate%2F2019%2F5 HTTP/1.1" 200 3809 "-" "Mozilla/5.0 (compatible; SemrushBot/6~bl; +http://www.semrush.com/bot.html)"
46.229.168.130 - - [06/Dec/2019:09:24:27 +0800] "GET /user/register/?from=%2Fuser%2Flogin%2F%3Ffrom%3D%2Fuser%2Flogin%2F%3Ffrom%3D%2Fuser%2Fregister%2F%3Ffrom%3D%2Fuser%2Fregister%2F%3Ffrom%3D%2Fuser%2Flogin%2F%3Ffrom%3D%2Fblog%2Fdate%2F2018%2F11 HTTP/1.1" 200 4163 "-" "Mozilla/5.0 (compatible; SemrushBot/6~bl; +http://www.semrush.com/bot.html)"
46.229.168.148 - - [06/Dec/2019:09:25:01 +0800] "GET /user/register/?from=%2Fuser%2Flogin%2F%3Ffrom%3D%2Fuser%2Flogin%2F%3Ffrom%3D%2Fuser%2Flogin%2F%3Ffrom%3D%2Fuser%2Fregister%2F%3Ffrom%3D%2Fuser%2Flogin%2F%3Ffrom%3D%2Fuser%2Fregister%2F%3Ffrom%3D%2Fblog%2F48%2F HTTP/1.1" 200 4151 "-" "Mozilla/5.0 (compatible; SemrushBot/6~bl; +http://www.semrush.com/bot.html)"
46.229.168.147 - - [06/Dec/2019:09:25:10 +0800] "GET /user/login/?from=%2Fuser%2Flogin%2F%3Ffrom%3D%2Fuser%2Fregister%2F%3Ffrom%3D%2Fuser%2Fregister%2F%3Ffrom%3D%2Fuser%2Flogin%2F%3Ffrom%3D%2Fuser%2Fregister%2F%3Ffrom%3D%2Fuser%2Fregister%2F%3Ffrom%3D%2Fuser%2Flogin%2F%3Ffrom%3D%2Fuser%2Flogin%2F%3Ffrom%3D%2Fuser%2Fregister%2F%3Ffrom%3D%2Fblog%2F79%2F HTTP/1.1" 200 3804 "-" "Mozilla/5.0 (compatible; SemrushBot/6~bl; +http://www.semrush.com/bot.html)"
46.229.168.139 - - [06/Dec/2019:09:25:46 +0800] "GET /blog/95/ HTTP/1.1" 200 9259 "-" "Mozilla/5.0 (compatible; SemrushBot/6~bl; +http://www.semrush.com/bot.html)"
46.229.168.148 - - [06/Dec/2019:09:26:27 +0800] "GET /user/login/?from=%2Fuser%2Fregister%2F%3Ffrom%3D%2Fuser%2Fregister%2F%3Ffrom%3D%2Fuser%2Flogin%2F%3Ffrom%3D%2Fuser%2Fregister%2F%3Ffrom%3D%2Fuser%2Flogin%2F%3Ffrom%3D%2Fuser%2Flogin%2F%3Ffrom%3D%2Fuser%2Flogin%2F%3Ffrom%3D%2Fuser%2Flogin%2F%3Ffrom%3D%2Fblog%2Ftype%2F11%2F HTTP/1.1" 200 3806 "-" "Mozilla/5.0 (compatible; SemrushBot/6~bl; +http://www.semrush.com/bot.html)"
46.229.168.142 - - [06/Dec/2019:09:27:15 +0800] "GET /user/register/?from=%2Fuser%2Fregister%2F%3Ffrom%3D%2Fuser%2Fregister%2F%3Ffrom%3D%2Fuser%2Fregister%2F%3Ffrom%3D%2Fuser%2Fregister%2F%3Ffrom%3D%2Fuser%2Flogin%2F%3Ffrom%3D%2Fuser%2Flogin%2F%3Ffrom%3D%2Fblog%2F106%2F HTTP/1.1" 200 4151 "-" "Mozilla/5.0 (compatible; SemrushBot/6~bl; +http://www.semrush.com/bot.html)"
46.229.168.146 - - [06/Dec/2019:09:27:17 +0800] "GET /user/login/?from=%2Fuser%2Fregister%2F%3Ffrom%3D%2Fuser%2Flogin%2F%3Ffrom%3D%2Fuser%2Flogin%2F%3Ffrom%3D%2Fuser%2Flogin%2F%3Ffrom%3D%2Fuser%2Fregister%2F%3Ffrom%3D%2Fuser%2Fregister%2F%3Ffrom%3D%2Fuser%2Fregister%2F%3Ffrom%3D%2Fuser%2Fregister%2F%3Ffrom%3D%2Fuser%2Flogin%2F%3Ffrom%3D%2Fblog%2F98%2F HTTP/1.1" 200 3806 "-" "Mozilla/5.0 (compatible; SemrushBot/6~bl; +http://www.semrush.com/bot.html)"
46.229.168.145 - - [06/Dec/2019:09:29:20 +0800] "GET /user/login/?from=%2Fuser%2Fregister%2F%3Ffrom%3D%2Fuser%2Fregister%2F%3Ffrom%3D%2Fuser%2Fregister%2F%3Ffrom%3D%2Fuser%2Fregister%2F%3Ffrom%3D%2Fuser%2Fregister%2F%3Ffrom%3D%2Fuser%2Flogin%2F%3Ffrom%3D%2Fuser%2Flogin%2F%3Ffrom%3D%2Fuser%2Fregister%2F%3Ffrom%3D%2Fblog%2F%3Fpage%3D3 HTTP/1.1" 200 3802 "-" "Mozilla/5.0 (compatible; SemrushBot/6~bl; +http://www.semrush.com/bot.html)"
93.158.166.6 - - [06/Dec/2019:09:29:30 +0800] "GET /robots.txt HTTP/1.1" 404 12336 "-" "Mozilla/5.0 (compatible; YandexBot/3.0; +http://yandex.com/bots)"
93.158.166.6 - - [06/Dec/2019:09:29:34 +0800] "GET /blog/tag/25/ HTTP/1.1" 200 6007 "-" "Mozilla/5.0 (compatible; YandexBot/3.0; +http://yandex.com/bots)"
46.229.168.136 - - [06/Dec/2019:09:29:50 +0800] "GET /user/login/?from=%2Fuser%2Fregister%2F%3Ffrom%3D%2Fuser%2Fregister%2F%3Ffrom%3D%2Fuser%2Flogin%2F%3Ffrom%3D%2Fuser%2Flogin%2F%3Ffrom%3D%2Fuser%2Fregister%2F%3Ffrom%3D%2Fuser%2Fregister%2F%3Ffrom%3D%2Fuser%2Flogin%2F%3Ffrom%3D%2Fuser%2Fregister%2F%3Ffrom%3D%2Fuser%2Fregister%2F%3Ffrom%3D%2Fuser%2Flogin%2F%3Ffrom%3D%2Fblog%2F97%2F HTTP/1.1" 200 3804 "-" "Mozilla/5.0 (compatible; SemrushBot/6~bl; +http://www.semrush.com/bot.html)"
46.229.168.149 - - [06/Dec/2019:09:30:06 +0800] "GET /user/register/?from=%2Fuser%2Fregister%2F%3Ffrom%3D%2Fuser%2Fregister%2F%3Ffrom%3D%2Fuser%2Fregister%2F%3Ffrom%3D%2Fuser%2Fregister%2F%3Ffrom%3D%2Fuser%2Flogin%2F%3Ffrom%3D%2Fuser%2Fregister%2F%3Ffrom%3D%2Fuser%2Flogin%2F%3Ffrom%3D%2Fuser%2Flogin%2F%3Ffrom%3D%2Fblog%2F80%2F HTTP/1.1" 200 4156 "-" "Mozilla/5.0 (compatible; SemrushBot/6~bl; +http://www.semrush.com/bot.html)"
46.229.168.140 - - [06/Dec/2019:09:30:11 +0800] "GET /user/login/?from=%2Fuser%2Flogin%2F%3Ffrom%3D%2Fuser%2Flogin%2F%3Ffrom%3D%2Fuser%2Flogin%2F%3Ffrom%3D%2Fuser%2Fregister%2F%3Ffrom%3D%2Fuser%2Flogin%2F%3Ffrom%3D%2Fuser%2Fregister%2F%3Ffrom%3D%2Fuser%2Flogin%2F%3Ffrom%3D%2Fuser%2Flogin%2F%3Ffrom%3D%2Fuser%2Fregister%2F%3Ffrom%3D%2Fuser%2Flogin%2F%3Ffrom%3D%2Fblog%2F54%2F HTTP/1.1" 200 3805 "-" "Mozilla/5.0 (compatible; SemrushBot/6~bl; +http://www.semrush.com/bot.html)"
46.229.168.161 - - [06/Dec/2019:09:31:14 +0800] "GET /user/login/?from=%2Fuser%2Flogin%2F%3Ffrom%3D%2Fuser%2Flogin%2F%3Ffrom%3D%2Fuser%2Fregister%2F%3Ffrom%3D%2Fuser%2Fregister%2F%3Ffrom%3D%2Fuser%2Fregister%2F%3Ffrom%3D%2Fuser%2Flogin%2F%3Ffrom%3D%2Fuser%2Flogin%2F%3Ffrom%3D%2Fblog%2F83%2F HTTP/1.1" 200 3803 "-" "Mozilla/5.0 (compatible; SemrushBot/6~bl; +http://www.semrush.com/bot.html)"
46.229.168.143 - - [06/Dec/2019:09:31:27 +0800] "GET /user/login/?from=%2Fuser%2Fregister%2F%3Ffrom%3D%2Fuser%2Flogin%2F%3Ffrom%3D%2Fuser%2Flogin%2F%3Ffrom%3D%2Fuser%2Flogin%2F%3Ffrom%3D%2Fuser%2Fregister%2F%3Ffrom%3D%2Fuser%2Flogin%2F%3Ffrom%3D%2Fuser%2Flogin%2F%3Ffrom%3D%2Fblog%2Ftag%2F24%2F HTTP/1.1" 200 3808 "-" "Mozilla/5.0 (compatible; SemrushBot/6~bl; +http://www.semrush.com/bot.html)"
46.229.168.133 - - [06/Dec/2019:09:32:29 +0800] "GET /user/login/?from=%2Fuser%2Fregister%2F%3Ffrom%3D%2Fuser%2Fregister%2F%3Ffrom%3D%2Fuser%2Flogin%2F%3Ffrom%3D%2Fuser%2Fregister%2F%3Ffrom%3D%2Fuser%2Fregister%2F%3Ffrom%3D%2Fblog%2Ftype%2F6%2F%3Fpage%3D2 HTTP/1.1" 200 3808 "-" "Mozilla/5.0 (compatible; SemrushBot/6~bl; +http://www.semrush.com/bot.html)"
46.229.168.146 - - [06/Dec/2019:09:33:10 +0800] "GET /user/login/?from=%2Fuser%2Fregister%2F%3Ffrom%3D%2Fuser%2Flogin%2F%3Ffrom%3D%2Fuser%2Fregister%2F%3Ffrom%3D%2Fuser%2Flogin%2F%3Ffrom%3D%2Fuser%2Fregister%2F%3Ffrom%3D%2Fuser%2Flogin%2F%3Ffrom%3D%2Fuser%2Fregister%2F%3Ffrom%3D%2Fuser%2Fregister%2F%3Ffrom%3D%2Fblog%2Ftag%2F20%2F HTTP/1.1" 200 3804 "-" "Mozilla/5.0 (compatible; SemrushBot/6~bl; +http://www.semrush.com/bot.html)"
46.229.168.129 - - [06/Dec/2019:09:33:47 +0800] "GET /user/login/?from=%2Fuser%2Flogin%2F%3Ffrom%3D%2Fuser%2Fregister%2F%3Ffrom%3D%2Fuser%2Fregister%2F%3Ffrom%3D%2Fuser%2Fregister%2F%3Ffrom%3D%2Fuser%2Flogin%2F%3Ffrom%3D%2Fuser%2Fregister%2F%3Ffrom%3D%2Fuser%2Flogin%2F%3Ffrom%3D%2Fblog%2F105%2F HTTP/1.1" 200 3808 "-" "Mozilla/5.0 (compatible; SemrushBot/6~bl; +http://www.semrush.com/bot.html)"
46.229.168.152 - - [06/Dec/2019:09:34:04 +0800] "GET /user/login/?from=%2Fuser%2Fregister%2F%3Ffrom%3D%2Fuser%2Flogin%2F%3Ffrom%3D%2Fuser%2Flogin%2F%3Ffrom%3D%2Fuser%2Flogin%2F%3Ffrom%3D%2Fuser%2Flogin%2F%3Ffrom%3D%2Fuser%2Fregister%2F%3Ffrom%3D%2Fuser%2Flogin%2F%3Ffrom%3D%2Fblog%2F105%2F HTTP/1.1" 200 3800 "-" "Mozilla/5.0 (compatible; SemrushBot/6~bl; +http://www.semrush.com/bot.html)"
182.254.52.17 - - [06/Dec/2019:09:34:13 +0800] "GET http://118.89.201.253//login.action HTTP/1.1" 404 152 "-" "Go-http-client/1.1"
46.229.168.146 - - [06/Dec/2019:09:35:43 +0800] "GET /user/register/?from=%2Fuser%2Fregister%2F%3Ffrom%3D%2Fuser%2Fregister%2F%3Ffrom%3D%2Fuser%2Fregister%2F%3Ffrom%3D%2Fuser%2Fregister%2F%3Ffrom%3D%2Fuser%2Fregister%2F%3Ffrom%3D%2Fuser%2Fregister%2F%3Ffrom%3D%2Fuser%2Fregister%2F%3Ffrom%3D%2Fuser%2Flogin%2F%3Ffrom%3D%2Fblog%2F49%2F HTTP/1.1" 200 4158 "-" "Mozilla/5.0 (compatible; SemrushBot/6~bl; +http://www.semrush.com/bot.html)"
46.229.168.140 - - [06/Dec/2019:09:35:45 +0800] "GET /user/login/?from=%2Fuser%2Fregister%2F%3Ffrom%3D%2Fuser%2Fregister%2F%3Ffrom%3D%2Fuser%2Fregister%2F%3Ffrom%3D%2Fuser%2Fregister%2F%3Ffrom%3D%2Fuser%2Fregister%2F%3Ffrom%3D%2Fuser%2Flogin%2F%3Ffrom%3D%2Fuser%2Flogin%2F%3Ffrom%3D%2Fuser%2Fregister%2F%3Ffrom%3D%2Fuser%2Fregister%2F%3Ffrom%3D%2Fuser%2Fregister%2F%3Ffrom%3D%2Fuser%2Fregister%2F%3Ffrom%3D%2Fblog%2F39%2F HTTP/1.1" 200 3801 "-" "Mozilla/5.0 (compatible; SemrushBot/6~bl; +http://www.semrush.com/bot.html)"
46.229.168.147 - - [06/Dec/2019:09:35:49 +0800] "GET /robots.txt HTTP/1.1" 404 3462 "-" "Mozilla/5.0 (compatible; SemrushBot/6~bl; +http://www.semrush.com/bot.html)"
46.229.168.163 - - [06/Dec/2019:09:35:50 +0800] "GET /user/login/?from=%2Fuser%2Flogin%2F%3Ffrom%3D%2Fuser%2Flogin%2F%3Ffrom%3D%2Fuser%2Fregister%2F%3Ffrom%3D%2Fuser%2Fregister%2F%3Ffrom%3D%2Fuser%2Fregister%2F%3Ffrom%3D%2Fblog%2Fdate%2F2019%2F1 HTTP/1.1" 200 3809 "-" "Mozilla/5.0 (compatible; SemrushBot/6~bl; +http://www.semrush.com/bot.html)"
46.229.168.135 - - [06/Dec/2019:09:35:58 +0800] "GET /user/register/?from=%2Fuser%2Fregister%2F%3Ffrom%3D%2Fuser%2Fregister%2F%3Ffrom%3D%2Fuser%2Flogin%2F%3Ffrom%3D%2Fuser%2Fregister%2F%3Ffrom%3D%2Fuser%2Flogin%2F%3Ffrom%3D%2Fuser%2Fregister%2F%3Ffrom%3D%2Fuser%2Flogin%2F%3Ffrom%3D%2Fuser%2Fregister%2F%3Ffrom%3D%2Fuser%2Fregister%2F%3Ffrom%3D%2Fuser%2Flogin%2F%3Ffrom%3D%2Fblog%2Ftag%2F4%2F HTTP/1.1" 200 4161 "-" "Mozilla/5.0 (compatible; SemrushBot/6~bl; +http://www.semrush.com/bot.html)"
46.229.168.137 - - [06/Dec/2019:09:36:09 +0800] "GET /user/login/?from=%2Fuser%2Fregister%2F%3Ffrom%3D%2Fuser%2Fregister%2F%3Ffrom%3D%2Fuser%2Fregister%2F%3Ffrom%3D%2Fuser%2Fregister%2F%3Ffrom%3D%2Fuser%2Fregister%2F%3Ffrom%3D%2Fblog%2Ftag%2F3%2F HTTP/1.1" 200 3793 "-" "Mozilla/5.0 (compatible; SemrushBot/6~bl; +http://www.semrush.com/bot.html)"
46.229.168.147 - - [06/Dec/2019:09:36:18 +0800] "GET /user/login/?from=%2Fuser%2Fregister%2F%3Ffrom%3D%2Fuser%2Fregister%2F%3Ffrom%3D%2Fuser%2Fregister%2F%3Ffrom%3D%2Fuser%2Fregister%2F%3Ffrom%3D%2Fuser%2Flogin%2F%3Ffrom%3D%2Fuser%2Fregister%2F%3Ffrom%3D%2Fuser%2Fregister%2F%3Ffrom%3D%2Fuser%2Flogin%2F%3Ffrom%3D%2Fuser%2Flogin%2F%3Ffrom%3D%2Fblog%2F84%2F HTTP/1.1" 200 3802 "-" "Mozilla/5.0 (compatible; SemrushBot/6~bl; +http://www.semrush.com/bot.html)"
46.229.168.148 - - [06/Dec/2019:09:36:37 +0800] "GET /user/login/?from=%2Fuser%2Fregister%2F%3Ffrom%3D%2Fuser%2Fregister%2F%3Ffrom%3D%2Fuser%2Flogin%2F%3Ffrom%3D%2Fuser%2Fregister%2F%3Ffrom%3D%2Fuser%2Flogin%2F%3Ffrom%3D%2Fuser%2Fregister%2F%3Ffrom%3D%2Fuser%2Flogin%2F%3Ffrom%3D%2Fuser%2Fregister%2F%3Ffrom%3D%2Fblog%2F85%2F HTTP/1.1" 200 3803 "-" "Mozilla/5.0 (compatible; SemrushBot/6~bl; +http://www.semrush.com/bot.html)"
46.229.168.149 - - [06/Dec/2019:09:37:14 +0800] "GET /user/register/?from=%2Fuser%2Fregister%2F%3Ffrom%3D%2Fuser%2Fregister%2F%3Ffrom%3D%2Fuser%2Flogin%2F%3Ffrom%3D%2Fuser%2Flogin%2F%3Ffrom%3D%2Fuser%2Flogin%2F%3Ffrom%3D%2Fuser%2Fregister%2F%3Ffrom%3D%2Fuser%2Fregister%2F%3Ffrom%3D%2Fblog%2F101%2F HTTP/1.1" 200 4152 "-" "Mozilla/5.0 (compatible; SemrushBot/6~bl; +http://www.semrush.com/bot.html)"
46.229.168.142 - - [06/Dec/2019:09:38:20 +0800] "GET /user/register/?from=%2Fuser%2Flogin%2F%3Ffrom%3D%2Fuser%2Fregister%2F%3Ffrom%3D%2Fuser%2Fregister%2F%3Ffrom%3D%2Fuser%2Fregister%2F%3Ffrom%3D%2Fuser%2Flogin%2F%3Ffrom%3D%2Fuser%2Flogin%2F%3Ffrom%3D%2Fuser%2Fregister%2F%3Ffrom%3D%2Fuser%2Flogin%2F%3Ffrom%3D%2Fuser%2Fregister%2F%3Ffrom%3D%2Fuser%2Flogin%2F%3Ffrom%3D%2Fblog%2Ftag%2F27%2F HTTP/1.1" 200 4168 "-" "Mozilla/5.0 (compatible; SemrushBot/6~bl; +http://www.semrush.com/bot.html)"
46.229.168.154 - - [06/Dec/2019:09:38:45 +0800] "GET /user/register/?from=%2Fuser%2Flogin%2F%3Ffrom%3D%2Fuser%2Fregister%2F%3Ffrom%3D%2Fuser%2Fregister%2F%3Ffrom%3D%2Fuser%2Fregister%2F%3Ffrom%3D%2Fblog%2Ftype%2F14%2F HTTP/1.1" 200 4154 "-" "Mozilla/5.0 (compatible; SemrushBot/6~bl; +http://www.semrush.com/bot.html)"
46.229.168.152 - - [06/Dec/2019:09:38:53 +0800] "GET /user/register/?from=%2Fuser%2Flogin%2F%3Ffrom%3D%2Fuser%2Fregister%2F%3Ffrom%3D%2Fuser%2Flogin%2F%3Ffrom%3D%2Fuser%2Flogin%2F%3Ffrom%3D%2Fuser%2Fregister%2F%3Ffrom%3D%2Fuser%2Flogin%2F%3Ffrom%3D%2Fblog%2Ftag%2F30%2F HTTP/1.1" 200 4158 "-" "Mozilla/5.0 (compatible; SemrushBot/6~bl; +http://www.semrush.com/bot.html)"
46.229.168.146 - - [06/Dec/2019:09:39:47 +0800] "GET /user/login/?from=%2Fuser%2Flogin%2F%3Ffrom%3D%2Fuser%2Flogin%2F%3Ffrom%3D%2Fuser%2Flogin%2F%3Ffrom%3D%2Fuser%2Fregister%2F%3Ffrom%3D%2Fuser%2Flogin%2F%3Ffrom%3D%2Fuser%2Flogin%2F%3Ffrom%3D%2Fuser%2Fregister%2F%3Ffrom%3D%2Fuser%2Flogin%2F%3Ffrom%3D%2Fuser%2Fregister%2F%3Ffrom%3D%2Fblog%2F38%2F HTTP/1.1" 200 3806 "-" "Mozilla/5.0 (compatible; SemrushBot/6~bl; +http://www.semrush.com/bot.html)"
46.229.168.150 - - [06/Dec/2019:09:40:50 +0800] "GET /user/register/?from=%2Fuser%2Fregister%2F%3Ffrom%3D%2Fuser%2Flogin%2F%3Ffrom%3D%2Fuser%2Flogin%2F%3Ffrom%3D%2Fuser%2Flogin%2F%3Ffrom%3D%2Fuser%2Fregister%2F%3Ffrom%3D%2Fuser%2Fregister%2F%3Ffrom%3D%2Fblog%2F55%2F HTTP/1.1" 200 4153 "-" "Mozilla/5.0 (compatible; SemrushBot/6~bl; +http://www.semrush.com/bot.html)"
46.229.168.142 - - [06/Dec/2019:09:41:41 +0800] "GET /user/login/?from=%2Fuser%2Fregister%2F%3Ffrom%3D%2Fuser%2Flogin%2F%3Ffrom%3D%2Fuser%2Flogin%2F%3Ffrom%3D%2Fuser%2Flogin%2F%3Ffrom%3D%2Fuser%2Fregister%2F%3Ffrom%3D%2Fuser%2Flogin%2F%3Ffrom%3D%2Fuser%2Fregister%2F%3Ffrom%3D%2Fuser%2Fregister%2F%3Ffrom%3D%2Fuser%2Fregister%2F%3Ffrom%3D%2Fblog%2F95%2F HTTP/1.1" 200 3808 "-" "Mozilla/5.0 (compatible; SemrushBot/6~bl; +http://www.semrush.com/bot.html)"
46.229.168.144 - - [06/Dec/2019:09:42:23 +0800] "GET /user/login/?from=%2Fuser%2Flogin%2F%3Ffrom%3D%2Fuser%2Flogin%2F%3Ffrom%3D%2Fuser%2Flogin%2F%3Ffrom%3D%2Fuser%2Flogin%2F%3Ffrom%3D%2Fuser%2Fregister%2F%3Ffrom%3D%2Fuser%2Fregister%2F%3Ffrom%3D%2Fblog%2F82%2F HTTP/1.1" 200 3801 "-" "Mozilla/5.0 (compatible; SemrushBot/6~bl; +http://www.semrush.com/bot.html)"
46.229.168.153 - - [06/Dec/2019:09:43:07 +0800] "GET /user/login/?from=%2Fuser%2Fregister%2F%3Ffrom%3D%2Fuser%2Fregister%2F%3Ffrom%3D%2Fuser%2Flogin%2F%3Ffrom%3D%2Fuser%2Fregister%2F%3Ffrom%3D%2Fuser%2Flogin%2F%3Ffrom%3D%2Fuser%2Fregister%2F%3Ffrom%3D%2Fuser%2Fregister%2F%3Ffrom%3D%2Fuser%2Fregister%2F%3Ffrom%3D%2Fuser%2Fregister%2F%3Ffrom%3D%2Fblog%2F84%2F HTTP/1.1" 200 3805 "-" "Mozilla/5.0 (compatible; SemrushBot/6~bl; +http://www.semrush.com/bot.html)"
183.3.255.16 - - [06/Dec/2019:09:43:21 +0800] "GET /media/uploads/2018/11/29/image_HJABe63.png HTTP/1.1" 404 178 "-" "-"
46.229.168.146 - - [06/Dec/2019:09:43:41 +0800] "GET /user/login/?from=%2Fuser%2Flogin%2F%3Ffrom%3D%2Fuser%2Flogin%2F%3Ffrom%3D%2Fuser%2Flogin%2F%3Ffrom%3D%2Fuser%2Fregister%2F%3Ffrom%3D%2Fuser%2Flogin%2F%3Ffrom%3D%2Fuser%2Fregister%2F%3Ffrom%3D%2Fblog%2F64%2F HTTP/1.1" 200 3801 "-" "Mozilla/5.0 (compatible; SemrushBot/6~bl; +http://www.semrush.com/bot.html)"
46.229.168.137 - - [06/Dec/2019:09:43:44 +0800] "GET /user/register/?from=%2Fuser%2Fregister%2F%3Ffrom%3D%2Fuser%2Flogin%2F%3Ffrom%3D%2Fuser%2Fregister%2F%3Ffrom%3D%2Fuser%2Fregister%2F%3Ffrom%3D%2Fuser%2Fregister%2F%3Ffrom%3D%2Fuser%2Fregister%2F%3Ffrom%3D%2Fuser%2Flogin%2F%3Ffrom%3D%2Fblog%2Ftype%2F6%2F HTTP/1.1" 200 4161 "-" "Mozilla/5.0 (compatible; SemrushBot/6~bl; +http://www.semrush.com/bot.html)"
46.229.168.146 - - [06/Dec/2019:09:44:03 +0800] "GET /user/register/?from=%2Fuser%2Fregister%2F%3Ffrom%3D%2Fuser%2Flogin%2F%3Ffrom%3D%2Fuser%2Flogin%2F%3Ffrom%3D%2Fuser%2Fregister%2F%3Ffrom%3D%2Fuser%2Flogin%2F%3Ffrom%3D%2Fuser%2Flogin%2F%3Ffrom%3D%2Fuser%2Fregister%2F%3Ffrom%3D%2Fuser%2Fregister%2F%3Ffrom%3D%2Fblog%2Fdate%2F2019%2F3 HTTP/1.1" 200 4164 "-" "Mozilla/5.0 (compatible; SemrushBot/6~bl; +http://www.semrush.com/bot.html)"
46.229.168.129 - - [06/Dec/2019:09:44:40 +0800] "GET /user/register/?from=%2Fuser%2Flogin%2F%3Ffrom%3D%2Fuser%2Flogin%2F%3Ffrom%3D%2Fuser%2Fregister%2F%3Ffrom%3D%2Fuser%2Fregister%2F%3Ffrom%3D%2Fuser%2Flogin%2F%3Ffrom%3D%2Fuser%2Flogin%2F%3Ffrom%3D%2Fuser%2Fregister%2F%3Ffrom%3D%2Fblog%2Ftag%2F32%2F HTTP/1.1" 200 4155 "-" "Mozilla/5.0 (compatible; SemrushBot/6~bl; +http://www.semrush.com/bot.html)"
46.229.168.138 - - [06/Dec/2019:09:44:52 +0800] "GET /user/login/?from=%2Fuser%2Flogin%2F%3Ffrom%3D%2Fuser%2Fregister%2F%3Ffrom%3D%2Fuser%2Fregister%2F%3Ffrom%3D%2Fuser%2Fregister%2F%3Ffrom%3D%2Fuser%2Fregister%2F%3Ffrom%3D%2Fuser%2Fregister%2F%3Ffrom%3D%2Fblog%2Ftag%2F15%2F HTTP/1.1" 200 3802 "-" "Mozilla/5.0 (compatible; SemrushBot/6~bl; +http://www.semrush.com/bot.html)"
46.229.168.163 - - [06/Dec/2019:09:45:29 +0800] "GET /user/login/?from=%2Fuser%2Flogin%2F%3Ffrom%3D%2Fuser%2Fregister%2F%3Ffrom%3D%2Fuser%2Flogin%2F%3Ffrom%3D%2Fuser%2Fregister%2F%3Ffrom%3D%2Fuser%2Fregister%2F%3Ffrom%3D%2Fuser%2Flogin%2F%3Ffrom%3D%2Fblog%2F%3Fpage%3D3 HTTP/1.1" 200 3806 "-" "Mozilla/5.0 (compatible; SemrushBot/6~bl; +http://www.semrush.com/bot.html)"
46.229.168.162 - - [06/Dec/2019:09:45:37 +0800] "GET /user/register/?from=%2Fuser%2Flogin%2F%3Ffrom%3D%2Fuser%2Fregister%2F%3Ffrom%3D%2Fuser%2Flogin%2F%3Ffrom%3D%2Fuser%2Flogin%2F%3Ffrom%3D%2Fuser%2Fregister%2F%3Ffrom%3D%2Fuser%2Flogin%2F%3Ffrom%3D%2Fuser%2Flogin%2F%3Ffrom%3D%2Fuser%2Fregister%2F%3Ffrom%3D%2Fuser%2Fregister%2F%3Ffrom%3D%2Fblog%2Ftype%2F17%2F HTTP/1.1" 200 4161 "-" "Mozilla/5.0 (compatible; SemrushBot/6~bl; +http://www.semrush.com/bot.html)"
46.229.168.154 - - [06/Dec/2019:09:46:21 +0800] "GET /user/register/?from=%2Fuser%2Flogin%2F%3Ffrom%3D%2Fuser%2Fregister%2F%3Ffrom%3D%2Fuser%2Flogin%2F%3Ffrom%3D%2Fuser%2Fregister%2F%3Ffrom%3D%2Fuser%2Flogin%2F%3Ffrom%3D%2Fuser%2Fregister%2F%3Ffrom%3D%2Fuser%2Fregister%2F%3Ffrom%3D%2Fuser%2Fregister%2F%3Ffrom%3D%2Fblog%2Ftag%2F10%2F HTTP/1.1" 200 4158 "-" "Mozilla/5.0 (compatible; SemrushBot/6~bl; +http://www.semrush.com/bot.html)"
46.229.168.145 - - [06/Dec/2019:09:46:31 +0800] "GET /user/register/?from=%2Fuser%2Fregister%2F%3Ffrom%3D%2Fuser%2Fregister%2F%3Ffrom%3D%2Fuser%2Fregister%2F%3Ffrom%3D%2Fuser%2Fregister%2F%3Ffrom%3D%2Fuser%2Fregister%2F%3Ffrom%3D%2Fuser%2Fregister%2F%3Ffrom%3D%2Fuser%2Flogin%2F%3Ffrom%3D%2Fuser%2Fregister%2F%3Ffrom%3D%2Fblog%2Ftag%2F9%2F%3Fpage%3D1 HTTP/1.1" 200 4161 "-" "Mozilla/5.0 (compatible; SemrushBot/6~bl; +http://www.semrush.com/bot.html)"
46.229.168.133 - - [06/Dec/2019:09:48:37 +0800] "GET /user/register/?from=%2Fuser%2Flogin%2F%3Ffrom%3D%2Fuser%2Flogin%2F%3Ffrom%3D%2Fuser%2Flogin%2F%3Ffrom%3D%2Fuser%2Fregister%2F%3Ffrom%3D%2Fuser%2Flogin%2F%3Ffrom%3D%2Fuser%2Fregister%2F%3Ffrom%3D%2Fuser%2Flogin%2F%3Ffrom%3D%2Fuser%2Flogin%2F%3Ffrom%3D%2Fblog%2Ftag%2F6%2F HTTP/1.1" 200 4156 "-" "Mozilla/5.0 (compatible; SemrushBot/6~bl; +http://www.semrush.com/bot.html)"
46.229.168.129 - - [06/Dec/2019:09:48:49 +0800] "GET /user/login/?from=%2Fuser%2Flogin%2F%3Ffrom%3D%2Fuser%2Fregister%2F%3Ffrom%3D%2Fuser%2Fregister%2F%3Ffrom%3D%2Fuser%2Fregister%2F%3Ffrom%3D%2Fuser%2Fregister%2F%3Ffrom%3D%2Fuser%2Fregister%2F%3Ffrom%3D%2Fuser%2Flogin%2F%3Ffrom%3D%2Fuser%2Fregister%2F%3Ffrom%3D%2Fuser%2Flogin%2F%3Ffrom%3D%2Fuser%2Fregister%2F%3Ffrom%3D%2Fblog%2Ftype%2F23%2F HTTP/1.1" 200 3811 "-" "Mozilla/5.0 (compatible; SemrushBot/6~bl; +http://www.semrush.com/bot.html)"
46.229.168.154 - - [06/Dec/2019:09:49:27 +0800] "GET /user/register/?from=%2Fuser%2Fregister%2F%3Ffrom%3D%2Fuser%2Fregister%2F%3Ffrom%3D%2Fuser%2Fregister%2F%3Ffrom%3D%2Fuser%2Fregister%2F%3Ffrom%3D%2Fblog%2Ftag%2F1%2F HTTP/1.1" 200 4142 "-" "Mozilla/5.0 (compatible; SemrushBot/6~bl; +http://www.semrush.com/bot.html)"
46.229.168.141 - - [06/Dec/2019:09:49:53 +0800] "GET /user/login/?from=%2Fuser%2Flogin%2F%3Ffrom%3D%2Fuser%2Fregister%2F%3Ffrom%3D%2Fuser%2Flogin%2F%3Ffrom%3D%2Fuser%2Fregister%2F%3Ffrom%3D%2Fuser%2Fregister%2F%3Ffrom%3D%2Fuser%2Flogin%2F%3Ffrom%3D%2Fuser%2Fregister%2F%3Ffrom%3D%2Fuser%2Flogin%2F%3Ffrom%3D%2Fuser%2Flogin%2F%3Ffrom%3D%2Fblog%2F39%2F HTTP/1.1" 200 3810 "-" "Mozilla/5.0 (compatible; SemrushBot/6~bl; +http://www.semrush.com/bot.html)"
46.229.168.163 - - [06/Dec/2019:09:50:34 +0800] "GET /user/login/?from=%2Fuser%2Flogin%2F%3Ffrom%3D%2Fuser%2Flogin%2F%3Ffrom%3D%2Fuser%2Flogin%2F%3Ffrom%3D%2Fuser%2Flogin%2F%3Ffrom%3D%2Fuser%2Fregister%2F%3Ffrom%3D%2Fuser%2Flogin%2F%3Ffrom%3D%2Fuser%2Flogin%2F%3Ffrom%3D%2Fblog%2F101%2F HTTP/1.1" 200 3801 "-" "Mozilla/5.0 (compatible; SemrushBot/6~bl; +http://www.semrush.com/bot.html)"
46.229.168.140 - - [06/Dec/2019:09:50:36 +0800] "GET /user/login/?from=%2Fuser%2Fregister%2F%3Ffrom%3D%2Fuser%2Flogin%2F%3Ffrom%3D%2Fblog%2F86%2F HTTP/1.1" 200 3794 "-" "Mozilla/5.0 (compatible; SemrushBot/6~bl; +http://www.semrush.com/bot.html)"
46.229.168.143 - - [06/Dec/2019:09:51:53 +0800] "GET /blog/42/ HTTP/1.1" 200 7203 "-" "Mozilla/5.0 (compatible; SemrushBot/6~bl; +http://www.semrush.com/bot.html)"
