46.229.168.148 - - [06/Dec/2019:09:52:25 +0800] "GET /user/login/?from=%2Fuser%2Fregister%2F%3Ffrom%3D%2Fuser%2Fregister%2F%3Ffrom%3D%2Fuser%2Fregister%2F%3Ffrom%3D%2Fuser%2Fregister%2F%3Ffrom%3D%2Fuser%2Fregister%2F%3Ffrom%3D%2Fuser%2Fregister%2F%3Ffrom%3D%2Fuser%2Fregister%2F%3Ffrom%3D%2Fuser%2Flogin%2F%3Ffrom%3D%2Fuser%2Fregister%2F%3Ffrom%3D%2Fuser%2Fregister%2F%3Ffrom%3D%2Fblog%2F41%2F HTTP/1.1" 200 3802 "-" "Mozilla/5.0 (compatible; SemrushBot/6~bl; +http://www.semrush.com/bot.html)"
46.229.168.161 - - [06/Dec/2019:09:53:43 +0800] "GET /robots.txt HTTP/1.1" 404 3469 "-" "Mozilla/5.0 (compatible; SemrushBot/6~bl; +http://www.semrush.com/bot.html)"
46.229.168.148 - - [06/Dec/2019:09:53:43 +0800] "GET /user/register/?from=%2Fuser%2Flogin%2F%3Ffrom%3D%2Fuser%2Flogin%2F%3Ffrom%3D%2Fuser%2Fregister%2F%3Ffrom%3D%2Fuser%2Flogin%2F%3Ffrom%3D%2Fuser%2Flogin%2F%3Ffrom%3D%2Fuser%2Fregister%2F%3Ffrom%3D%2Fblog%2F HTTP/1.1" 200 4148 "-" "Mozilla/5.0 (compatible; SemrushBot/6~bl; +http://www.semrush.com/bot.html)"
46.229.168.141 - - [06/Dec/2019:09:54:21 +0800] "GET /user/register/?from=%2Fuser%2Fregister%2F%3Ffrom%3D%2Fuser%2Fregister%2F%3Ffrom%3D%2Fuser%2Fregister%2F%3Ffrom%3D%2Fuser%2Flogin%2F%3Ffrom%3D%2Fuser%2Fregister%2F%3Ffrom%3D%2Fuser%2Fregister%2F%3Ffrom%3D%2Fuser%2Fregister%2F%3Ffrom%3D%2Fuser%2Flogin%2F%3Ffrom%3D%2Fuser%2Flogin%2F%3Ffrom%3D%2Fuser%2Fregister%2F%3Ffrom%3D%2Fblog%2F56%2F HTTP/1.1" 200 4162 "-" "Mozilla/5.0 (compatible; SemrushBot/6~bl; +http://www.semrush.com/bot.html)"
46.229.168.147 - - [06/Dec/2019:09:54:30 +0800] "GET /user/login/?from=%2Fuser%2Flogin%2F%3Ffrom%3D%2Fuser%2Fregister%2F%3Ffrom%3D%2Fuser%2Flogin%2F%3Ffrom%3D%2Fuser%2Flogin%2F%3Ffrom%3D%2Fuser%2Fregister%2F%3Ffrom%3D%2Fuser%2Fregister%2F%3Ffrom%3D%2Fuser%2Fregister%2F%3Ffrom%3D%2Fuser%2Flogin%2F%3Ffrom%3D%2Fuser%2Fregister%2F%3Ffrom%3D%2Fblog%2Ftype%2F19%2F HTTP/1.1" 200 3818 "-" "Mozilla/5.0 (compatible; SemrushBot/6~bl; +http://www.semrush.com/bot.html)"
46.229.168.129 - - [06/Dec/2019:09:54:33 +0800] "GET /user/login/?from=%2Fuser%2Fregister%2F%3Ffrom%3D%2Fuser%2Fregister%2F%3Ffrom%3D%2Fuser%2Flogin%2F%3Ffrom%3D%2Fuser%2Fregister%2F%3Ffrom%3D%2Fuser%2Flogin%2F%3Ffrom%3D%2Fuser%2Flogin%2F%3Ffrom%3D%2Fuser%2Fregister%2F%3Ffrom%3D%2Fuser%2Flogin%2F%3Ffrom%3D%2Fuser%2Flogin%2F%3Ffrom%3D%2Fuser%2Flogin%2F%3Ffrom%3D%2Fuser%2Flogin%2F%3Ffrom%3D%2Fblog%2F88%2F HTTP/1.1" 200 3807 "-" "Mozilla/5.0 (compatible; SemrushBot/6~bl; +http://www.semrush.com/bot.html)"
46.229.168.150 - - [06/Dec/2019:09:55:18 +0800] "GET /user/register/?from=%2Fuser%2Flogin%2F%3Ffrom%3D%2Fuser%2Fregister%2F%3Ffrom%3D%2Fuser%2Fregister%2F%3Ffrom%3D%2Fuser%2Fregister%2F%3Ffrom%3D%2Fuser%2Fregister%2F%3Ffrom%3D%2Fuser%2Flogin%2F%3Ffrom%3D%2Fuser%2Fregister%2F%3Ffrom%3D%2Fuser%2Flogin%2F%3Ffrom%3D%2Fuser%2Fregister%2F%3Ffrom%3D%2Fuser%2Flogin%2F%3Ffrom%3D%2F HTTP/1.1" 200 4148 "-" "Mozilla/5.0 (compatible; SemrushBot/6~bl; +http://www.semrush.com/bot.html)"
46.229.168.144 - - [06/Dec/2019:09:55:30 +0800] "GET /user/register/?from=%2Fuser%2Flogin%2F%3Ffrom%3D%2Fuser%2Fregister%2F%3Ffrom%3D%2Fuser%2Flogin%2F%3Ffrom%3D%2Fuser%2Fregister%2F%3Ffrom%3D%2Fuser%2Fregister%2F%3Ffrom%3D%2Fuser%2Flogin%2F%3Ffrom%3D%2Fuser%2Flogin%2F%3Ffrom%3D%2Fblog%2F38%2F HTTP/1.1" 200 4158 "-" "Mozilla/5.0 (compatible; SemrushBot/6~bl; +http://www.semrush.com/bot.html)"
46.229.168.146 - - [06/Dec/2019:09:56:16 +0800] "GET /user/register/?from=%2Fuser%2Fregister%2F%3Ffrom%3D%2Fuser%2Flogin%2F%3Ffrom%3D%2Fuser%2Fregister%2F%3Ffrom%3D%2Fuser%2Flogin%2F%3Ffrom%3D%2Fuser%2Fregister%2F%3Ffrom%3D%2Fuser%2Fregister%2F%3Ffrom%3D%2Fuser%2Flogin%2F%3Ffrom%3D%2Fuser%2Flogin%2F%3Ffrom%3D%2Fblog%2Ftag%2F30%2F HTTP/1.1" 200 4163 "-" "Mozilla/5.0 (compatible; SemrushBot/6~bl; +http://www.semrush.com/bot.html)"
46.229.168.162 - - [06/Dec/2019:09:57:12 +0800] "GET /user/login/?from=%2Fuser%2Fregister%2F%3Ffrom%3D%2Fuser%2Flogin%2F%3Ffrom%3D%2Fuser%2Flogin%2F%3Ffrom%3D%2Fuser%2Flogin%2F%3Ffrom%3D%2Fuser%2Flogin%2F%3Ffrom%3D%2Fuser%2Flogin%2F%3Ffrom%3D%2Fuser%2Fregister%2F%3Ffrom%3D%2Fblog%2F56%2F HTTP/1.1" 200 3801 "-" "Mozilla/5.0 (compatible; SemrushBot/6~bl; +http://www.semrush.com/bot.html)"
46.229.168.135 - - [06/Dec/2019:09:57:33 +0800] "GET /user/login/?from=%2Fuser%2Flogin%2F%3Ffrom%3D%2Fuser%2Flogin%2F%3Ffrom%3D%2Fuser%2Fregister%2F%3Ffrom%3D%2Fuser%2Fregister%2F%3Ffrom%3D%2Fuser%2Flogin%2F%3Ffrom%3D%2Fuser%2Fregister%2F%3Ffrom%3D%2Fuser%2Flogin%2F%3Ffrom%3D%2Fuser%2Flogin%2F%3Ffrom%3D%2Fuser%2Flogin%2F%3Ffrom%3D%2Fblog%2Ftype%2F10%2F HTTP/1.1" 200 3812 "-" "Mozilla/5.0 (compatible; SemrushBot/6~bl; +http://www.semrush.com/bot.html)"
182.254.52.17 - - [06/Dec/2019:09:57:44 +0800] "GET http://www.runstone.top/blog/95/ HTTP/1.1" 200 9235 "-" "Go-http-client/1.1"
46.229.168.131 - - [06/Dec/2019:09:58:04 +0800] "GET /user/login/?from=%2Fuser%2Fregister%2F%3Ffrom%3D%2Fuser%2Fregister%2F%3Ffrom%3D%2Fuser%2Fregister%2F%3Ffrom%3D%2Fuser%2Fregister%2F%3Ffrom%3D%2Fuser%2Flogin%2F%3Ffrom%3D%2Fuser%2Fregister%2F%3Ffrom%3D%2Fuser%2Fregister%2F%3Ffrom%3D%2Fuser%2Flogin%2F%3Ffrom%3D%2Fuser%2Flogin%2F%3Ffrom%3D%2Fblog%2Ftype%2F16%2F HTTP/1.1" 200 3807 "-" "Mozilla/5.0 (compatible; SemrushBot/6~bl; +http://www.semrush.com/bot.html)"
46.229.168.148 - - [06/Dec/2019:09:58:12 +0800] "GET /user/login/?from=%2Fuser%2Fregister%2F%3Ffrom%3D%2Fuser%2Flogin%2F%3Ffrom%3D%2Fuser%2Fregister%2F%3Ffrom%3D%2Fuser%2Flogin%2F%3Ffrom%3D%2Fuser%2Fregister%2F%3Ffrom%3D%2Fuser%2Flogin%2F%3Ffrom%3D%2Fuser%2Fregister%2F%3Ffrom%3D%2Fuser%2Flogin%2F%3Ffrom%3D%2Fuser%2Flogin%2F%3Ffrom%3D%2Fuser%2Fregister%2F%3Ffrom%3D%2Fblog%2Fdate%2F2019%2F1%3Fpage%3D1 HTTP/1.1" 200 3821 "-" "Mozilla/5.0 (compatible; SemrushBot/6~bl; +http://www.semrush.com/bot.html)"
46.229.168.133 - - [06/Dec/2019:09:59:36 +0800] "GET /user/register/?from=%2Fuser%2Flogin%2F%3Ffrom%3D%2Fuser%2Flogin%2F%3Ffrom%3D%2Fuser%2Flogin%2F%3Ffrom%3D%2Fuser%2Flogin%2F%3Ffrom%3D%2Fuser%2Flogin%2F%3Ffrom%3D%2Fuser%2Flogin%2F%3Ffrom%3D%2Fuser%2Flogin%2F%3Ffrom%3D%2Fblog%2F67%2F HTTP/1.1" 200 4147 "-" "Mozilla/5.0 (compatible; SemrushBot/6~bl; +http://www.semrush.com/bot.html)"
46.229.168.135 - - [06/Dec/2019:10:00:16 +0800] "GET /user/login/?from=%2Fuser%2Fregister%2F%3Ffrom%3D%2Fuser%2Flogin%2F%3Ffrom%3D%2Fuser%2Flogin%2F%3Ffrom%3D%2Fuser%2Flogin%2F%3Ffrom%3D%2Fuser%2Fregister%2F%3Ffrom%3D%2Fuser%2Fregister%2F%3Ffrom%3D%2Fuser%2Fregister%2F%3Ffrom%3D%2Fuser%2Fregister%2F%3Ffrom%3D%2Fuser%2Flogin%2F%3Ffrom%3D%2Fblog%2Ftag%2F24%2F HTTP/1.1" 200 3810 "-" "Mozilla/5.0 (compatible; SemrushBot/6~bl; +http://www.semrush.com/bot.html)"
13.229.49.208 - - [06/Dec/2019:10:00:31 +0800] "GET / HTTP/1.1" 200 6716 "-" "PostmanRuntime/7.20.1"
46.229.168.137 - - [06/Dec/2019:10:01:01 +0800] "GET /user/register/?from=%2Fuser%2Flogin%2F%3Ffrom%3D%2Fuser%2Flogin%2F%3Ffrom%3D%2Fuser%2Flogin%2F%3Ffrom%3D%2Fuser%2Flogin%2F%3Ffrom%3D%2Fuser%2Fregister%2F%3Ffrom%3D%2Fuser%2Flogin%2F%3Ffrom%3D%2Fuser%2Fregister%2F%3Ffrom%3D%2Fuser%2Fregister%2F%3Ffrom%3D%2Fuser%2Fregister%2F%3Ffrom%3D%2Fblog%2Fdate%2F2018%2F12 HTTP/1.1" 200 4169 "-" "Mozilla/5.0 (compatible; SemrushBot/6~bl; +http://www.semrush.com/bot.html)"
46.229.168.148 - - [06/Dec/2019:10:01:21 +0800] "GET /user/register/?from=%2Fuser%2Fregister%2F%3Ffrom%3D%2Fuser%2Fregister%2F%3Ffrom%3D%2Fuser%2Fregister%2F%3Ffrom%3D%2Fuser%2Fregister%2F%3Ffrom%3D%2Fuser%2Fregister%2F%3Ffrom%3D%2Fuser%2Fregister%2F%3Ffrom%3D%2Fuser%2Flogin%2F%3Ffrom%3D%2Fuser%2Fregister%2F%3Ffrom%3D%2Fuser%2Flogin%2F%3Ffrom%3D%2Fblog%2F89%2F HTTP/1.1" 200 4155 "-" "Mozilla/5.0 (compatible; SemrushBot/6~bl; +http://www.semrush.com/bot.html)"
46.229.168.161 - - [06/Dec/2019:10:01:50 +0800] "GET /user/register/?from=%2Fuser%2Flogin%2F%3Ffrom%3D%2Fuser%2Flogin%2F%3Ffrom%3D%2Fuser%2Flogin%2F%3Ffrom%3D%2Fuser%2Fregister%2F%3Ffrom%3D%2Fuser%2Flogin%2F%3Ffrom%3D%2Fuser%2Fregister%2F%3Ffrom%3D%2Fblog%2Ftype%2F22%2F HTTP/1.1" 200 4157 "-" "Mozilla/5.0 (compatible; SemrushBot/6~bl; +http://www.semrush.com/bot.html)"
46.229.168.149 - - [06/Dec/2019:10:02:00 +0800] "GET /user/register/?from=%2Fuser%2Flogin%2F%3Ffrom%3D%2Fuser%2Fregister%2F%3Ffrom%3D%2Fuser%2Flogin%2F%3Ffrom%3D%2Fuser%2Flogin%2F%3Ffrom%3D%2Fblog%2Fdate%2F2018%2F12 HTTP/1.1" 200 4165 "-" "Mozilla/5.0 (compatible; SemrushBot/6~bl; +http://www.semrush.com/bot.html)"
46.229.168.132 - - [06/Dec/2019:10:03:07 +0800] "GET /user/login/?from=%2Fuser%2Flogin%2F%3Ffrom%3D%2Fuser%2Fregister%2F%3Ffrom%3D%2Fuser%2Fregister%2F%3Ffrom%3D%2Fuser%2Fregister%2F%3Ffrom%3D%2Fuser%2Flogin%2F%3Ffrom%3D%2Fuser%2Fregister%2F%3Ffrom%3D%2Fuser%2Flogin%2F%3Ffrom%3D%2Fuser%2Fregister%2F%3Ffrom%3D%2Fuser%2Flogin%2F%3Ffrom%3D%2Fuser%2Flogin%2F%3Ffrom%3D%2Fblog%2Ftag%2F1%2F HTTP/1.1" 200 3810 "-" "Mozilla/5.0 (compatible; SemrushBot/6~bl; +http://www.semrush.com/bot.html)"
46.229.168.152 - - [06/Dec/2019:10:03:16 +0800] "GET /user/login/?from=%2Fuser%2Fregister%2F%3Ffrom%3D%2Fuser%2Fregister%2F%3Ffrom%3D%2Fuser%2Flogin%2F%3Ffrom%3D%2Fuser%2Fregister%2F%3Ffrom%3D%2Fuser%2Flogin%2F%3Ffrom%3D%2Fuser%2Fregister%2F%3Ffrom%3D%2Fuser%2Flogin%2F%3Ffrom%3D%2Fuser%2Flogin%2F%3Ffrom%3D%2Fuser%2Fregister%2F%3Ffrom%3D%2Fuser%2Fregister%2F%3Ffrom%3D%2Fblog%2Ftag%2F29%2F HTTP/1.1" 200 3810 "-" "Mozilla/5.0 (compatible; SemrushBot/6~bl; +http://www.semrush.com/bot.html)"
46.229.168.138 - - [06/Dec/2019:10:03:37 +0800] "GET /user/register/?from=%2Fuser%2Fregister%2F%3Ffrom%3D%2Fuser%2Fregister%2F%3Ffrom%3D%2Fuser%2Flogin%2F%3Ffrom%3D%2Fuser%2Fregister%2F%3Ffrom%3D%2Fuser%2Fregister%2F%3Ffrom%3D%2Fuser%2Fregister%2F%3Ffrom%3D%2Fblog%2Ftype%2F14%2F HTTP/1.1" 200 4153 "-" "Mozilla/5.0 (compatible; SemrushBot/6~bl; +http://www.semrush.com/bot.html)"
46.229.168.152 - - [06/Dec/2019:10:04:06 +0800] "GET /user/login/?from=%2Fuser%2Fregister%2F%3Ffrom%3D%2Fuser%2Fregister%2F%3Ffrom%3D%2Fuser%2Fregister%2F%3Ffrom%3D%2Fuser%2Flogin%2F%3Ffrom%3D%2Fuser%2Fregister%2F%3Ffrom%3D%2Fuser%2Flogin%2F%3Ffrom%3D%2Fblog%2F48%2F HTTP/1.1" 200 3801 "-" "Mozilla/5.0 (compatible; SemrushBot/6~bl; +http://www.semrush.com/bot.html)"
46.229.168.161 - - [06/Dec/2019:10:04:49 +0800] "GET /user/login/?from=%2Fuser%2Fregister%2F%3Ffrom%3D%2Fuser%2Flogin%2F%3Ffrom%3D%2Fuser%2Fregister%2F%3Ffrom%3D%2Fuser%2Flogin%2F%3Ffrom%3D%2Fuser%2Fregister%2F%3Ffrom%3D%2Fuser%2Flogin%2F%3Ffrom%3D%2Fuser%2Flogin%2F%3Ffrom%3D%2Fuser%2Flogin%2F%3Ffrom%3D%2Fuser%2Flogin%2F%3Ffrom%3D%2Fuser%2Fregister%2F%3Ffrom%3D%2Fuser%2Fregister%2F%3Ffrom%3D%2Fblog%2Fdate%2F2018%2F11 HTTP/1.1" 200 3820 "-" "Mozilla/5.0 (compatible; SemrushBot/6~bl; +http://www.semrush.com/bot.html)"
141.8.142.162 - - [06/Dec/2019:10:05:17 +0800] "GET /blog/95/ HTTP/1.1" 200 9240 "-" "Mozilla/5.0 (compatible; YandexBot/3.0; +http://yandex.com/bots)"
46.229.168.138 - - [06/Dec/2019:10:05:24 +0800] "GET /user/login/?from=%2Fuser%2Fregister%2F%3Ffrom%3D%2Fuser%2Flogin%2F%3Ffrom%3D%2Fuser%2Fregister%2F%3Ffrom%3D%2Fuser%2Fregister%2F%3Ffrom%3D%2Fuser%2Fregister%2F%3Ffrom%3D%2Fblog%2Ftag%2F7%2F HTTP/1.1" 200 3806 "-" "Mozilla/5.0 (compatible; SemrushBot/6~bl; +http://www.semrush.com/bot.html)"
46.229.168.135 - - [06/Dec/2019:10:05:43 +0800] "GET /user/register/?from=%2Fuser%2Flogin%2F%3Ffrom%3D%2Fuser%2Fregister%2F%3Ffrom%3D%2Fuser%2Fregister%2F%3Ffrom%3D%2Fuser%2Flogin%2F%3Ffrom%3D%2Fuser%2Fregister%2F%3Ffrom%3D%2Fblog%2F79%2F HTTP/1.1" 200 4151 "-" "Mozilla/5.0 (compatible; SemrushBot/6~bl; +http://www.semrush.com/bot.html)"
93.158.166.6 - - [06/Dec/2019:10:05:53 +0800] "GET /blog/tag/10/ HTTP/1.1" 200 5848 "-" "Mozilla/5.0 (compatible; YandexBot/3.0; +http://yandex.com/bots)"
46.229.168.149 - - [06/Dec/2019:10:05:55 +0800] "GET /user/register/?from=%2Fuser%2Fregister%2F%3Ffrom%3D%2Fuser%2Flogin%2F%3Ffrom%3D%2Fuser%2Flogin%2F%3Ffrom%3D%2Fuser%2Fregister%2F%3Ffrom%3D%2Fuser%2Fregister%2F%3Ffrom%3D%2Fuser%2Fregister%2F%3Ffrom%3D%2Fuser%2Fregister%2F%3Ffrom%3D%2Fuser%2Fregister%2F%3Ffrom%3D%2Fuser%2Flogin%2F%3Ffrom%3D%2Fblog%2Ftype%2F1%2F HTTP/1.1" 200 4159 "-" "Mozilla/5.0 (compatible; SemrushBot/6~bl; +http://www.semrush.com/bot.html)"
46.229.168.135 - - [06/Dec/2019:10:06:53 +0800] "GET /user/register/?from=%2Fuser%2Flogin%2F%3Ffrom%3D%2Fuser%2Flogin%2F%3Ffrom%3D%2Fuser%2Fregister%2F%3Ffrom%3D%2Fuser%2Fregister%2F%3Ffrom%3D%2Fuser%2Fregister%2F%3Ffrom%3D%2Fuser%2Flogin%2F%3Ffrom%3D%2Fuser%2Fregister%2F%3Ffrom%3D%2Fblog%2F41%2F HTTP/1.1" 200 4153 "-" "Mozilla/5.0 (compatible; SemrushBot/6~bl; +http://www.semrush.com/bot.html)"
46.229.168.162 - - [06/Dec/2019:10:07:09 +0800] "GET /user/login/?from=%2Fuser%2Flogin%2F%3Ffrom%3D%2Fuser%2Flogin%2F%3Ffrom%3D%2Fuser%2Fregister%2F%3Ffrom%3D%2Fuser%2Fregister%2F%3Ffrom%3D%2Fblog%2F73%2F HTTP/1.1" 200 3797 "-" "Mozilla/5.0 (compatible; SemrushBot/6~bl; +http://www.semrush.com/bot.html)"
46.229.168.140 - - [06/Dec/2019:10:07:49 +0800] "GET /user/login/?from=%2Fuser%2Fregister%2F%3Ffrom%3D%2Fuser%2Flogin%2F%3Ffrom%3D%2Fuser%2Flogin%2F%3Ffrom%3D%2Fuser%2Flogin%2F%3Ffrom%3D%2Fuser%2Flogin%2F%3Ffrom%3D%2Fuser%2Fregister%2F%3Ffrom%3D%2Fuser%2Fregister%2F%3Ffrom%3D%2Fuser%2Fregister%2F%3Ffrom%3D%2Fblog%2Fdate%2F2018%2F11 HTTP/1.1" 200 3813 "-" "Mozilla/5.0 (compatible; SemrushBot/6~bl; +http://www.semrush.com/bot.html)"
46.229.168.135 - - [06/Dec/2019:10:07:50 +0800] "GET /user/login/?from=%2Fuser%2Flogin%2F%3Ffrom%3D%2Fuser%2Fregister%2F%3Ffrom%3D%2Fuser%2Flogin%2F%3Ffrom%3D%2Fuser%2Fregister%2F%3Ffrom%3D%2Fuser%2Flogin%2F%3Ffrom%3D%2Fuser%2Flogin%2F%3Ffrom%3D%2Fuser%2Fregister%2F%3Ffrom%3D%2Fuser%2Flogin%2F%3Ffrom%3D%2Fuser%2Fregister%2F%3Ffrom%3D%2Fuser%2Fregister%2F%3Ffrom%3D%2Fuser%2Flogin%2F%3Ffrom%3D%2Fblog%2F68%2F HTTP/1.1" 200 3810 "-" "Mozilla/5.0 (compatible; SemrushBot/6~bl; +http://www.semrush.com/bot.html)"
46.229.168.163 - - [06/Dec/2019:10:08:28 +0800] "GET /user/login/?from=%2Fuser%2Fregister%2F%3Ffrom%3D%2Fuser%2Flogin%2F%3Ffrom%3D%2Fuser%2Flogin%2F%3Ffrom%3D%2Fuser%2Fregister%2F%3Ffrom%3D%2Fuser%2Fregister%2F%3Ffrom%3D%2Fuser%2Flogin%2F%3Ffrom%3D%2Fuser%2Fregister%2F%3Ffrom%3D%2Fblog%2F78%2F HTTP/1.1" 200 3805 "-" "Mozilla/5.0 (compatible; SemrushBot/6~bl; +http://www.semrush.com/bot.html)"
46.229.168.147 - - [06/Dec/2019:10:08:47 +0800] "GET /user/register/?from=%2Fuser%2Fregister%2F%3Ffrom%3D%2Fuser%2Fregister%2F%3Ffrom%3D%2Fuser%2Flogin%2F%3Ffrom%3D%2Fuser%2Fregister%2F%3Ffrom%3D%2Fuser%2Fregister%2F%3Ffrom%3D%2Fuser%2Flogin%2F%3Ffrom%3D%2Fuser%2Flogin%2F%3Ffrom%3D%2Fblog%2F63%2F HTTP/1.1" 200 4156 "-" "Mozilla/5.0 (compatible; SemrushBot/6~bl; +http://www.semrush.com/bot.html)"
46.229.168.146 - - [06/Dec/2019:10:09:14 +0800] "GET /user/login/?from=%2Fuser%2Flogin%2F%3Ffrom%3D%2Fuser%2Fregister%2F%3Ffrom%3D%2Fuser%2Flogin%2F%3Ffrom%3D%2Fuser%2Flogin%2F%3Ffrom%3D%2Fuser%2Fregister%2F%3Ffrom%3D%2Fuser%2Flogin%2F%3Ffrom%3D%2Fuser%2Fregister%2F%3Ffrom%3D%2Fblog%2Ftag%2F30%2F HTTP/1.1" 200 3806 "-" "Mozilla/5.0 (compatible; SemrushBot/6~bl; +http://www.semrush.com/bot.html)"
46.229.168.162 - - [06/Dec/2019:10:10:26 +0800] "GET /user/register/?from=%2Fuser%2Flogin%2F%3Ffrom%3D%2Fuser%2Flogin%2F%3Ffrom%3D%2Fuser%2Fregister%2F%3Ffrom%3D%2Fblog%2Ftype%2F28%2F HTTP/1.1" 200 4148 "-" "Mozilla/5.0 (compatible; SemrushBot/6~bl; +http://www.semrush.com/bot.html)"
46.229.168.148 - - [06/Dec/2019:10:10:27 +0800] "GET /user/register/?from=%2Fuser%2Fregister%2F%3Ffrom%3D%2Fuser%2Flogin%2F%3Ffrom%3D%2Fuser%2Fregister%2F%3Ffrom%3D%2Fuser%2Flogin%2F%3Ffrom%3D%2Fuser%2Fregister%2F%3Ffrom%3D%2Fuser%2Flogin%2F%3Ffrom%3D%2Fuser%2Flogin%2F%3Ffrom%3D%2Fblog%2Ftag%2F22%2F HTTP/1.1" 200 4158 "-" "Mozilla/5.0 (compatible; SemrushBot/6~bl; +http://www.semrush.com/bot.html)"
46.229.168.136 - - [06/Dec/2019:10:11:01 +0800] "GET /robots.txt HTTP/1.1" 404 3464 "-" "Mozilla/5.0 (compatible; SemrushBot/6~bl; +http://www.semrush.com/bot.html)"
46.229.168.161 - - [06/Dec/2019:10:11:02 +0800] "GET /user/register/?from=%2Fuser%2Flogin%2F%3Ffrom%3D%2Fuser%2Flogin%2F%3Ffrom%3D%2Fuser%2Fregister%2F%3Ffrom%3D%2Fuser%2Fregister%2F%3Ffrom%3D%2Fuser%2Fregister%2F%3Ffrom%3D%2Fuser%2Flogin%2F%3Ffrom%3D%2Fuser%2Fregister%2F%3Ffrom%3D%2Fuser%2Fregister%2F%3Ffrom%3D%2Fuser%2Flogin%2F%3Ffrom%3D%2Fblog%2Ftype%2F21%2F HTTP/1.1" 200 4158 "-" "Mozilla/5.0 (compatible; SemrushBot/6~bl; +http://www.semrush.com/bot.html)"
46.229.168.146 - - [06/Dec/2019:10:11:13 +0800] "GET /user/register/?from=%2Fuser%2Fregister%2F%3Ffrom%3D%2Fuser%2Flogin%2F%3Ffrom%3D%2Fuser%2Flogin%2F%3Ffrom%3D%2Fuser%2Flogin%2F%3Ffrom%3D%2Fuser%2Flogin%2F%3Ffrom%3D%2Fuser%2Flogin%2F%3Ffrom%3D%2Fuser%2Fregister%2F%3Ffrom%3D%2Fuser%2Flogin%2F%3Ffrom%3D%2Fblog%2F59%2F HTTP/1.1" 200 4156 "-" "Mozilla/5.0 (compatible; SemrushBot/6~bl; +http://www.semrush.com/bot.html)"
46.229.168.133 - - [06/Dec/2019:10:11:21 +0800] "GET /user/register/?from=%2Fuser%2Flogin%2F%3Ffrom%3D%2Fuser%2Fregister%2F%3Ffrom%3D%2Fuser%2Fregister%2F%3Ffrom%3D%2Fuser%2Flogin%2F%3Ffrom%3D%2Fuser%2Fregister%2F%3Ffrom%3D%2Fuser%2Fregister%2F%3Ffrom%3D%2Fuser%2Fregister%2F%3Ffrom%3D%2Fblog%2F95%2F HTTP/1.1" 200 4158 "-" "Mozilla/5.0 (compatible; SemrushBot/6~bl; +http://www.semrush.com/bot.html)"
46.229.168.131 - - [06/Dec/2019:10:11:42 +0800] "GET /user/login/?from=%2Fuser%2Fregister%2F%3Ffrom%3D%2Fuser%2Flogin%2F%3Ffrom%3D%2Fuser%2Flogin%2F%3Ffrom%3D%2Fuser%2Flogin%2F%3Ffrom%3D%2Fuser%2Fregister%2F%3Ffrom%3D%2Fuser%2Flogin%2F%3Ffrom%3D%2Fuser%2Fregister%2F%3Ffrom%3D%2Fuser%2Fregister%2F%3Ffrom%3D%2Fuser%2Flogin%2F%3Ffrom%3D%2Fuser%2Flogin%2F%3Ffrom%3D%2Fblog%2F99%2F HTTP/1.1" 200 3808 "-" "Mozilla/5.0 (compatible; SemrushBot/6~bl; +http://www.semrush.com/bot.html)"
46.229.168.136 - - [06/Dec/2019:10:11:47 +0800] "GET /user/register/?from=%2Fuser%2Flogin%2F%3Ffrom%3D%2Fuser%2Fregister%2F%3Ffrom%3D%2Fuser%2Flogin%2F%3Ffrom%3D%2Fuser%2Flogin%2F%3Ffrom%3D%2Fuser%2Flogin%2F%3Ffrom%3D%2Fuser%2Flogin%2F%3Ffrom%3D%2Fuser%2Fregister%2F%3Ffrom%3D%2Fuser%2Fregister%2F%3Ffrom%3D%2Fuser%2Fregister%2F%3Ffrom%3D%2Fblog%2Ftag%2F29%2F HTTP/1.1" 200 4163 "-" "Mozilla/5.0 (compatible; SemrushBot/6~bl; +http://www.semrush.com/bot.html)"
46.229.168.154 - - [06/Dec/2019:10:12:34 +0800] "GET /user/login/?from=%2Fuser%2Fregister%2F%3Ffrom%3D%2Fuser%2Flogin%2F%3Ffrom%3D%2Fuser%2Flogin%2F%3Ffrom%3D%2Fuser%2Flogin%2F%3Ffrom%3D%2Fuser%2Fregister%2F%3Ffrom%3D%2Fuser%2Flogin%2F%3Ffrom%3D%2Fuser%2Flogin%2F%3Ffrom%3D%2Fblog%2F64%2F HTTP/1.1" 200 3798 "-" "Mozilla/5.0 (compatible; SemrushBot/6~bl; +http://www.semrush.com/bot.html)"
46.229.168.132 - - [06/Dec/2019:10:13:00 +0800] "GET /user/register/?from=%2Fuser%2Flogin%2F%3Ffrom%3D%2Fuser%2Flogin%2F%3Ffrom%3D%2Fuser%2Fregister%2F%3Ffrom%3D%2Fblog%2Ftype%2F19%2F HTTP/1.1" 200 4143 "-" "Mozilla/5.0 (compatible; SemrushBot/6~bl; +http://www.semrush.com/bot.html)"
46.229.168.151 - - [06/Dec/2019:10:13:37 +0800] "GET /user/register/?from=%2Fuser%2Flogin%2F%3Ffrom%3D%2Fuser%2Flogin%2F%3Ffrom%3D%2Fuser%2Fregister%2F%3Ffrom%3D%2Fuser%2Flogin%2F%3Ffrom%3D%2Fuser%2Fregister%2F%3Ffrom%3D%2Fuser%2Fregister%2F%3Ffrom%3D%2Fuser%2Flogin%2F%3Ffrom%3D%2Fuser%2Flogin%2F%3Ffrom%3D%2Fblog%2Ftag%2F30%2F HTTP/1.1" 200 4161 "-" "Mozilla/5.0 (compatible; SemrushBot/6~bl; +http://www.semrush.com/bot.html)"
46.229.168.163 - - [06/Dec/2019:10:14:37 +0800] "GET /user/login/?from=%2Fuser%2Flogin%2F%3Ffrom%3D%2Fuser%2Flogin%2F%3Ffrom%3D%2Fuser%2Fregister%2F%3Ffrom%3D%2Fuser%2Fregister%2F%3Ffrom%3D%2Fuser%2Fregister%2F%3Ffrom%3D%2Fuser%2Fregister%2F%3Ffrom%3D%2Fuser%2Flogin%2F%3Ffrom%3D%2Fuser%2Fregister%2F%3Ffrom%3D%2Fblog%2F84%2F HTTP/1.1" 200 3806 "-" "Mozilla/5.0 (compatible; SemrushBot/6~bl; +http://www.semrush.com/bot.html)"
46.229.168.130 - - [06/Dec/2019:10:14:48 +0800] "GET /user/register/?from=%2Fuser%2Flogin%2F%3Ffrom%3D%2Fuser%2Fregister%2F%3Ffrom%3D%2Fuser%2Fregister%2F%3Ffrom%3D%2Fuser%2Flogin%2F%3Ffrom%3D%2Fuser%2Flogin%2F%3Ffrom%3D%2Fuser%2Fregister%2F%3Ffrom%3D%2Fuser%2Flogin%2F%3Ffrom%3D%2Fuser%2Flogin%2F%3Ffrom%3D%2Fuser%2Fregister%2F%3Ffrom%3D%2Fuser%2Fregister%2F%3Ffrom%3D%2Fblog%2Fdate%2F2018%2F11 HTTP/1.1" 200 4168 "-" "Mozilla/5.0 (compatible; SemrushBot/6~bl; +http://www.semrush.com/bot.html)"
46.229.168.140 - - [06/Dec/2019:10:15:26 +0800] "GET /user/register/?from=%2Fuser%2Fregister%2F%3Ffrom%3D%2Fuser%2Fregister%2F%3Ffrom%3D%2Fuser%2Fregister%2F%3Ffrom%3D%2Fuser%2Fregister%2F%3Ffrom%3D%2Fuser%2Fregister%2F%3Ffrom%3D%2Fuser%2Flogin%2F%3Ffrom%3D%2Fuser%2Flogin%2F%3Ffrom%3D%2Fblog%2F75%2F HTTP/1.1" 200 4152 "-" "Mozilla/5.0 (compatible; SemrushBot/6~bl; +http://www.semrush.com/bot.html)"
46.229.168.161 - - [06/Dec/2019:10:15:47 +0800] "GET /user/register/?from=%2Fuser%2Flogin%2F%3Ffrom%3D%2Fuser%2Fregister%2F%3Ffrom%3D%2Fuser%2Fregister%2F%3Ffrom%3D%2Fuser%2Flogin%2F%3Ffrom%3D%2Fuser%2Flogin%2F%3Ffrom%3D%2Fuser%2Flogin%2F%3Ffrom%3D%2Fuser%2Flogin%2F%3Ffrom%3D%2Fblog%2F%3Fpage%3D8 HTTP/1.1" 200 4160 "-" "Mozilla/5.0 (compatible; SemrushBot/6~bl; +http://www.semrush.com/bot.html)"
46.229.168.146 - - [06/Dec/2019:10:17:55 +0800] "GET /user/register/?from=%2Fuser%2Fregister%2F%3Ffrom%3D%2Fuser%2Flogin%2F%3Ffrom%3D%2Fuser%2Fregister%2F%3Ffrom%3D%2Fuser%2Flogin%2F%3Ffrom%3D%2Fuser%2Flogin%2F%3Ffrom%3D%2Fuser%2Fregister%2F%3Ffrom%3D%2Fuser%2Fregister%2F%3Ffrom%3D%2Fuser%2Fregister%2F%3Ffrom%3D%2Fuser%2Fregister%2F%3Ffrom%3D%2Fblog%2Fdate%2F2019%2F1 HTTP/1.1" 200 4165 "-" "Mozilla/5.0 (compatible; SemrushBot/6~bl; +http://www.semrush.com/bot.html)"
46.229.168.133 - - [06/Dec/2019:10:17:56 +0800] "GET /user/login/?from=%2Fuser%2Fregister%2F%3Ffrom%3D%2Fuser%2Flogin%2F%3Ffrom%3D%2Fuser%2Flogin%2F%3Ffrom%3D%2Fblog%2Ftag%2F6%2F HTTP/1.1" 200 3796 "-" "Mozilla/5.0 (compatible; SemrushBot/6~bl; +http://www.semrush.com/bot.html)"
46.229.168.129 - - [06/Dec/2019:10:17:58 +0800] "GET /user/register/?from=%2Fuser%2Flogin%2F%3Ffrom%3D%2Fuser%2Flogin%2F%3Ffrom%3D%2Fuser%2Fregister%2F%3Ffrom%3D%2Fuser%2Flogin%2F%3Ffrom%3D%2Fuser%2Flogin%2F%3Ffrom%3D%2Fuser%2Fregister%2F%3Ffrom%3D%2Fuser%2Flogin%2F%3Ffrom%3D%2Fuser%2Fregister%2F%3Ffrom%3D%2Fuser%2Flogin%2F%3Ffrom%3D%2Fuser%2Flogin%2F%3Ffrom%3D%2Fblog%2F75%2F HTTP/1.1" 200 4155 "-" "Mozilla/5.0 (compatible; SemrushBot/6~bl; +http://www.semrush.com/bot.html)"
46.229.168.143 - - [06/Dec/2019:10:18:17 +0800] "GET /user/register/?from=%2Fblog%2F79%2F HTTP/1.1" 200 4117 "-" "Mozilla/5.0 (compatible; SemrushBot/6~bl; +http://www.semrush.com/bot.html)"
46.229.168.136 - - [06/Dec/2019:10:18:57 +0800] "GET /user/register/?from=%2Fuser%2Flogin%2F%3Ffrom%3D%2Fuser%2Fregister%2F%3Ffrom%3D%2Fuser%2Flogin%2F%3Ffrom%3D%2Fuser%2Fregister%2F%3Ffrom%3D%2Fuser%2Fregister%2F%3Ffrom%3D%2Fuser%2Flogin%2F%3Ffrom%3D%2Fuser%2Fregister%2F%3Ffrom%3D%2Fuser%2Flogin%2F%3Ffrom%3D%2Fblog%2Ftag%2F6%2F HTTP/1.1" 200 4161 "-" "Mozilla/5.0 (compatible; SemrushBot/6~bl; +http://www.semrush.com/bot.html)"
46.229.168.150 - - [06/Dec/2019:10:19:01 +0800] "GET /user/login/?from=%2Fuser%2Flogin%2F%3Ffrom%3D%2Fuser%2Flogin%2F%3Ffrom%3D%2Fuser%2Flogin%2F%3Ffrom%3D%2Fuser%2Flogin%2F%3Ffrom%3D%2Fuser%2Flogin%2F%3Ffrom%3D%2Fuser%2Fregister%2F%3Ffrom%3D%2Fuser%2Flogin%2F%3Ffrom%3D%2Fuser%2Flogin%2F%3Ffrom%3D%2Fuser%2Flogin%2F%3Ffrom%3D%2Fuser%2Fregister%2F%3Ffrom%3D%2Fblog%2Ftype%2F23%2F HTTP/1.1" 200 3803 "-" "Mozilla/5.0 (compatible; SemrushBot/6~bl; +http://www.semrush.com/bot.html)"
46.229.168.135 - - [06/Dec/2019:10:19:06 +0800] "GET /user/register/?from=%2Fuser%2Fregister%2F%3Ffrom%3D%2Fuser%2Flogin%2F%3Ffrom%3D%2Fuser%2Flogin%2F%3Ffrom%3D%2Fuser%2Fregister%2F%3Ffrom%3D%2Fuser%2Flogin%2F%3Ffrom%3D%2Fuser%2Flogin%2F%3Ffrom%3D%2Fuser%2Fregister%2F%3Ffrom%3D%2Fuser%2Fregister%2F%3Ffrom%3D%2Fuser%2Flogin%2F%3Ffrom%3D%2Fblog%2Fall_types%2F HTTP/1.1" 200 4162 "-" "Mozilla/5.0 (compatible; SemrushBot/6~bl; +http://www.semrush.com/bot.html)"
46.229.168.131 - - [06/Dec/2019:10:19:15 +0800] "GET /user/login/?from=%2Fuser%2Fregister%2F%3Ffrom%3D%2Fuser%2Flogin%2F%3Ffrom%3D%2Fuser%2Fregister%2F%3Ffrom%3D%2Fuser%2Fregister%2F%3Ffrom%3D%2Fuser%2Fregister%2F%3Ffrom%3D%2Fuser%2Fregister%2F%3Ffrom%3D%2Fuser%2Fregister%2F%3Ffrom%3D%2Fuser%2Fregister%2F%3Ffrom%3D%2Fuser%2Fregister%2F%3Ffrom%3D%2Fuser%2Fregister%2F%3Ffrom%3D%2Fblog%2F39%2F HTTP/1.1" 200 3806 "-" "Mozilla/5.0 (compatible; SemrushBot/6~bl; +http://www.semrush.com/bot.html)"
46.229.168.162 - - [06/Dec/2019:10:19:18 +0800] "GET /user/login/?from=%2Fuser%2Flogin%2F%3Ffrom%3D%2Fuser%2Flogin%2F%3Ffrom%3D%2Fuser%2Fregister%2F%3Ffrom%3D%2Fuser%2Flogin%2F%3Ffrom%3D%2Fuser%2Fregister%2F%3Ffrom%3D%2Fuser%2Fregister%2F%3Ffrom%3D%2Fuser%2Fregister%2F%3Ffrom%3D%2Fuser%2Flogin%2F%3Ffrom%3D%2Fuser%2Flogin%2F%3Ffrom%3D%2Fuser%2Fregister%2F%3Ffrom%3D%2Fuser%2Fregister%2F%3Ffrom%3D%2Fblog%2F100%2F HTTP/1.1" 200 3810 "-" "Mozilla/5.0 (compatible; SemrushBot/6~bl; +http://www.semrush.com/bot.html)"
46.229.168.130 - - [06/Dec/2019:10:20:25 +0800] "GET /user/register/?from=%2Fuser%2Flogin%2F%3Ffrom%3D%2Fuser%2Fregister%2F%3Ffrom%3D%2Fuser%2Fregister%2F%3Ffrom%3D%2Fuser%2Fregister%2F%3Ffrom%3D%2Fuser%2Fregister%2F%3Ffrom%3D%2Fuser%2Flogin%2F%3Ffrom%3D%2Fuser%2Flogin%2F%3Ffrom%3D%2Fuser%2Fregister%2F%3Ffrom%3D%2Fuser%2Flogin%2F%3Ffrom%3D%2Fblog%2Ftype%2F21%2F HTTP/1.1" 200 4166 "-" "Mozilla/5.0 (compatible; SemrushBot/6~bl; +http://www.semrush.com/bot.html)"
46.229.168.146 - - [06/Dec/2019:10:20:31 +0800] "GET /user/login/?from=%2Fuser%2Flogin%2F%3Ffrom%3D%2Fuser%2Fregister%2F%3Ffrom%3D%2Fuser%2Flogin%2F%3Ffrom%3D%2Fuser%2Fregister%2F%3Ffrom%3D%2Fuser%2Fregister%2F%3Ffrom%3D%2Fuser%2Fregister%2F%3Ffrom%3D%2Fuser%2Flogin%2F%3Ffrom%3D%2Fblog%2Ftype%2F16%2F HTTP/1.1" 200 3814 "-" "Mozilla/5.0 (compatible; SemrushBot/6~bl; +http://www.semrush.com/bot.html)"
46.229.168.138 - - [06/Dec/2019:10:21:21 +0800] "GET /user/login/?from=%2Fuser%2Fregister%2F%3Ffrom%3D%2Fuser%2Flogin%2F%3Ffrom%3D%2Fuser%2Flogin%2F%3Ffrom%3D%2Fuser%2Flogin%2F%3Ffrom%3D%2Fuser%2Flogin%2F%3Ffrom%3D%2Fuser%2Fregister%2F%3Ffrom%3D%2Fuser%2Fregister%2F%3Ffrom%3D%2Fuser%2Fregister%2F%3Ffrom%3D%2Fuser%2Fregister%2F%3Ffrom%3D%2Fblog%2Fdate%2F2019%2F1%3Fpage%3D2 HTTP/1.1" 200 3820 "-" "Mozilla/5.0 (compatible; SemrushBot/6~bl; +http://www.semrush.com/bot.html)"
46.229.168.141 - - [06/Dec/2019:10:21:54 +0800] "GET /user/login/?from=%2Fuser%2Flogin%2F%3Ffrom%3D%2Fuser%2Flogin%2F%3Ffrom%3D%2Fuser%2Fregister%2F%3Ffrom%3D%2Fuser%2Fregister%2F%3Ffrom%3D%2Fuser%2Fregister%2F%3Ffrom%3D%2Fuser%2Fregister%2F%3Ffrom%3D%2Fblog%2F82%2F HTTP/1.1" 200 3798 "-" "Mozilla/5.0 (compatible; SemrushBot/6~bl; +http://www.semrush.com/bot.html)"
46.229.168.149 - - [06/Dec/2019:10:23:18 +0800] "GET /user/register/?from=%2Fuser%2Fregister%2F%3Ffrom%3D%2Fuser%2Fregister%2F%3Ffrom%3D%2Fuser%2Flogin%2F%3Ffrom%3D%2Fuser%2Flogin%2F%3Ffrom%3D%2Fuser%2Flogin%2F%3Ffrom%3D%2Fuser%2Flogin%2F%3Ffrom%3D%2Fblog%2F%3Fpage%3D3 HTTP/1.1" 200 4156 "-" "Mozilla/5.0 (compatible; SemrushBot/6~bl; +http://www.semrush.com/bot.html)"
46.229.168.135 - - [06/Dec/2019:10:23:21 +0800] "GET /user/login/?from=%2Fuser%2Flogin%2F%3Ffrom%3D%2Fuser%2Fregister%2F%3Ffrom%3D%2Fuser%2Fregister%2F%3Ffrom%3D%2Fuser%2Flogin%2F%3Ffrom%3D%2Fuser%2Flogin%2F%3Ffrom%3D%2Fuser%2Fregister%2F%3Ffrom%3D%2Fuser%2Fregister%2F%3Ffrom%3D%2Fuser%2Flogin%2F%3Ffrom%3D%2Fuser%2Fregister%2F%3Ffrom%3D%2Fuser%2Flogin%2F%3Ffrom%3D%2Fblog%2Ftag%2F30%2F HTTP/1.1" 200 3812 "-" "Mozilla/5.0 (compatible; SemrushBot/6~bl; +http://www.semrush.com/bot.html)"
46.229.168.129 - - [06/Dec/2019:10:23:36 +0800] "GET /user/login/?from=%2Fuser%2Fregister%2F%3Ffrom%3D%2Fuser%2Fregister%2F%3Ffrom%3D%2Fuser%2Fregister%2F%3Ffrom%3D%2Fuser%2Flogin%2F%3Ffrom%3D%2Fuser%2Fregister%2F%3Ffrom%3D%2Fblog%2F89%2F HTTP/1.1" 200 3798 "-" "Mozilla/5.0 (compatible; SemrushBot/6~bl; +http://www.semrush.com/bot.html)"
46.229.168.152 - - [06/Dec/2019:10:24:06 +0800] "GET /user/register/?from=%2Fuser%2Flogin%2F%3Ffrom%3D%2Fuser%2Flogin%2F%3Ffrom%3D%2Fuser%2Flogin%2F%3Ffrom%3D%2Fuser%2Flogin%2F%3Ffrom%3D%2Fblog%2F104%2F HTTP/1.1" 200 4141 "-" "Mozilla/5.0 (compatible; SemrushBot/6~bl; +http://www.semrush.com/bot.html)"
46.229.168.129 - - [06/Dec/2019:10:24:44 +0800] "GET /user/register/?from=%2Fuser%2Flogin%2F%3Ffrom%3D%2Fuser%2Fregister%2F%3Ffrom%3D%2Fblog%2Ftype%2F28%2F HTTP/1.1" 200 4149 "-" "Mozilla/5.0 (compatible; SemrushBot/6~bl; +http://www.semrush.com/bot.html)"
46.229.168.132 - - [06/Dec/2019:10:25:08 +0800] "GET /user/login/?from=%2Fuser%2Fregister%2F%3Ffrom%3D%2Fuser%2Fregister%2F%3Ffrom%3D%2Fuser%2Flogin%2F%3Ffrom%3D%2Fuser%2Flogin%2F%3Ffrom%3D%2Fuser%2Fregister%2F%3Ffrom%3D%2Fuser%2Fregister%2F%3Ffrom%3D%2Fuser%2Fregister%2F%3Ffrom%3D%2Fuser%2Flogin%2F%3Ffrom%3D%2Fuser%2Fregister%2F%3Ffrom%3D%2Fblog%2Ftag%2F8%2F HTTP/1.1" 200 3807 "-" "Mozilla/5.0 (compatible; SemrushBot/6~bl; +http://www.semrush.com/bot.html)"
46.229.168.161 - - [06/Dec/2019:10:25:16 +0800] "GET /user/login/?from=%2Fuser%2Flogin%2F%3Ffrom%3D%2Fuser%2Fregister%2F%3Ffrom%3D%2Fuser%2Fregister%2F%3Ffrom%3D%2Fuser%2Fregister%2F%3Ffrom%3D%2Fuser%2Fregister%2F%3Ffrom%3D%2Fuser%2Fregister%2F%3Ffrom%3D%2Fuser%2Fregister%2F%3Ffrom%3D%2Fuser%2Fregister%2F%3Ffrom%3D%2Fuser%2Fregister%2F%3Ffrom%3D%2Fuser%2Flogin%2F%3Ffrom%3D%2Fblog%2Fdate%2F2018%2F11 HTTP/1.1" 200 3812 "-" "Mozilla/5.0 (compatible; SemrushBot/6~bl; +http://www.semrush.com/bot.html)"
46.229.168.133 - - [06/Dec/2019:10:26:11 +0800] "GET /user/login/?from=%2Fuser%2Fregister%2F%3Ffrom%3D%2Fuser%2Fregister%2F%3Ffrom%3D%2Fuser%2Flogin%2F%3Ffrom%3D%2Fuser%2Fregister%2F%3Ffrom%3D%2Fuser%2Fregister%2F%3Ffrom%3D%2Fuser%2Fregister%2F%3Ffrom%3D%2Fuser%2Fregister%2F%3Ffrom%3D%2Fuser%2Fregister%2F%3Ffrom%3D%2Fuser%2Flogin%2F%3Ffrom%3D%2Fblog%2F59%2F HTTP/1.1" 200 3806 "-" "Mozilla/5.0 (compatible; SemrushBot/6~bl; +http://www.semrush.com/bot.html)"
46.229.168.149 - - [06/Dec/2019:10:26:22 +0800] "GET /user/login/?from=%2Fuser%2Fregister%2F%3Ffrom%3D%2Fuser%2Flogin%2F%3Ffrom%3D%2Fuser%2Fregister%2F%3Ffrom%3D%2Fuser%2Fregister%2F%3Ffrom%3D%2Fuser%2Flogin%2F%3Ffrom%3D%2Fuser%2Fregister%2F%3Ffrom%3D%2Fuser%2Flogin%2F%3Ffrom%3D%2Fuser%2Fregister%2F%3Ffrom%3D%2Fuser%2Fregister%2F%3Ffrom%3D%2Fblog%2Fdate%2F2018%2F12%3Fpage%3D2 HTTP/1.1" 200 3822 "-" "Mozilla/5.0 (compatible; SemrushBot/6~bl; +http://www.semrush.com/bot.html)"
46.229.168.136 - - [06/Dec/2019:10:27:02 +0800] "GET /user/login/?from=%2Fuser%2Fregister%2F%3Ffrom%3D%2Fuser%2Flogin%2F%3Ffrom%3D%2Fuser%2Fregister%2F%3Ffrom%3D%2Fuser%2Fregister%2F%3Ffrom%3D%2Fuser%2Fregister%2F%3Ffrom%3D%2Fuser%2Flogin%2F%3Ffrom%3D%2Fuser%2Flogin%2F%3Ffrom%3D%2Fuser%2Fregister%2F%3Ffrom%3D%2Fuser%2Flogin%2F%3Ffrom%3D%2Fuser%2Fregister%2F%3Ffrom%3D%2Fblog%2F83%2F HTTP/1.1" 200 3811 "-" "Mozilla/5.0 (compatible; SemrushBot/6~bl; +http://www.semrush.com/bot.html)"
46.229.168.145 - - [06/Dec/2019:10:27:09 +0800] "GET /user/login/?from=%2Fuser%2Flogin%2F%3Ffrom%3D%2Fuser%2Flogin%2F%3Ffrom%3D%2Fuser%2Fregister%2F%3Ffrom%3D%2Fuser%2Fregister%2F%3Ffrom%3D%2Fuser%2Flogin%2F%3Ffrom%3D%2Fuser%2Fregister%2F%3Ffrom%3D%2Fuser%2Flogin%2F%3Ffrom%3D%2Fblog%2Ftag%2F21%2F HTTP/1.1" 200 3810 "-" "Mozilla/5.0 (compatible; SemrushBot/6~bl; +http://www.semrush.com/bot.html)"
46.229.168.133 - - [06/Dec/2019:10:27:31 +0800] "GET /user/login/?from=%2Fuser%2Flogin%2F%3Ffrom%3D%2Fuser%2Fregister%2F%3Ffrom%3D%2Fuser%2Fregister%2F%3Ffrom%3D%2Fuser%2Flogin%2F%3Ffrom%3D%2Fuser%2Fregister%2F%3Ffrom%3D%2Fuser%2Flogin%2F%3Ffrom%3D%2Fuser%2Fregister%2F%3Ffrom%3D%2Fblog%2F95%2F HTTP/1.1" 200 3804 "-" "Mozilla/5.0 (compatible; SemrushBot/6~bl; +http://www.semrush.com/bot.html)"
46.229.168.139 - - [06/Dec/2019:10:28:49 +0800] "GET /robots.txt HTTP/1.1" 404 3464 "-" "Mozilla/5.0 (compatible; SemrushBot/6~bl; +http://www.semrush.com/bot.html)"
46.229.168.138 - - [06/Dec/2019:10:28:50 +0800] "GET /user/register/?from=%2Fuser%2Flogin%2F%3Ffrom%3D%2Fuser%2Fregister%2F%3Ffrom%3D%2Fuser%2Fregister%2F%3Ffrom%3D%2Fuser%2Fregister%2F%3Ffrom%3D%2Fuser%2Fregister%2F%3Ffrom%3D%2Fuser%2Flogin%2F%3Ffrom%3D%2Fuser%2Flogin%2F%3Ffrom%3D%2Fuser%2Flogin%2F%3Ffrom%3D%2Fblog%2F97%2F HTTP/1.1" 200 4158 "-" "Mozilla/5.0 (compatible; SemrushBot/6~bl; +http://www.semrush.com/bot.html)"
46.229.168.152 - - [06/Dec/2019:10:28:56 +0800] "GET /user/login/?from=%2Fuser%2Flogin%2F%3Ffrom%3D%2Fuser%2Fregister%2F%3Ffrom%3D%2Fuser%2Fregister%2F%3Ffrom%3D%2Fuser%2Fregister%2F%3Ffrom%3D%2Fuser%2Flogin%2F%3Ffrom%3D%2Fuser%2Flogin%2F%3Ffrom%3D%2Fuser%2Fregister%2F%3Ffrom%3D%2Fblog%2Ftype%2F18%2F HTTP/1.1" 200 3809 "-" "Mozilla/5.0 (compatible; SemrushBot/6~bl; +http://www.semrush.com/bot.html)"
46.229.168.142 - - [06/Dec/2019:10:29:09 +0800] "GET /user/login/?from=%2Fuser%2Fregister%2F%3Ffrom%3D%2Fuser%2Flogin%2F%3Ffrom%3D%2Fuser%2Fregister%2F%3Ffrom%3D%2Fuser%2Flogin%2F%3Ffrom%3D%2Fuser%2Fregister%2F%3Ffrom%3D%2Fuser%2Fregister%2F%3Ffrom%3D%2Fuser%2Fregister%2F%3Ffrom%3D%2Fblog%2Fdate%2F2019%2F2 HTTP/1.1" 200 3813 "-" "Mozilla/5.0 (compatible; SemrushBot/6~bl; +http://www.semrush.com/bot.html)"
180.97.118.219 - - [06/Dec/2019:10:29:17 +0800] "GET / HTTP/1.1" 200 46809 "-" "Mozilla/5.0 (Windows NT 6.1; WOW64) AppleWebKit/537.36 (KHTML, like Gecko) Chrome/43.0.2357.124 Safari/537.36"
180.97.118.219 - - [06/Dec/2019:10:29:18 +0800] "GET /static/jquery-1.12.4.min.js HTTP/1.1" 200 97163 "http://www.runstone.top/" "Mozilla/5.0 (Windows NT 6.1; WOW64) AppleWebKit/537.36 (KHTML, like Gecko) Chrome/53.0.2785.104 Safari/537.36 Core/1.53.2141.400 QQBrowser/9.5.10219.400"
180.97.118.219 - - [06/Dec/2019:10:29:19 +0800] "GET /static/bootstrap-3.3.7/js/bootstrap.min.js HTTP/1.1" 200 37045 "http://www.runstone.top/" "Mozilla/5.0 (Windows NT 6.1; WOW64) AppleWebKit/537.36 (KHTML, like Gecko) Chrome/45.0.2454.101 Safari/537.36"
180.97.118.219 - - [06/Dec/2019:10:29:20 +0800] "GET /static/highcharts.js HTTP/1.1" 200 208935 "http://www.runstone.top/" "Mozilla/5.0 (Windows NT 6.1; WOW64; Trident/7.0; SLCC2; .NET CLR 2.0.50727; .NET CLR 3.5.30729; .NET CLR 3.0.30729; Media Center PC 6.0; .NET4.0C; .NET4.0E; InfoPath.3; rv:11.0) like Gecko"
46.229.168.151 - - [06/Dec/2019:10:29:23 +0800] "GET /user/login/?from=%2Fuser%2Flogin%2F%3Ffrom%3D%2Fuser%2Fregister%2F%3Ffrom%3D%2Fuser%2Fregister%2F%3Ffrom%3D%2Fuser%2Flogin%2F%3Ffrom%3D%2Fuser%2Flogin%2F%3Ffrom%3D%2Fuser%2Fregister%2F%3Ffrom%3D%2Fuser%2Flogin%2F%3Ffrom%3D%2Fuser%2Flogin%2F%3Ffrom%3D%2Fuser%2Fregister%2F%3Ffrom%3D%2Fuser%2Fregister%2F%3Ffrom%3D%2Fblog%2Ftype%2F17%2F HTTP/1.1" 200 3811 "-" "Mozilla/5.0 (compatible; SemrushBot/6~bl; +http://www.semrush.com/bot.html)"
46.229.168.150 - - [06/Dec/2019:10:29:58 +0800] "GET /user/register/?from=%2Fuser%2Fregister%2F%3Ffrom%3D%2Fuser%2Flogin%2F%3Ffrom%3D%2Fuser%2Fregister%2F%3Ffrom%3D%2Fuser%2Fregister%2F%3Ffrom%3D%2Fuser%2Fregister%2F%3Ffrom%3D%2Fuser%2Fregister%2F%3Ffrom%3D%2Fblog%2F82%2F HTTP/1.1" 200 4155 "-" "Mozilla/5.0 (compatible; SemrushBot/6~bl; +http://www.semrush.com/bot.html)"
46.229.168.149 - - [06/Dec/2019:10:30:42 +0800] "GET /user/login/?from=%2Fuser%2Fregister%2F%3Ffrom%3D%2Fuser%2Fregister%2F%3Ffrom%3D%2Fuser%2Flogin%2F%3Ffrom%3D%2Fuser%2Fregister%2F%3Ffrom%3D%2Fuser%2Fregister%2F%3Ffrom%3D%2Fuser%2Fregister%2F%3Ffrom%3D%2Fuser%2Fregister%2F%3Ffrom%3D%2Fblog%2Ftype%2F6%2F HTTP/1.1" 200 3804 "-" "Mozilla/5.0 (compatible; SemrushBot/6~bl; +http://www.semrush.com/bot.html)"
46.229.168.140 - - [06/Dec/2019:10:30:47 +0800] "GET /user/login/?from=%2Fuser%2Flogin%2F%3Ffrom%3D%2Fuser%2Fregister%2F%3Ffrom%3D%2Fuser%2Flogin%2F%3Ffrom%3D%2Fuser%2Fregister%2F%3Ffrom%3D%2Fuser%2Flogin%2F%3Ffrom%3D%2Fuser%2Fregister%2F%3Ffrom%3D%2Fblog%2Fdate%2F2019%2F4 HTTP/1.1" 200 3807 "-" "Mozilla/5.0 (compatible; SemrushBot/6~bl; +http://www.semrush.com/bot.html)"
46.229.168.151 - - [06/Dec/2019:10:30:52 +0800] "GET /user/login/?from=%2Fuser%2Fregister%2F%3Ffrom%3D%2Fuser%2Fregister%2F%3Ffrom%3D%2Fuser%2Fregister%2F%3Ffrom%3D%2Fuser%2Fregister%2F%3Ffrom%3D%2Fuser%2Flogin%2F%3Ffrom%3D%2Fuser%2Fregister%2F%3Ffrom%3D%2Fuser%2Flogin%2F%3Ffrom%3D%2Fuser%2Flogin%2F%3Ffrom%3D%2Fuser%2Fregister%2F%3Ffrom%3D%2Fblog%2Ftag%2F32%2F HTTP/1.1" 200 3808 "-" "Mozilla/5.0 (compatible; SemrushBot/6~bl; +http://www.semrush.com/bot.html)"
46.229.168.144 - - [06/Dec/2019:10:31:58 +0800] "GET /user/register/?from=%2Fuser%2Fregister%2F%3Ffrom%3D%2Fuser%2Flogin%2F%3Ffrom%3D%2Fuser%2Flogin%2F%3Ffrom%3D%2Fuser%2Fregister%2F%3Ffrom%3D%2Fuser%2Fregister%2F%3Ffrom%3D%2Fuser%2Fregister%2F%3Ffrom%3D%2Fuser%2Flogin%2F%3Ffrom%3D%2Fblog%2Fdate%2F2018%2F12%3Fpage%3D2 HTTP/1.1" 200 4181 "-" "Mozilla/5.0 (compatible; SemrushBot/6~bl; +http://www.semrush.com/bot.html)"
46.229.168.136 - - [06/Dec/2019:10:32:00 +0800] "GET /user/login/?from=%2Fuser%2Fregister%2F%3Ffrom%3D%2Fuser%2Fregister%2F%3Ffrom%3D%2Fuser%2Flogin%2F%3Ffrom%3D%2Fuser%2Flogin%2F%3Ffrom%3D%2Fuser%2Fregister%2F%3Ffrom%3D%2Fuser%2Fregister%2F%3Ffrom%3D%2Fblog%2Fdate%2F2018%2F12%3Fpage%3D4 HTTP/1.1" 200 3815 "-" "Mozilla/5.0 (compatible; SemrushBot/6~bl; +http://www.semrush.com/bot.html)"
46.229.168.134 - - [06/Dec/2019:10:33:24 +0800] "GET /user/login/?from=%2Fuser%2Flogin%2F%3Ffrom%3D%2Fuser%2Flogin%2F%3Ffrom%3D%2Fuser%2Flogin%2F%3Ffrom%3D%2Fuser%2Fregister%2F%3Ffrom%3D%2Fuser%2Fregister%2F%3Ffrom%3D%2Fuser%2Fregister%2F%3Ffrom%3D%2Fblog%2Ftag%2F9%2F%3Fpage%3D2 HTTP/1.1" 200 3807 "-" "Mozilla/5.0 (compatible; SemrushBot/6~bl; +http://www.semrush.com/bot.html)"
46.229.168.137 - - [06/Dec/2019:10:34:29 +0800] "GET /user/register/?from=%2Fuser%2Fregister%2F%3Ffrom%3D%2Fuser%2Fregister%2F%3Ffrom%3D%2Fuser%2Fregister%2F%3Ffrom%3D%2Fuser%2Flogin%2F%3Ffrom%3D%2Fuser%2Flogin%2F%3Ffrom%3D%2Fuser%2Flogin%2F%3Ffrom%3D%2Fblog%2Ftag%2F18%2F HTTP/1.1" 200 4157 "-" "Mozilla/5.0 (compatible; SemrushBot/6~bl; +http://www.semrush.com/bot.html)"
46.229.168.145 - - [06/Dec/2019:10:34:55 +0800] "GET /user/login/?from=%2Fuser%2Fregister%2F%3Ffrom%3D%2Fuser%2Fregister%2F%3Ffrom%3D%2Fuser%2Fregister%2F%3Ffrom%3D%2Fuser%2Flogin%2F%3Ffrom%3D%2Fuser%2Fregister%2F%3Ffrom%3D%2Fuser%2Flogin%2F%3Ffrom%3D%2Fuser%2Flogin%2F%3Ffrom%3D%2Fuser%2Flogin%2F%3Ffrom%3D%2Fblog%2Fdate%2F2019%2F1 HTTP/1.1" 200 3814 "-" "Mozilla/5.0 (compatible; SemrushBot/6~bl; +http://www.semrush.com/bot.html)"
46.229.168.138 - - [06/Dec/2019:10:34:57 +0800] "GET /user/register/?from=%2Fuser%2Flogin%2F%3Ffrom%3D%2Fuser%2Fregister%2F%3Ffrom%3D%2Fuser%2Fregister%2F%3Ffrom%3D%2Fuser%2Fregister%2F%3Ffrom%3D%2Fblog%2F63%2F HTTP/1.1" 200 4148 "-" "Mozilla/5.0 (compatible; SemrushBot/6~bl; +http://www.semrush.com/bot.html)"
46.229.168.145 - - [06/Dec/2019:10:35:43 +0800] "GET /user/login/?from=%2Fuser%2Flogin%2F%3Ffrom%3D%2Fuser%2Fregister%2F%3Ffrom%3D%2Fuser%2Fregister%2F%3Ffrom%3D%2Fuser%2Fregister%2F%3Ffrom%3D%2Fuser%2Fregister%2F%3Ffrom%3D%2Fuser%2Fregister%2F%3Ffrom%3D%2Fuser%2Fregister%2F%3Ffrom%3D%2Fuser%2Fregister%2F%3Ffrom%3D%2Fblog%2Fdate%2F2018%2F12 HTTP/1.1" 200 3810 "-" "Mozilla/5.0 (compatible; SemrushBot/6~bl; +http://www.semrush.com/bot.html)"
46.229.168.142 - - [06/Dec/2019:10:35:47 +0800] "GET /user/login/?from=%2Fuser%2Flogin%2F%3Ffrom%3D%2Fuser%2Flogin%2F%3Ffrom%3D%2Fuser%2Fregister%2F%3Ffrom%3D%2Fuser%2Flogin%2F%3Ffrom%3D%2Fuser%2Fregister%2F%3Ffrom%3D%2Fuser%2Fregister%2F%3Ffrom%3D%2Fuser%2Fregister%2F%3Ffrom%3D%2Fblog%2F105%2F HTTP/1.1" 200 3806 "-" "Mozilla/5.0 (compatible; SemrushBot/6~bl; +http://www.semrush.com/bot.html)"
46.229.168.135 - - [06/Dec/2019:10:36:03 +0800] "GET /user/login/?from=%2Fuser%2Flogin%2F%3Ffrom%3D%2Fuser%2Fregister%2F%3Ffrom%3D%2Fuser%2Fregister%2F%3Ffrom%3D%2Fuser%2Flogin%2F%3Ffrom%3D%2Fuser%2Flogin%2F%3Ffrom%3D%2Fuser%2Fregister%2F%3Ffrom%3D%2Fuser%2Fregister%2F%3Ffrom%3D%2Fuser%2Fregister%2F%3Ffrom%3D%2Fuser%2Flogin%2F%3Ffrom%3D%2Fuser%2Flogin%2F%3Ffrom%3D%2Fblog%2Fdate%2F2018%2F12%3Fpage%3D4 HTTP/1.1" 200 3826 "-" "Mozilla/5.0 (compatible; SemrushBot/6~bl; +http://www.semrush.com/bot.html)"
46.229.168.148 - - [06/Dec/2019:10:36:28 +0800] "GET /user/login/?from=%2Fuser%2Fregister%2F%3Ffrom%3D%2Fuser%2Flogin%2F%3Ffrom%3D%2Fuser%2Fregister%2F%3Ffrom%3D%2Fuser%2Flogin%2F%3Ffrom%3D%2Fuser%2Flogin%2F%3Ffrom%3D%2Fuser%2Flogin%2F%3Ffrom%3D%2Fuser%2Fregister%2F%3Ffrom%3D%2Fuser%2Flogin%2F%3Ffrom%3D%2Fuser%2Fregister%2F%3Ffrom%3D%2Fuser%2Flogin%2F%3Ffrom%3D%2Fuser%2Fregister%2F%3Ffrom%3D%2Fuser%2Flogin%2F%3Ffrom%3D%2Fblog%2F54%2F HTTP/1.1" 200 3812 "-" "Mozilla/5.0 (compatible; SemrushBot/6~bl; +http://www.semrush.com/bot.html)"
46.229.168.144 - - [06/Dec/2019:10:36:40 +0800] "GET /user/register/?from=%2Fuser%2Flogin%2F%3Ffrom%3D%2Fuser%2Flogin%2F%3Ffrom%3D%2Fuser%2Flogin%2F%3Ffrom%3D%2Fuser%2Flogin%2F%3Ffrom%3D%2Fuser%2Fregister%2F%3Ffrom%3D%2Fuser%2Fregister%2F%3Ffrom%3D%2Fuser%2Flogin%2F%3Ffrom%3D%2Fuser%2Flogin%2F%3Ffrom%3D%2Fblog%2Ftype%2F6%2F%3Fpage%3D2 HTTP/1.1" 200 4169 "-" "Mozilla/5.0 (compatible; SemrushBot/6~bl; +http://www.semrush.com/bot.html)"
46.229.168.137 - - [06/Dec/2019:10:36:43 +0800] "GET /user/login/?from=%2Fuser%2Fregister%2F%3Ffrom%3D%2Fuser%2Flogin%2F%3Ffrom%3D%2Fuser%2Fregister%2F%3Ffrom%3D%2Fuser%2Fregister%2F%3Ffrom%3D%2Fuser%2Flogin%2F%3Ffrom%3D%2Fuser%2Fregister%2F%3Ffrom%3D%2Fuser%2Fregister%2F%3Ffrom%3D%2Fuser%2Flogin%2F%3Ffrom%3D%2Fuser%2Flogin%2F%3Ffrom%3D%2Fuser%2Fregister%2F%3Ffrom%3D%2Fuser%2Flogin%2F%3Ffrom%3D%2Fblog%2Fdate%2F2018%2F12%3Fpage%3D3 HTTP/1.1" 200 3827 "-" "Mozilla/5.0 (compatible; SemrushBot/6~bl; +http://www.semrush.com/bot.html)"
46.229.168.146 - - [06/Dec/2019:10:37:44 +0800] "GET /user/login/?from=%2Fuser%2Flogin%2F%3Ffrom%3D%2Fuser%2Fregister%2F%3Ffrom%3D%2Fuser%2Flogin%2F%3Ffrom%3D%2Fuser%2Fregister%2F%3Ffrom%3D%2Fuser%2Fregister%2F%3Ffrom%3D%2Fuser%2Fregister%2F%3Ffrom%3D%2Fuser%2Flogin%2F%3Ffrom%3D%2Fuser%2Fregister%2F%3Ffrom%3D%2Fblog%2Fdate%2F2019%2F2 HTTP/1.1" 200 3818 "-" "Mozilla/5.0 (compatible; SemrushBot/6~bl; +http://www.semrush.com/bot.html)"
46.229.168.145 - - [06/Dec/2019:10:37:53 +0800] "GET /user/login/?from=%2Fuser%2Fregister%2F%3Ffrom%3D%2Fuser%2Fregister%2F%3Ffrom%3D%2Fuser%2Fregister%2F%3Ffrom%3D%2Fuser%2Flogin%2F%3Ffrom%3D%2Fuser%2Fregister%2F%3Ffrom%3D%2Fuser%2Flogin%2F%3Ffrom%3D%2Fuser%2Flogin%2F%3Ffrom%3D%2Fuser%2Flogin%2F%3Ffrom%3D%2Fblog%2F84%2F HTTP/1.1" 200 3803 "-" "Mozilla/5.0 (compatible; SemrushBot/6~bl; +http://www.semrush.com/bot.html)"
46.229.168.137 - - [06/Dec/2019:10:39:12 +0800] "GET /user/login/?from=%2Fuser%2Fregister%2F%3Ffrom%3D%2Fuser%2Flogin%2F%3Ffrom%3D%2Fuser%2Flogin%2F%3Ffrom%3D%2Fuser%2Flogin%2F%3Ffrom%3D%2Fuser%2Fregister%2F%3Ffrom%3D%2Fuser%2Flogin%2F%3Ffrom%3D%2Fuser%2Fregister%2F%3Ffrom%3D%2Fuser%2Flogin%2F%3Ffrom%3D%2Fuser%2Fregister%2F%3Ffrom%3D%2Fuser%2Flogin%2F%3Ffrom%3D%2Fuser%2Flogin%2F%3Ffrom%3D%2Fblog%2F75%2F HTTP/1.1" 200 3811 "-" "Mozilla/5.0 (compatible; SemrushBot/6~bl; +http://www.semrush.com/bot.html)"
46.229.168.134 - - [06/Dec/2019:10:40:17 +0800] "GET /user/login/?from=%2Fuser%2Flogin%2F%3Ffrom%3D%2Fuser%2Fregister%2F%3Ffrom%3D%2Fuser%2Flogin%2F%3Ffrom%3D%2Fuser%2Fregister%2F%3Ffrom%3D%2Fblog%2F71%2F HTTP/1.1" 200 3797 "-" "Mozilla/5.0 (compatible; SemrushBot/6~bl; +http://www.semrush.com/bot.html)"
46.229.168.139 - - [06/Dec/2019:10:40:19 +0800] "GET /user/register/?from=%2Fuser%2Flogin%2F%3Ffrom%3D%2Fuser%2Fregister%2F%3Ffrom%3D%2Fuser%2Fregister%2F%3Ffrom%3D%2Fuser%2Flogin%2F%3Ffrom%3D%2Fuser%2Flogin%2F%3Ffrom%3D%2Fuser%2Flogin%2F%3Ffrom%3D%2Fuser%2Fregister%2F%3Ffrom%3D%2Fuser%2Flogin%2F%3Ffrom%3D%2Fuser%2Flogin%2F%3Ffrom%3D%2Fblog%2Ftype%2F24%2F HTTP/1.1" 200 4163 "-" "Mozilla/5.0 (compatible; SemrushBot/6~bl; +http://www.semrush.com/bot.html)"
46.229.168.134 - - [06/Dec/2019:10:40:37 +0800] "GET /user/login/?from=%2Fuser%2Flogin%2F%3Ffrom%3D%2Fuser%2Fregister%2F%3Ffrom%3D%2Fuser%2Flogin%2F%3Ffrom%3D%2Fuser%2Flogin%2F%3Ffrom%3D%2Fuser%2Flogin%2F%3Ffrom%3D%2Fuser%2Flogin%2F%3Ffrom%3D%2Fuser%2Flogin%2F%3Ffrom%3D%2Fuser%2Flogin%2F%3Ffrom%3D%2Fuser%2Flogin%2F%3Ffrom%3D%2Fblog%2Ftag%2F24%2F HTTP/1.1" 200 3808 "-" "Mozilla/5.0 (compatible; SemrushBot/6~bl; +http://www.semrush.com/bot.html)"
46.229.168.136 - - [06/Dec/2019:10:40:38 +0800] "GET /user/register/?from=%2Fuser%2Fregister%2F%3Ffrom%3D%2Fuser%2Fregister%2F%3Ffrom%3D%2Fuser%2Fregister%2F%3Ffrom%3D%2Fuser%2Flogin%2F%3Ffrom%3D%2Fuser%2Fregister%2F%3Ffrom%3D%2Fuser%2Flogin%2F%3Ffrom%3D%2Fuser%2Flogin%2F%3Ffrom%3D%2Fuser%2Flogin%2F%3Ffrom%3D%2Fuser%2Fregister%2F%3Ffrom%3D%2Fuser%2Fregister%2F%3Ffrom%3D%2Fblog%2F86%2F HTTP/1.1" 200 4161 "-" "Mozilla/5.0 (compatible; SemrushBot/6~bl; +http://www.semrush.com/bot.html)"
46.229.168.148 - - [06/Dec/2019:10:41:27 +0800] "GET /user/login/?from=%2Fuser%2Flogin%2F%3Ffrom%3D%2Fuser%2Flogin%2F%3Ffrom%3D%2Fuser%2Fregister%2F%3Ffrom%3D%2Fuser%2Flogin%2F%3Ffrom%3D%2Fuser%2Flogin%2F%3Ffrom%3D%2Fuser%2Fregister%2F%3Ffrom%3D%2Fuser%2Flogin%2F%3Ffrom%3D%2Fuser%2Fregister%2F%3Ffrom%3D%2Fuser%2Flogin%2F%3Ffrom%3D%2Fuser%2Flogin%2F%3Ffrom%3D%2Fblog%2F75%2F HTTP/1.1" 200 3808 "-" "Mozilla/5.0 (compatible; SemrushBot/6~bl; +http://www.semrush.com/bot.html)"
46.229.168.142 - - [06/Dec/2019:10:41:34 +0800] "GET /user/login/?from=%2Fuser%2Flogin%2F%3Ffrom%3D%2Fuser%2Flogin%2F%3Ffrom%3D%2Fuser%2Fregister%2F%3Ffrom%3D%2Fuser%2Flogin%2F%3Ffrom%3D%2Fuser%2Flogin%2F%3Ffrom%3D%2Fuser%2Flogin%2F%3Ffrom%3D%2Fuser%2Flogin%2F%3Ffrom%3D%2Fblog%2Fdate%2F2019%2F4 HTTP/1.1" 200 3808 "-" "Mozilla/5.0 (compatible; SemrushBot/6~bl; +http://www.semrush.com/bot.html)"
46.229.168.136 - - [06/Dec/2019:10:42:02 +0800] "GET /user/register/?from=%2Fuser%2Fregister%2F%3Ffrom%3D%2Fuser%2Fregister%2F%3Ffrom%3D%2Fuser%2Fregister%2F%3Ffrom%3D%2Fuser%2Fregister%2F%3Ffrom%3D%2Fuser%2Flogin%2F%3Ffrom%3D%2Fuser%2Fregister%2F%3Ffrom%3D%2Fuser%2Flogin%2F%3Ffrom%3D%2Fblog%2Fdate%2F2019%2F1 HTTP/1.1" 200 4163 "-" "Mozilla/5.0 (compatible; SemrushBot/6~bl; +http://www.semrush.com/bot.html)"
46.229.168.143 - - [06/Dec/2019:10:42:13 +0800] "GET /user/login/?from=%2Fuser%2Flogin%2F%3Ffrom%3D%2Fuser%2Fregister%2F%3Ffrom%3D%2Fuser%2Flogin%2F%3Ffrom%3D%2Fuser%2Fregister%2F%3Ffrom%3D%2Fuser%2Flogin%2F%3Ffrom%3D%2Fuser%2Flogin%2F%3Ffrom%3D%2Fblog%2F61%2F HTTP/1.1" 200 3808 "-" "Mozilla/5.0 (compatible; SemrushBot/6~bl; +http://www.semrush.com/bot.html)"
46.229.168.133 - - [06/Dec/2019:10:42:15 +0800] "GET /user/login/?from=%2Fuser%2Fregister%2F%3Ffrom%3D%2Fuser%2Fregister%2F%3Ffrom%3D%2Fuser%2Flogin%2F%3Ffrom%3D%2Fuser%2Flogin%2F%3Ffrom%3D%2Fuser%2Flogin%2F%3Ffrom%3D%2Fuser%2Flogin%2F%3Ffrom%3D%2Fuser%2Fregister%2F%3Ffrom%3D%2Fuser%2Flogin%2F%3Ffrom%3D%2Fuser%2Fregister%2F%3Ffrom%3D%2Fblog%2Ftype%2F23%2F HTTP/1.1" 200 3807 "-" "Mozilla/5.0 (compatible; SemrushBot/6~bl; +http://www.semrush.com/bot.html)"
46.229.168.138 - - [06/Dec/2019:10:42:38 +0800] "GET /user/register/?from=%2Fuser%2Fregister%2F%3Ffrom%3D%2Fuser%2Flogin%2F%3Ffrom%3D%2Fuser%2Flogin%2F%3Ffrom%3D%2Fuser%2Flogin%2F%3Ffrom%3D%2Fuser%2Flogin%2F%3Ffrom%3D%2Fuser%2Flogin%2F%3Ffrom%3D%2Fuser%2Fregister%2F%3Ffrom%3D%2Fblog%2Ftype%2F11%2F HTTP/1.1" 200 4157 "-" "Mozilla/5.0 (compatible; SemrushBot/6~bl; +http://www.semrush.com/bot.html)"
46.229.168.149 - - [06/Dec/2019:10:43:27 +0800] "GET /user/register/?from=%2Fuser%2Flogin%2F%3Ffrom%3D%2Fuser%2Flogin%2F%3Ffrom%3D%2Fuser%2Fregister%2F%3Ffrom%3D%2Fuser%2Flogin%2F%3Ffrom%3D%2Fuser%2Fregister%2F%3Ffrom%3D%2Fuser%2Fregister%2F%3Ffrom%3D%2Fuser%2Fregister%2F%3Ffrom%3D%2Fblog%2Fall_types%2F%3Fpage%3D2 HTTP/1.1" 200 4171 "-" "Mozilla/5.0 (compatible; SemrushBot/6~bl; +http://www.semrush.com/bot.html)"
46.229.168.148 - - [06/Dec/2019:10:43:29 +0800] "GET /user/register/?from=%2Fuser%2Fregister%2F%3Ffrom%3D%2Fuser%2Fregister%2F%3Ffrom%3D%2Fuser%2Flogin%2F%3Ffrom%3D%2Fuser%2Flogin%2F%3Ffrom%3D%2Fuser%2Fregister%2F%3Ffrom%3D%2Fuser%2Fregister%2F%3Ffrom%3D%2Fblog%2F59%2F HTTP/1.1" 200 4155 "-" "Mozilla/5.0 (compatible; SemrushBot/6~bl; +http://www.semrush.com/bot.html)"
46.229.168.143 - - [06/Dec/2019:10:43:34 +0800] "GET /user/login/?from=%2Fuser%2Flogin%2F%3Ffrom%3D%2Fuser%2Flogin%2F%3Ffrom%3D%2Fuser%2Flogin%2F%3Ffrom%3D%2Fuser%2Fregister%2F%3Ffrom%3D%2Fuser%2Flogin%2F%3Ffrom%3D%2Fuser%2Flogin%2F%3Ffrom%3D%2Fuser%2Fregister%2F%3Ffrom%3D%2Fuser%2Fregister%2F%3Ffrom%3D%2Fblog%2Ftype%2F10%2F HTTP/1.1" 200 3810 "-" "Mozilla/5.0 (compatible; SemrushBot/6~bl; +http://www.semrush.com/bot.html)"
46.229.168.135 - - [06/Dec/2019:10:44:59 +0800] "GET /user/login/?from=%2Fuser%2Flogin%2F%3Ffrom%3D%2Fuser%2Fregister%2F%3Ffrom%3D%2Fuser%2Flogin%2F%3Ffrom%3D%2Fuser%2Flogin%2F%3Ffrom%3D%2Fuser%2Flogin%2F%3Ffrom%3D%2Fuser%2Fregister%2F%3Ffrom%3D%2Fuser%2Fregister%2F%3Ffrom%3D%2Fblog%2Fdate%2F2019%2F1%3Fpage%3D1 HTTP/1.1" 200 3823 "-" "Mozilla/5.0 (compatible; SemrushBot/6~bl; +http://www.semrush.com/bot.html)"
46.229.168.152 - - [06/Dec/2019:10:46:00 +0800] "GET /robots.txt HTTP/1.1" 404 3464 "-" "Mozilla/5.0 (compatible; SemrushBot/6~bl; +http://www.semrush.com/bot.html)"
46.229.168.145 - - [06/Dec/2019:10:46:00 +0800] "GET /user/login/?from=%2Fuser%2Flogin%2F%3Ffrom%3D%2Fuser%2Fregister%2F%3Ffrom%3D%2Fuser%2Flogin%2F%3Ffrom%3D%2Fuser%2Flogin%2F%3Ffrom%3D%2Fuser%2Flogin%2F%3Ffrom%3D%2Fuser%2Flogin%2F%3Ffrom%3D%2Fuser%2Flogin%2F%3Ffrom%3D%2Fuser%2Flogin%2F%3Ffrom%3D%2Fuser%2Fregister%2F%3Ffrom%3D%2Fblog%2F79%2F HTTP/1.1" 200 3807 "-" "Mozilla/5.0 (compatible; SemrushBot/6~bl; +http://www.semrush.com/bot.html)"
46.229.168.154 - - [06/Dec/2019:10:46:04 +0800] "GET /user/register/?from=%2Fuser%2Flogin%2F%3Ffrom%3D%2Fuser%2Fregister%2F%3Ffrom%3D%2Fuser%2Flogin%2F%3Ffrom%3D%2Fuser%2Fregister%2F%3Ffrom%3D%2Fuser%2Flogin%2F%3Ffrom%3D%2Fblog%2F53%2F HTTP/1.1" 200 4146 "-" "Mozilla/5.0 (compatible; SemrushBot/6~bl; +http://www.semrush.com/bot.html)"
46.229.168.132 - - [06/Dec/2019:10:46:18 +0800] "GET /user/login/?from=%2Fuser%2Flogin%2F%3Ffrom%3D%2Fuser%2Flogin%2F%3Ffrom%3D%2Fuser%2Flogin%2F%3Ffrom%3D%2Fuser%2Fregister%2F%3Ffrom%3D%2Fuser%2Fregister%2F%3Ffrom%3D%2Fuser%2Fregister%2F%3Ffrom%3D%2Fuser%2Flogin%2F%3Ffrom%3D%2Fuser%2Flogin%2F%3Ffrom%3D%2Fuser%2Flogin%2F%3Ffrom%3D%2Fblog%2F38%2F HTTP/1.1" 200 3808 "-" "Mozilla/5.0 (compatible; SemrushBot/6~bl; +http://www.semrush.com/bot.html)"
46.229.168.133 - - [06/Dec/2019:10:46:29 +0800] "GET /user/register/?from=%2Fuser%2Flogin%2F%3Ffrom%3D%2Fuser%2Flogin%2F%3Ffrom%3D%2Fuser%2Flogin%2F%3Ffrom%3D%2Fuser%2Flogin%2F%3Ffrom%3D%2Fuser%2Fregister%2F%3Ffrom%3D%2Fuser%2Fregister%2F%3Ffrom%3D%2Fuser%2Fregister%2F%3Ffrom%3D%2Fuser%2Flogin%2F%3Ffrom%3D%2Fblog%2F63%2F HTTP/1.1" 200 4155 "-" "Mozilla/5.0 (compatible; SemrushBot/6~bl; +http://www.semrush.com/bot.html)"
