46.229.168.163 - - [06/Dec/2019:10:47:45 +0800] "GET /user/register/?from=%2Fuser%2Flogin%2F%3Ffrom%3D%2Fuser%2Fregister%2F%3Ffrom%3D%2Fuser%2Fregister%2F%3Ffrom%3D%2Fuser%2Flogin%2F%3Ffrom%3D%2Fuser%2Fregister%2F%3Ffrom%3D%2Fuser%2Fregister%2F%3Ffrom%3D%2Fblog%2F95%2F HTTP/1.1" 200 4154 "-" "Mozilla/5.0 (compatible; SemrushBot/6~bl; +http://www.semrush.com/bot.html)"
46.229.168.136 - - [06/Dec/2019:10:48:11 +0800] "GET /user/register/?from=%2Fuser%2Flogin%2F%3Ffrom%3D%2Fuser%2Fregister%2F%3Ffrom%3D%2Fblog%2Fall_types%2F HTTP/1.1" 200 4147 "-" "Mozilla/5.0 (compatible; SemrushBot/6~bl; +http://www.semrush.com/bot.html)"
46.229.168.130 - - [06/Dec/2019:10:48:21 +0800] "GET /user/login/?from=%2Fuser%2Fregister%2F%3Ffrom%3D%2Fuser%2Fregister%2F%3Ffrom%3D%2Fuser%2Flogin%2F%3Ffrom%3D%2Fuser%2Flogin%2F%3Ffrom%3D%2Fuser%2Fregister%2F%3Ffrom%3D%2Fuser%2Flogin%2F%3Ffrom%3D%2Fuser%2Fregister%2F%3Ffrom%3D%2Fuser%2Fregister%2F%3Ffrom%3D%2Fuser%2Fregister%2F%3Ffrom%3D%2Fuser%2Flogin%2F%3Ffrom%3D%2Fuser%2Fregister%2F%3Ffrom%3D%2Fblog%2Ftag%2F29%2F HTTP/1.1" 200 3816 "-" "Mozilla/5.0 (compatible; SemrushBot/6~bl; +http://www.semrush.com/bot.html)"
46.229.168.140 - - [06/Dec/2019:10:48:50 +0800] "GET /user/register/?from=%2Fuser%2Flogin%2F%3Ffrom%3D%2Fuser%2Fregister%2F%3Ffrom%3D%2Fuser%2Fregister%2F%3Ffrom%3D%2Fuser%2Fregister%2F%3Ffrom%3D%2Fuser%2Flogin%2F%3Ffrom%3D%2Fuser%2Flogin%2F%3Ffrom%3D%2Fuser%2Flogin%2F%3Ffrom%3D%2Fblog%2Ftype%2F23%2F HTTP/1.1" 200 4161 "-" "Mozilla/5.0 (compatible; SemrushBot/6~bl; +http://www.semrush.com/bot.html)"
46.229.168.161 - - [06/Dec/2019:10:49:13 +0800] "GET /user/login/?from=%2Fuser%2Fregister%2F%3Ffrom%3D%2Fuser%2Flogin%2F%3Ffrom%3D%2Fuser%2Flogin%2F%3Ffrom%3D%2Fuser%2Fregister%2F%3Ffrom%3D%2Fuser%2Flogin%2F%3Ffrom%3D%2Fuser%2Fregister%2F%3Ffrom%3D%2Fuser%2Flogin%2F%3Ffrom%3D%2Fuser%2Fregister%2F%3Ffrom%3D%2Fblog%2F42%2F HTTP/1.1" 200 3806 "-" "Mozilla/5.0 (compatible; SemrushBot/6~bl; +http://www.semrush.com/bot.html)"
46.229.168.147 - - [06/Dec/2019:10:49:18 +0800] "GET /user/register/?from=%2Fuser%2Flogin%2F%3Ffrom%3D%2Fuser%2Flogin%2F%3Ffrom%3D%2Fuser%2Fregister%2F%3Ffrom%3D%2Fuser%2Fregister%2F%3Ffrom%3D%2Fuser%2Fregister%2F%3Ffrom%3D%2Fuser%2Flogin%2F%3Ffrom%3D%2Fuser%2Fregister%2F%3Ffrom%3D%2Fuser%2Flogin%2F%3Ffrom%3D%2Fuser%2Flogin%2F%3Ffrom%3D%2Fblog%2F88%2F HTTP/1.1" 200 4163 "-" "Mozilla/5.0 (compatible; SemrushBot/6~bl; +http://www.semrush.com/bot.html)"
46.229.168.138 - - [06/Dec/2019:10:49:31 +0800] "GET /user/register/?from=%2Fuser%2Fregister%2F%3Ffrom%3D%2Fuser%2Fregister%2F%3Ffrom%3D%2Fuser%2Fregister%2F%3Ffrom%3D%2Fuser%2Fregister%2F%3Ffrom%3D%2Fblog%2Ftag%2F9%2F%3Fpage%3D2 HTTP/1.1" 200 4158 "-" "Mozilla/5.0 (compatible; SemrushBot/6~bl; +http://www.semrush.com/bot.html)"
112.10.24.176 - - [06/Dec/2019:10:49:33 +0800] "GET / HTTP/1.1" 200 6923 "-" "Mozilla/5.0 (X11; Linux x86_64) AppleWebKit/537.36 (KHTML, like Gecko) Chrome/78.0.3904.108 Safari/537.36"
112.10.24.176 - - [06/Dec/2019:10:49:44 +0800] "GET /admin/ HTTP/1.1" 200 5776 "http://www.runstone.top/" "Mozilla/5.0 (X11; Linux x86_64) AppleWebKit/537.36 (KHTML, like Gecko) Chrome/78.0.3904.108 Safari/537.36"
112.10.24.176 - - [06/Dec/2019:10:49:44 +0800] "GET /static/admin/simpleui-x/css/index.css?_=3.2 HTTP/1.1" 304 0 "http://www.runstone.top/admin/" "Mozilla/5.0 (X11; Linux x86_64) AppleWebKit/537.36 (KHTML, like Gecko) Chrome/78.0.3904.108 Safari/537.36"
112.10.24.176 - - [06/Dec/2019:10:49:44 +0800] "GET /static/admin/simpleui-x/waves/waves.min.css?_=2.1 HTTP/1.1" 304 0 "http://www.runstone.top/admin/" "Mozilla/5.0 (X11; Linux x86_64) AppleWebKit/537.36 (KHTML, like Gecko) Chrome/78.0.3904.108 Safari/537.36"
112.10.24.176 - - [06/Dec/2019:10:49:44 +0800] "GET /static/admin/simpleui-x/automatic/dicts.js?_=2.1 HTTP/1.1" 304 0 "http://www.runstone.top/admin/" "Mozilla/5.0 (X11; Linux x86_64) AppleWebKit/537.36 (KHTML, like Gecko) Chrome/78.0.3904.108 Safari/537.36"
112.10.24.176 - - [06/Dec/2019:10:49:44 +0800] "GET /static/admin/simpleui-x/img/logo.png HTTP/1.1" 200 115997 "http://www.runstone.top/admin/" "Mozilla/5.0 (X11; Linux x86_64) AppleWebKit/537.36 (KHTML, like Gecko) Chrome/78.0.3904.108 Safari/537.36"
112.10.24.176 - - [06/Dec/2019:10:49:44 +0800] "GET /static/admin/simpleui-x/automatic/segment.js HTTP/1.1" 304 0 "http://www.runstone.top/admin/" "Mozilla/5.0 (X11; Linux x86_64) AppleWebKit/537.36 (KHTML, like Gecko) Chrome/78.0.3904.108 Safari/537.36"
112.10.24.176 - - [06/Dec/2019:10:49:44 +0800] "GET /static/admin/simpleui-x/locale/en-us.js?_=2.1.2 HTTP/1.1" 304 0 "http://www.runstone.top/admin/" "Mozilla/5.0 (X11; Linux x86_64) AppleWebKit/537.36 (KHTML, like Gecko) Chrome/78.0.3904.108 Safari/537.36"
112.10.24.176 - - [06/Dec/2019:10:49:44 +0800] "GET /static/admin/simpleui-x/js/cookie.js HTTP/1.1" 304 0 "http://www.runstone.top/admin/" "Mozilla/5.0 (X11; Linux x86_64) AppleWebKit/537.36 (KHTML, like Gecko) Chrome/78.0.3904.108 Safari/537.36"
112.10.24.176 - - [06/Dec/2019:10:49:44 +0800] "GET /static/admin/simpleui-x/locale/zh-hans.js?_=2.1.2 HTTP/1.1" 304 0 "http://www.runstone.top/admin/" "Mozilla/5.0 (X11; Linux x86_64) AppleWebKit/537.36 (KHTML, like Gecko) Chrome/78.0.3904.108 Safari/537.36"
112.10.24.176 - - [06/Dec/2019:10:49:44 +0800] "GET /static/admin/simpleui-x/waves/waves.min.js?_=2.0.5 HTTP/1.1" 304 0 "http://www.runstone.top/admin/" "Mozilla/5.0 (X11; Linux x86_64) AppleWebKit/537.36 (KHTML, like Gecko) Chrome/78.0.3904.108 Safari/537.36"
112.10.24.176 - - [06/Dec/2019:10:49:44 +0800] "GET /static/admin/simpleui-x/js/index.js?_=3.3 HTTP/1.1" 304 0 "http://www.runstone.top/admin/" "Mozilla/5.0 (X11; Linux x86_64) AppleWebKit/537.36 (KHTML, like Gecko) Chrome/78.0.3904.108 Safari/537.36"
112.10.24.176 - - [06/Dec/2019:10:49:44 +0800] "GET /static/admin/simpleui-x/theme/theme.js HTTP/1.1" 304 0 "http://www.runstone.top/admin/" "Mozilla/5.0 (X11; Linux x86_64) AppleWebKit/537.36 (KHTML, like Gecko) Chrome/78.0.3904.108 Safari/537.36"
112.10.24.176 - - [06/Dec/2019:10:49:44 +0800] "GET /static/admin/simpleui-x/theme/ant.design.css HTTP/1.1" 304 0 "http://www.runstone.top/admin/" "Mozilla/5.0 (X11; Linux x86_64) AppleWebKit/537.36 (KHTML, like Gecko) Chrome/78.0.3904.108 Safari/537.36"
58.247.212.239 - - [06/Dec/2019:10:49:55 +0800] "GET http://www.runstone.top/blog/tag/9/ HTTP/1.1" 200 7383 "-" "Go-http-client/1.1"
183.192.179.16 - - [06/Dec/2019:10:49:57 +0800] "GET http://www.runstone.top/blog/61/ HTTP/1.1" 200 8652 "-" "Go-http-client/1.1"
112.10.24.176 - - [06/Dec/2019:10:50:01 +0800] "GET /admin/read_statistics/readnum/ HTTP/1.1" 200 7749 "http://www.runstone.top/admin/" "Mozilla/5.0 (X11; Linux x86_64) AppleWebKit/537.36 (KHTML, like Gecko) Chrome/78.0.3904.108 Safari/537.36"
112.10.24.176 - - [06/Dec/2019:10:50:01 +0800] "GET /static/admin/css/base.css HTTP/1.1" 304 0 "http://www.runstone.top/admin/read_statistics/readnum/" "Mozilla/5.0 (X11; Linux x86_64) AppleWebKit/537.36 (KHTML, like Gecko) Chrome/78.0.3904.108 Safari/537.36"
112.10.24.176 - - [06/Dec/2019:10:50:01 +0800] "GET /static/admin/simpleui-x/theme/simpleui.css HTTP/1.1" 304 0 "http://www.runstone.top/admin/read_statistics/readnum/" "Mozilla/5.0 (X11; Linux x86_64) AppleWebKit/537.36 (KHTML, like Gecko) Chrome/78.0.3904.108 Safari/537.36"
112.10.24.176 - - [06/Dec/2019:10:50:01 +0800] "GET /static/admin/simpleui-x/js/language.js?_=2.1.2 HTTP/1.1" 304 0 "http://www.runstone.top/admin/read_statistics/readnum/" "Mozilla/5.0 (X11; Linux x86_64) AppleWebKit/537.36 (KHTML, like Gecko) Chrome/78.0.3904.108 Safari/537.36"
112.10.24.176 - - [06/Dec/2019:10:50:01 +0800] "GET /static/admin/simpleui-x/css/base.css?_=2.7 HTTP/1.1" 304 0 "http://www.runstone.top/admin/read_statistics/readnum/" "Mozilla/5.0 (X11; Linux x86_64) AppleWebKit/537.36 (KHTML, like Gecko) Chrome/78.0.3904.108 Safari/537.36"
112.10.24.176 - - [06/Dec/2019:10:50:01 +0800] "GET /static/admin/simpleui-x/locale/zh-hans.js HTTP/1.1" 304 0 "http://www.runstone.top/admin/read_statistics/readnum/" "Mozilla/5.0 (X11; Linux x86_64) AppleWebKit/537.36 (KHTML, like Gecko) Chrome/78.0.3904.108 Safari/537.36"
112.10.24.176 - - [06/Dec/2019:10:50:01 +0800] "GET /static/admin/css/changelists.css?_=20180905 HTTP/1.1" 304 0 "http://www.runstone.top/admin/read_statistics/readnum/" "Mozilla/5.0 (X11; Linux x86_64) AppleWebKit/537.36 (KHTML, like Gecko) Chrome/78.0.3904.108 Safari/537.36"
112.10.24.176 - - [06/Dec/2019:10:50:01 +0800] "GET /static/admin/js/core.js HTTP/1.1" 304 0 "http://www.runstone.top/admin/read_statistics/readnum/" "Mozilla/5.0 (X11; Linux x86_64) AppleWebKit/537.36 (KHTML, like Gecko) Chrome/78.0.3904.108 Safari/537.36"
112.10.24.176 - - [06/Dec/2019:10:50:01 +0800] "GET /static/admin/js/admin/RelatedObjectLookups.js HTTP/1.1" 304 0 "http://www.runstone.top/admin/read_statistics/readnum/" "Mozilla/5.0 (X11; Linux x86_64) AppleWebKit/537.36 (KHTML, like Gecko) Chrome/78.0.3904.108 Safari/537.36"
112.10.24.176 - - [06/Dec/2019:10:50:01 +0800] "GET /static/admin/js/jquery.init.js HTTP/1.1" 304 0 "http://www.runstone.top/admin/read_statistics/readnum/" "Mozilla/5.0 (X11; Linux x86_64) AppleWebKit/537.36 (KHTML, like Gecko) Chrome/78.0.3904.108 Safari/537.36"
112.10.24.176 - - [06/Dec/2019:10:50:01 +0800] "GET /admin/jsi18n/ HTTP/1.1" 200 2325 "http://www.runstone.top/admin/read_statistics/readnum/" "Mozilla/5.0 (X11; Linux x86_64) AppleWebKit/537.36 (KHTML, like Gecko) Chrome/78.0.3904.108 Safari/537.36"
112.10.24.176 - - [06/Dec/2019:10:50:01 +0800] "GET /static/admin/js/vendor/jquery/jquery.min.js HTTP/1.1" 200 29936 "http://www.runstone.top/admin/read_statistics/readnum/" "Mozilla/5.0 (X11; Linux x86_64) AppleWebKit/537.36 (KHTML, like Gecko) Chrome/78.0.3904.108 Safari/537.36"
112.10.24.176 - - [06/Dec/2019:10:50:01 +0800] "GET /static/admin/css/responsive.css?_=20180905 HTTP/1.1" 304 0 "http://www.runstone.top/admin/read_statistics/readnum/" "Mozilla/5.0 (X11; Linux x86_64) AppleWebKit/537.36 (KHTML, like Gecko) Chrome/78.0.3904.108 Safari/537.36"
112.10.24.176 - - [06/Dec/2019:10:50:01 +0800] "GET /static/admin/js/urlify.js HTTP/1.1" 304 0 "http://www.runstone.top/admin/read_statistics/readnum/" "Mozilla/5.0 (X11; Linux x86_64) AppleWebKit/537.36 (KHTML, like Gecko) Chrome/78.0.3904.108 Safari/537.36"
112.10.24.176 - - [06/Dec/2019:10:50:01 +0800] "GET /static/admin/js/actions.min.js HTTP/1.1" 304 0 "http://www.runstone.top/admin/read_statistics/readnum/" "Mozilla/5.0 (X11; Linux x86_64) AppleWebKit/537.36 (KHTML, like Gecko) Chrome/78.0.3904.108 Safari/537.36"
112.10.24.176 - - [06/Dec/2019:10:50:01 +0800] "GET /static/admin/js/prepopulate.min.js HTTP/1.1" 304 0 "http://www.runstone.top/admin/read_statistics/readnum/" "Mozilla/5.0 (X11; Linux x86_64) AppleWebKit/537.36 (KHTML, like Gecko) Chrome/78.0.3904.108 Safari/537.36"
112.10.24.176 - - [06/Dec/2019:10:50:01 +0800] "GET /static/admin/css/fonts.css HTTP/1.1" 304 0 "http://www.runstone.top/admin/read_statistics/readnum/" "Mozilla/5.0 (X11; Linux x86_64) AppleWebKit/537.36 (KHTML, like Gecko) Chrome/78.0.3904.108 Safari/537.36"
112.10.24.176 - - [06/Dec/2019:10:50:01 +0800] "GET /static/admin/js/vendor/xregexp/xregexp.min.js HTTP/1.1" 304 0 "http://www.runstone.top/admin/read_statistics/readnum/" "Mozilla/5.0 (X11; Linux x86_64) AppleWebKit/537.36 (KHTML, like Gecko) Chrome/78.0.3904.108 Safari/537.36"
112.10.24.176 - - [06/Dec/2019:10:50:01 +0800] "GET /static/admin/simpleui-x/automatic/dicts.js HTTP/1.1" 304 0 "http://www.runstone.top/admin/read_statistics/readnum/" "Mozilla/5.0 (X11; Linux x86_64) AppleWebKit/537.36 (KHTML, like Gecko) Chrome/78.0.3904.108 Safari/537.36"
112.10.24.176 - - [06/Dec/2019:10:50:01 +0800] "GET /static/admin/fonts/Roboto-Regular-webfont.woff HTTP/1.1" 200 80304 "http://www.runstone.top/static/admin/css/fonts.css" "Mozilla/5.0 (X11; Linux x86_64) AppleWebKit/537.36 (KHTML, like Gecko) Chrome/78.0.3904.108 Safari/537.36"
112.10.24.176 - - [06/Dec/2019:10:50:02 +0800] "GET /static/admin/fonts/Roboto-Bold-webfont.woff HTTP/1.1" 200 82564 "http://www.runstone.top/static/admin/css/fonts.css" "Mozilla/5.0 (X11; Linux x86_64) AppleWebKit/537.36 (KHTML, like Gecko) Chrome/78.0.3904.108 Safari/537.36"
112.10.24.176 - - [06/Dec/2019:10:50:03 +0800] "GET /admin/read_statistics/readdetail/ HTTP/1.1" 200 8019 "http://www.runstone.top/admin/" "Mozilla/5.0 (X11; Linux x86_64) AppleWebKit/537.36 (KHTML, like Gecko) Chrome/78.0.3904.108 Safari/537.36"
46.229.168.161 - - [06/Dec/2019:10:50:14 +0800] "GET /user/register/?from=%2Fuser%2Flogin%2F%3Ffrom%3D%2Fuser%2Fregister%2F%3Ffrom%3D%2Fuser%2Flogin%2F%3Ffrom%3D%2Fuser%2Fregister%2F%3Ffrom%3D%2Fuser%2Fregister%2F%3Ffrom%3D%2Fuser%2Flogin%2F%3Ffrom%3D%2Fuser%2Fregister%2F%3Ffrom%3D%2Fuser%2Fregister%2F%3Ffrom%3D%2Fuser%2Fregister%2F%3Ffrom%3D%2Fblog%2Ftag%2F15%2F HTTP/1.1" 200 4162 "-" "Mozilla/5.0 (compatible; SemrushBot/6~bl; +http://www.semrush.com/bot.html)"
46.229.168.133 - - [06/Dec/2019:10:50:17 +0800] "GET /user/login/?from=%2Fuser%2Fregister%2F%3Ffrom%3D%2Fuser%2Fregister%2F%3Ffrom%3D%2Fuser%2Flogin%2F%3Ffrom%3D%2Fuser%2Flogin%2F%3Ffrom%3D%2Fuser%2Flogin%2F%3Ffrom%3D%2Fuser%2Flogin%2F%3Ffrom%3D%2Fuser%2Fregister%2F%3Ffrom%3D%2Fuser%2Flogin%2F%3Ffrom%3D%2Fuser%2Fregister%2F%3Ffrom%3D%2Fuser%2Flogin%2F%3Ffrom%3D%2Fblog%2Ftag%2F6%2F HTTP/1.1" 200 3807 "-" "Mozilla/5.0 (compatible; SemrushBot/6~bl; +http://www.semrush.com/bot.html)"
112.10.24.176 - - [06/Dec/2019:10:50:21 +0800] "GET /admin/social_django/association/ HTTP/1.1" 200 5381 "http://www.runstone.top/admin/" "Mozilla/5.0 (X11; Linux x86_64) AppleWebKit/537.36 (KHTML, like Gecko) Chrome/78.0.3904.108 Safari/537.36"
112.10.24.176 - - [06/Dec/2019:10:50:23 +0800] "GET /admin/social_django/nonce/ HTTP/1.1" 200 5259 "http://www.runstone.top/admin/" "Mozilla/5.0 (X11; Linux x86_64) AppleWebKit/537.36 (KHTML, like Gecko) Chrome/78.0.3904.108 Safari/537.36"
112.10.24.176 - - [06/Dec/2019:10:50:24 +0800] "GET /admin/social_django/usersocialauth/ HTTP/1.1" 200 5605 "http://www.runstone.top/admin/" "Mozilla/5.0 (X11; Linux x86_64) AppleWebKit/537.36 (KHTML, like Gecko) Chrome/78.0.3904.108 Safari/537.36"
112.10.24.176 - - [06/Dec/2019:10:50:34 +0800] "GET /admin/social_django/usersocialauth/2/change/ HTTP/1.1" 200 3305 "http://www.runstone.top/admin/social_django/usersocialauth/" "Mozilla/5.0 (X11; Linux x86_64) AppleWebKit/537.36 (KHTML, like Gecko) Chrome/78.0.3904.108 Safari/537.36"
112.10.24.176 - - [06/Dec/2019:10:50:34 +0800] "GET /static/admin/css/forms.css HTTP/1.1" 304 0 "http://www.runstone.top/admin/social_django/usersocialauth/2/change/" "Mozilla/5.0 (X11; Linux x86_64) AppleWebKit/537.36 (KHTML, like Gecko) Chrome/78.0.3904.108 Safari/537.36"
112.10.24.176 - - [06/Dec/2019:10:50:34 +0800] "GET /static/admin/js/change_form.js HTTP/1.1" 304 0 "http://www.runstone.top/admin/social_django/usersocialauth/2/change/" "Mozilla/5.0 (X11; Linux x86_64) AppleWebKit/537.36 (KHTML, like Gecko) Chrome/78.0.3904.108 Safari/537.36"
112.10.24.176 - - [06/Dec/2019:10:50:34 +0800] "GET /static/admin/js/prepopulate_init.js HTTP/1.1" 304 0 "http://www.runstone.top/admin/social_django/usersocialauth/2/change/" "Mozilla/5.0 (X11; Linux x86_64) AppleWebKit/537.36 (KHTML, like Gecko) Chrome/78.0.3904.108 Safari/537.36"
112.10.24.176 - - [06/Dec/2019:10:50:34 +0800] "GET /static/admin/css/widgets.css HTTP/1.1" 304 0 "http://www.runstone.top/admin/social_django/usersocialauth/2/change/" "Mozilla/5.0 (X11; Linux x86_64) AppleWebKit/537.36 (KHTML, like Gecko) Chrome/78.0.3904.108 Safari/537.36"
112.10.24.176 - - [06/Dec/2019:10:50:34 +0800] "GET /static/admin/img/search.svg HTTP/1.1" 304 0 "http://www.runstone.top/static/admin/css/forms.css" "Mozilla/5.0 (X11; Linux x86_64) AppleWebKit/537.36 (KHTML, like Gecko) Chrome/78.0.3904.108 Safari/537.36"
46.229.168.134 - - [06/Dec/2019:10:50:45 +0800] "GET /user/login/?from=%2Fuser%2Fregister%2F%3Ffrom%3D%2Fuser%2Flogin%2F%3Ffrom%3D%2Fuser%2Fregister%2F%3Ffrom%3D%2Fuser%2Flogin%2F%3Ffrom%3D%2Fuser%2Fregister%2F%3Ffrom%3D%2Fuser%2Flogin%2F%3Ffrom%3D%2Fuser%2Flogin%2F%3Ffrom%3D%2Fuser%2Fregister%2F%3Ffrom%3D%2Fblog%2Fdate%2F2019%2F4 HTTP/1.1" 200 3811 "-" "Mozilla/5.0 (compatible; SemrushBot/6~bl; +http://www.semrush.com/bot.html)"
112.10.24.176 - - [06/Dec/2019:10:51:07 +0800] "GET /admin/social_django/usersocialauth/ HTTP/1.1" 200 5606 "http://www.runstone.top/admin/social_django/usersocialauth/2/change/" "Mozilla/5.0 (X11; Linux x86_64) AppleWebKit/537.36 (KHTML, like Gecko) Chrome/78.0.3904.108 Safari/537.36"
112.10.24.176 - - [06/Dec/2019:10:51:11 +0800] "GET /admin/social_django/usersocialauth/1/change/ HTTP/1.1" 200 3306 "http://www.runstone.top/admin/social_django/usersocialauth/" "Mozilla/5.0 (X11; Linux x86_64) AppleWebKit/537.36 (KHTML, like Gecko) Chrome/78.0.3904.108 Safari/537.36"
112.10.24.176 - - [06/Dec/2019:10:51:37 +0800] "GET /admin/blog_site/relatedlinks/ HTTP/1.1" 200 4909 "http://www.runstone.top/admin/" "Mozilla/5.0 (X11; Linux x86_64) AppleWebKit/537.36 (KHTML, like Gecko) Chrome/78.0.3904.108 Safari/537.36"
112.10.24.176 - - [06/Dec/2019:10:51:40 +0800] "GET /admin/blog_site/expectation/ HTTP/1.1" 200 4364 "http://www.runstone.top/admin/" "Mozilla/5.0 (X11; Linux x86_64) AppleWebKit/537.36 (KHTML, like Gecko) Chrome/78.0.3904.108 Safari/537.36"
112.10.24.176 - - [06/Dec/2019:10:51:41 +0800] "GET /admin/blog_site/siteinfo/ HTTP/1.1" 200 4417 "http://www.runstone.top/admin/" "Mozilla/5.0 (X11; Linux x86_64) AppleWebKit/537.36 (KHTML, like Gecko) Chrome/78.0.3904.108 Safari/537.36"
46.229.168.130 - - [06/Dec/2019:10:52:16 +0800] "GET /user/login/?from=%2Fuser%2Flogin%2F%3Ffrom%3D%2Fuser%2Fregister%2F%3Ffrom%3D%2Fuser%2Fregister%2F%3Ffrom%3D%2Fuser%2Flogin%2F%3Ffrom%3D%2Fuser%2Fregister%2F%3Ffrom%3D%2Fuser%2Flogin%2F%3Ffrom%3D%2Fuser%2Fregister%2F%3Ffrom%3D%2Fuser%2Flogin%2F%3Ffrom%3D%2Fblog%2F54%2F HTTP/1.1" 200 3803 "-" "Mozilla/5.0 (compatible; SemrushBot/6~bl; +http://www.semrush.com/bot.html)"
46.229.168.154 - - [06/Dec/2019:10:52:28 +0800] "GET /user/login/?from=%2Fuser%2Flogin%2F%3Ffrom%3D%2Fuser%2Fregister%2F%3Ffrom%3D%2Fuser%2Fregister%2F%3Ffrom%3D%2Fuser%2Fregister%2F%3Ffrom%3D%2Fuser%2Flogin%2F%3Ffrom%3D%2Fuser%2Fregister%2F%3Ffrom%3D%2Fuser%2Flogin%2F%3Ffrom%3D%2Fuser%2Flogin%2F%3Ffrom%3D%2Fblog%2Ftype%2F15%2F HTTP/1.1" 200 3812 "-" "Mozilla/5.0 (compatible; SemrushBot/6~bl; +http://www.semrush.com/bot.html)"
46.229.168.138 - - [06/Dec/2019:10:54:24 +0800] "GET /user/register/?from=%2Fuser%2Flogin%2F%3Ffrom%3D%2Fuser%2Fregister%2F%3Ffrom%3D%2Fuser%2Fregister%2F%3Ffrom%3D%2Fuser%2Flogin%2F%3Ffrom%3D%2Fuser%2Fregister%2F%3Ffrom%3D%2Fblog%2F67%2F HTTP/1.1" 200 4151 "-" "Mozilla/5.0 (compatible; SemrushBot/6~bl; +http://www.semrush.com/bot.html)"
46.229.168.131 - - [06/Dec/2019:10:55:08 +0800] "GET /user/login/?from=%2Fuser%2Fregister%2F%3Ffrom%3D%2Fuser%2Flogin%2F%3Ffrom%3D%2Fuser%2Flogin%2F%3Ffrom%3D%2Fuser%2Fregister%2F%3Ffrom%3D%2Fuser%2Fregister%2F%3Ffrom%3D%2Fuser%2Fregister%2F%3Ffrom%3D%2Fuser%2Flogin%2F%3Ffrom%3D%2Fblog%2Ftag%2F26%2F HTTP/1.1" 200 3808 "-" "Mozilla/5.0 (compatible; SemrushBot/6~bl; +http://www.semrush.com/bot.html)"
46.229.168.135 - - [06/Dec/2019:10:55:09 +0800] "GET /user/register/?from=%2Fuser%2Fregister%2F%3Ffrom%3D%2Fuser%2Fregister%2F%3Ffrom%3D%2Fuser%2Fregister%2F%3Ffrom%3D%2Fuser%2Flogin%2F%3Ffrom%3D%2Fuser%2Fregister%2F%3Ffrom%3D%2Fuser%2Flogin%2F%3Ffrom%3D%2Fuser%2Fregister%2F%3Ffrom%3D%2Fuser%2Fregister%2F%3Ffrom%3D%2Fuser%2Fregister%2F%3Ffrom%3D%2Fuser%2Fregister%2F%3Ffrom%3D%2Fblog%2Ftag%2F20%2F HTTP/1.1" 200 4157 "-" "Mozilla/5.0 (compatible; SemrushBot/6~bl; +http://www.semrush.com/bot.html)"
46.229.168.163 - - [06/Dec/2019:10:55:49 +0800] "GET /user/register/?from=%2Fuser%2Flogin%2F%3Ffrom%3D%2Fuser%2Fregister%2F%3Ffrom%3D%2Fuser%2Fregister%2F%3Ffrom%3D%2Fuser%2Flogin%2F%3Ffrom%3D%2Fuser%2Flogin%2F%3Ffrom%3D%2Fuser%2Fregister%2F%3Ffrom%3D%2Fblog%2F79%2F HTTP/1.1" 200 4154 "-" "Mozilla/5.0 (compatible; SemrushBot/6~bl; +http://www.semrush.com/bot.html)"
46.229.168.140 - - [06/Dec/2019:10:56:08 +0800] "GET /user/login/?from=%2Fuser%2Flogin%2F%3Ffrom%3D%2Fuser%2Flogin%2F%3Ffrom%3D%2Fuser%2Fregister%2F%3Ffrom%3D%2Fuser%2Fregister%2F%3Ffrom%3D%2Fuser%2Fregister%2F%3Ffrom%3D%2Fuser%2Fregister%2F%3Ffrom%3D%2Fblog%2Ftag%2F33%2F HTTP/1.1" 200 3804 "-" "Mozilla/5.0 (compatible; SemrushBot/6~bl; +http://www.semrush.com/bot.html)"
46.229.168.138 - - [06/Dec/2019:10:56:43 +0800] "GET /user/login/?from=%2Fuser%2Flogin%2F%3Ffrom%3D%2Fuser%2Flogin%2F%3Ffrom%3D%2Fuser%2Flogin%2F%3Ffrom%3D%2Fuser%2Flogin%2F%3Ffrom%3D%2Fuser%2Fregister%2F%3Ffrom%3D%2Fuser%2Flogin%2F%3Ffrom%3D%2Fuser%2Flogin%2F%3Ffrom%3D%2Fblog%2Ftag%2F6%2F%3Fpage%3D3 HTTP/1.1" 200 3806 "-" "Mozilla/5.0 (compatible; SemrushBot/6~bl; +http://www.semrush.com/bot.html)"
46.229.168.139 - - [06/Dec/2019:10:56:52 +0800] "GET /user/login/?from=%2Fuser%2Flogin%2F%3Ffrom%3D%2Fuser%2Flogin%2F%3Ffrom%3D%2Fuser%2Fregister%2F%3Ffrom%3D%2Fuser%2Flogin%2F%3Ffrom%3D%2Fuser%2Fregister%2F%3Ffrom%3D%2Fuser%2Fregister%2F%3Ffrom%3D%2Fuser%2Fregister%2F%3Ffrom%3D%2Fuser%2Flogin%2F%3Ffrom%3D%2Fuser%2Fregister%2F%3Ffrom%3D%2Fuser%2Fregister%2F%3Ffrom%3D%2Fblog%2Ftype%2F17%2F HTTP/1.1" 200 3810 "-" "Mozilla/5.0 (compatible; SemrushBot/6~bl; +http://www.semrush.com/bot.html)"
46.229.168.149 - - [06/Dec/2019:10:56:55 +0800] "GET /user/login/?from=%2Fuser%2Flogin%2F%3Ffrom%3D%2Fuser%2Fregister%2F%3Ffrom%3D%2Fuser%2Flogin%2F%3Ffrom%3D%2Fuser%2Flogin%2F%3Ffrom%3D%2Fuser%2Flogin%2F%3Ffrom%3D%2Fuser%2Flogin%2F%3Ffrom%3D%2Fuser%2Flogin%2F%3Ffrom%3D%2Fuser%2Fregister%2F%3Ffrom%3D%2Fuser%2Fregister%2F%3Ffrom%3D%2Fuser%2Fregister%2F%3Ffrom%3D%2Fblog%2Fdate%2F2019%2F1 HTTP/1.1" 200 3820 "-" "Mozilla/5.0 (compatible; SemrushBot/6~bl; +http://www.semrush.com/bot.html)"
46.229.168.150 - - [06/Dec/2019:10:57:18 +0800] "GET /user/register/?from=%2Fuser%2Fregister%2F%3Ffrom%3D%2Fuser%2Fregister%2F%3Ffrom%3D%2Fuser%2Flogin%2F%3Ffrom%3D%2Fuser%2Fregister%2F%3Ffrom%3D%2Fuser%2Fregister%2F%3Ffrom%3D%2Fuser%2Fregister%2F%3Ffrom%3D%2Fuser%2Flogin%2F%3Ffrom%3D%2Fuser%2Fregister%2F%3Ffrom%3D%2Fuser%2Flogin%2F%3Ffrom%3D%2Fuser%2Flogin%2F%3Ffrom%3D%2Fblog%2F102%2F HTTP/1.1" 200 4160 "-" "Mozilla/5.0 (compatible; SemrushBot/6~bl; +http://www.semrush.com/bot.html)"
46.229.168.151 - - [06/Dec/2019:10:58:00 +0800] "GET /user/login/?from=%2Fuser%2Fregister%2F%3Ffrom%3D%2Fuser%2Flogin%2F%3Ffrom%3D%2Fuser%2Flogin%2F%3Ffrom%3D%2Fuser%2Fregister%2F%3Ffrom%3D%2Fuser%2Flogin%2F%3Ffrom%3D%2Fuser%2Fregister%2F%3Ffrom%3D%2Fuser%2Fregister%2F%3Ffrom%3D%2Fuser%2Flogin%2F%3Ffrom%3D%2Fuser%2Flogin%2F%3Ffrom%3D%2Fblog%2Ftype%2F19%2F HTTP/1.1" 200 3813 "-" "Mozilla/5.0 (compatible; SemrushBot/6~bl; +http://www.semrush.com/bot.html)"
46.229.168.143 - - [06/Dec/2019:10:58:22 +0800] "GET /user/login/?from=%2Fuser%2Flogin%2F%3Ffrom%3D%2Fuser%2Fregister%2F%3Ffrom%3D%2Fuser%2Flogin%2F%3Ffrom%3D%2Fuser%2Flogin%2F%3Ffrom%3D%2Fuser%2Fregister%2F%3Ffrom%3D%2Fuser%2Fregister%2F%3Ffrom%3D%2Fuser%2Fregister%2F%3Ffrom%3D%2Fuser%2Fregister%2F%3Ffrom%3D%2Fuser%2Fregister%2F%3Ffrom%3D%2Fuser%2Flogin%2F%3Ffrom%3D%2Fuser%2Flogin%2F%3Ffrom%3D%2Fblog%2Ftype%2F10%2F HTTP/1.1" 200 3815 "-" "Mozilla/5.0 (compatible; SemrushBot/6~bl; +http://www.semrush.com/bot.html)"
46.229.168.138 - - [06/Dec/2019:11:00:02 +0800] "GET /user/login/?from=%2Fuser%2Fregister%2F%3Ffrom%3D%2Fuser%2Flogin%2F%3Ffrom%3D%2Fuser%2Flogin%2F%3Ffrom%3D%2Fuser%2Fregister%2F%3Ffrom%3D%2Fuser%2Fregister%2F%3Ffrom%3D%2Fuser%2Flogin%2F%3Ffrom%3D%2Fuser%2Fregister%2F%3Ffrom%3D%2Fuser%2Fregister%2F%3Ffrom%3D%2Fuser%2Fregister%2F%3Ffrom%3D%2Fuser%2Flogin%2F%3Ffrom%3D%2Fblog%2Ftype%2F10%2F HTTP/1.1" 200 3817 "-" "Mozilla/5.0 (compatible; SemrushBot/6~bl; +http://www.semrush.com/bot.html)"
54.255.231.245 - - [06/Dec/2019:11:00:41 +0800] "GET / HTTP/1.1" 200 6712 "-" "PostmanRuntime/7.20.1"
46.229.168.133 - - [06/Dec/2019:11:00:51 +0800] "GET /user/register/?from=%2Fuser%2Flogin%2F%3Ffrom%3D%2Fuser%2Fregister%2F%3Ffrom%3D%2Fuser%2Fregister%2F%3Ffrom%3D%2Fuser%2Fregister%2F%3Ffrom%3D%2Fuser%2Fregister%2F%3Ffrom%3D%2Fuser%2Fregister%2F%3Ffrom%3D%2Fuser%2Fregister%2F%3Ffrom%3D%2Fblog%2F85%2F HTTP/1.1" 200 4151 "-" "Mozilla/5.0 (compatible; SemrushBot/6~bl; +http://www.semrush.com/bot.html)"
46.229.168.148 - - [06/Dec/2019:11:00:58 +0800] "GET /user/register/?from=%2Fuser%2Fregister%2F%3Ffrom%3D%2Fuser%2Fregister%2F%3Ffrom%3D%2Fuser%2Flogin%2F%3Ffrom%3D%2Fuser%2Fregister%2F%3Ffrom%3D%2Fuser%2Fregister%2F%3Ffrom%3D%2Fuser%2Flogin%2F%3Ffrom%3D%2Fuser%2Fregister%2F%3Ffrom%3D%2Fuser%2Flogin%2F%3Ffrom%3D%2Fblog%2Fdate%2F2019%2F3 HTTP/1.1" 200 4167 "-" "Mozilla/5.0 (compatible; SemrushBot/6~bl; +http://www.semrush.com/bot.html)"
46.229.168.154 - - [06/Dec/2019:11:01:37 +0800] "GET /user/login/?from=%2Fuser%2Fregister%2F%3Ffrom%3D%2Fuser%2Fregister%2F%3Ffrom%3D%2Fuser%2Flogin%2F%3Ffrom%3D%2Fuser%2Flogin%2F%3Ffrom%3D%2Fuser%2Fregister%2F%3Ffrom%3D%2Fuser%2Flogin%2F%3Ffrom%3D%2Fuser%2Flogin%2F%3Ffrom%3D%2Fuser%2Flogin%2F%3Ffrom%3D%2Fblog%2F102%2F HTTP/1.1" 200 3807 "-" "Mozilla/5.0 (compatible; SemrushBot/6~bl; +http://www.semrush.com/bot.html)"
46.229.168.142 - - [06/Dec/2019:11:01:44 +0800] "GET /user/register/?from=%2Fuser%2Flogin%2F%3Ffrom%3D%2Fuser%2Flogin%2F%3Ffrom%3D%2Fuser%2Flogin%2F%3Ffrom%3D%2Fuser%2Flogin%2F%3Ffrom%3D%2Fuser%2Fregister%2F%3Ffrom%3D%2Fuser%2Flogin%2F%3Ffrom%3D%2Fuser%2Flogin%2F%3Ffrom%3D%2Fuser%2Flogin%2F%3Ffrom%3D%2Fuser%2Fregister%2F%3Ffrom%3D%2Fblog%2Ftype%2F11%2F HTTP/1.1" 200 4158 "-" "Mozilla/5.0 (compatible; SemrushBot/6~bl; +http://www.semrush.com/bot.html)"
46.229.168.137 - - [06/Dec/2019:11:01:49 +0800] "GET /user/register/?from=%2Fuser%2Flogin%2F%3Ffrom%3D%2Fuser%2Fregister%2F%3Ffrom%3D%2Fuser%2Flogin%2F%3Ffrom%3D%2Fuser%2Flogin%2F%3Ffrom%3D%2Fuser%2Flogin%2F%3Ffrom%3D%2Fuser%2Flogin%2F%3Ffrom%3D%2Fuser%2Fregister%2F%3Ffrom%3D%2Fblog%2F82%2F HTTP/1.1" 200 4161 "-" "Mozilla/5.0 (compatible; SemrushBot/6~bl; +http://www.semrush.com/bot.html)"
46.229.168.154 - - [06/Dec/2019:11:01:57 +0800] "GET /user/register/?from=%2Fuser%2Fregister%2F%3Ffrom%3D%2Fuser%2Flogin%2F%3Ffrom%3D%2Fuser%2Flogin%2F%3Ffrom%3D%2Fuser%2Flogin%2F%3Ffrom%3D%2Fuser%2Fregister%2F%3Ffrom%3D%2Fblog%2Ftag%2F5%2F HTTP/1.1" 200 4155 "-" "Mozilla/5.0 (compatible; SemrushBot/6~bl; +http://www.semrush.com/bot.html)"
46.229.168.150 - - [06/Dec/2019:11:02:49 +0800] "GET /user/login/?from=%2Fuser%2Fregister%2F%3Ffrom%3D%2Fuser%2Fregister%2F%3Ffrom%3D%2Fuser%2Fregister%2F%3Ffrom%3D%2Fuser%2Flogin%2F%3Ffrom%3D%2Fuser%2Fregister%2F%3Ffrom%3D%2Fuser%2Flogin%2F%3Ffrom%3D%2Fuser%2Fregister%2F%3Ffrom%3D%2Fuser%2Fregister%2F%3Ffrom%3D%2Fuser%2Fregister%2F%3Ffrom%3D%2Fuser%2Flogin%2F%3Ffrom%3D%2Fblog%2Fall_types%2F HTTP/1.1" 200 3808 "-" "Mozilla/5.0 (compatible; SemrushBot/6~bl; +http://www.semrush.com/bot.html)"
46.229.168.147 - - [06/Dec/2019:11:02:51 +0800] "GET /user/login/?from=%2Fuser%2Flogin%2F%3Ffrom%3D%2Fuser%2Fregister%2F%3Ffrom%3D%2Fuser%2Fregister%2F%3Ffrom%3D%2Fuser%2Flogin%2F%3Ffrom%3D%2Fuser%2Fregister%2F%3Ffrom%3D%2Fuser%2Fregister%2F%3Ffrom%3D%2Fuser%2Fregister%2F%3Ffrom%3D%2Fuser%2Flogin%2F%3Ffrom%3D%2Fuser%2Fregister%2F%3Ffrom%3D%2Fuser%2Flogin%2F%3Ffrom%3D%2Fblog%2F97%2F HTTP/1.1" 200 3809 "-" "Mozilla/5.0 (compatible; SemrushBot/6~bl; +http://www.semrush.com/bot.html)"
101.89.19.140 - - [06/Dec/2019:11:02:55 +0800] "GET http://www.runstone.top/blog/62/ HTTP/1.1" 200 9007 "-" "Go-http-client/1.1"
46.229.168.129 - - [06/Dec/2019:11:03:04 +0800] "GET /robots.txt HTTP/1.1" 404 3465 "-" "Mozilla/5.0 (compatible; SemrushBot/6~bl; +http://www.semrush.com/bot.html)"
46.229.168.142 - - [06/Dec/2019:11:03:04 +0800] "GET /user/register/?from=%2Fuser%2Fregister%2F%3Ffrom%3D%2Fuser%2Flogin%2F%3Ffrom%3D%2Fuser%2Fregister%2F%3Ffrom%3D%2Fuser%2Flogin%2F%3Ffrom%3D%2Fuser%2Fregister%2F%3Ffrom%3D%2Fuser%2Flogin%2F%3Ffrom%3D%2Fuser%2Fregister%2F%3Ffrom%3D%2Fblog%2F102%2F HTTP/1.1" 200 4154 "-" "Mozilla/5.0 (compatible; SemrushBot/6~bl; +http://www.semrush.com/bot.html)"
46.229.168.135 - - [06/Dec/2019:11:03:49 +0800] "GET /user/register/?from=%2Fuser%2Fregister%2F%3Ffrom%3D%2Fuser%2Fregister%2F%3Ffrom%3D%2Fuser%2Fregister%2F%3Ffrom%3D%2Fuser%2Flogin%2F%3Ffrom%3D%2Fuser%2Fregister%2F%3Ffrom%3D%2Fuser%2Fregister%2F%3Ffrom%3D%2Fblog%2Ftype%2F19%2F HTTP/1.1" 200 4157 "-" "Mozilla/5.0 (compatible; SemrushBot/6~bl; +http://www.semrush.com/bot.html)"
46.229.168.154 - - [06/Dec/2019:11:04:16 +0800] "GET /user/register/?from=%2Fuser%2Fregister%2F%3Ffrom%3D%2Fuser%2Fregister%2F%3Ffrom%3D%2Fuser%2Flogin%2F%3Ffrom%3D%2Fuser%2Fregister%2F%3Ffrom%3D%2Fuser%2Fregister%2F%3Ffrom%3D%2Fuser%2Flogin%2F%3Ffrom%3D%2Fuser%2Flogin%2F%3Ffrom%3D%2Fuser%2Fregister%2F%3Ffrom%3D%2Fblog%2Ftag%2F18%2F HTTP/1.1" 200 4163 "-" "Mozilla/5.0 (compatible; SemrushBot/6~bl; +http://www.semrush.com/bot.html)"
46.229.168.146 - - [06/Dec/2019:11:04:51 +0800] "GET /user/login/?from=%2Fuser%2Flogin%2F%3Ffrom%3D%2Fuser%2Flogin%2F%3Ffrom%3D%2Fuser%2Fregister%2F%3Ffrom%3D%2Fuser%2Flogin%2F%3Ffrom%3D%2Fuser%2Flogin%2F%3Ffrom%3D%2Fuser%2Flogin%2F%3Ffrom%3D%2Fblog%2F84%2F HTTP/1.1" 200 3801 "-" "Mozilla/5.0 (compatible; SemrushBot/6~bl; +http://www.semrush.com/bot.html)"
182.254.52.17 - - [06/Dec/2019:11:05:49 +0800] "GET http://118.89.201.253//index.php HTTP/1.1" 404 152 "-" "Go-http-client/1.1"
182.254.52.17 - - [06/Dec/2019:11:06:25 +0800] "GET http://118.89.201.253//upload.action HTTP/1.1" 404 152 "-" "Go-http-client/1.1"
46.229.168.161 - - [06/Dec/2019:11:06:30 +0800] "GET /user/login/?from=%2Fuser%2Fregister%2F%3Ffrom%3D%2Fuser%2Fregister%2F%3Ffrom%3D%2Fuser%2Flogin%2F%3Ffrom%3D%2Fuser%2Fregister%2F%3Ffrom%3D%2Fuser%2Flogin%2F%3Ffrom%3D%2Fuser%2Fregister%2F%3Ffrom%3D%2Fuser%2Fregister%2F%3Ffrom%3D%2Fuser%2Fregister%2F%3Ffrom%3D%2Fblog%2Fdate%2F2019%2F2 HTTP/1.1" 200 3808 "-" "Mozilla/5.0 (compatible; SemrushBot/6~bl; +http://www.semrush.com/bot.html)"
150.109.183.239 - - [06/Dec/2019:11:06:38 +0800] "GET / HTTP/1.0" 200 612 "-" "-"
150.109.183.239 - - [06/Dec/2019:11:06:38 +0800] "GET / HTTP/1.0" 200 612 "-" "-"
46.229.168.131 - - [06/Dec/2019:11:06:38 +0800] "GET /user/login/?from=%2Fuser%2Fregister%2F%3Ffrom%3D%2Fuser%2Fregister%2F%3Ffrom%3D%2Fuser%2Flogin%2F%3Ffrom%3D%2Fuser%2Flogin%2F%3Ffrom%3D%2Fuser%2Flogin%2F%3Ffrom%3D%2Fuser%2Flogin%2F%3Ffrom%3D%2Fuser%2Fregister%2F%3Ffrom%3D%2Fuser%2Fregister%2F%3Ffrom%3D%2Fuser%2Fregister%2F%3Ffrom%3D%2Fblog%2F97%2F HTTP/1.1" 200 3804 "-" "Mozilla/5.0 (compatible; SemrushBot/6~bl; +http://www.semrush.com/bot.html)"
150.109.183.239 - - [06/Dec/2019:11:06:39 +0800] "\x16\x03\x01\x00\x85\x01\x00\x00\x81\x03\x03\x80ZT\xBE\xF7D\x16KqL\x03\xD9\xA9\xDD\x12_\xBD\xDF\xB10\xBD\x00\x125\x0F\x5C\xE8\xC4X\xD8B\x98\x00\x00 \xC0/\xC00\xC0+\xC0,\xCC\xA8\xCC\xA9\xC0\x13\xC0\x09\xC0\x14\xC0" 400 182 "-" "-"
150.109.183.239 - - [06/Dec/2019:11:06:39 +0800] "\x16\x03\x01\x00\x85\x01\x00\x00\x81\x03\x03l\x02\x00\xE5Pr\x91\xAB\xB4l\xC0\xF4\xAF:\xB6%\x0C\x89h\xDA\xB4\x05\xFAS\xF5v\x18i\xF5C\xDBj\x00\x00 \xC0/\xC00\xC0+\xC0,\xCC\xA8\xCC\xA9\xC0\x13\xC0\x09\xC0\x14\xC0" 400 182 "-" "-"
46.229.168.161 - - [06/Dec/2019:11:07:05 +0800] "GET /user/register/?from=%2Fuser%2Flogin%2F%3Ffrom%3D%2Fuser%2Fregister%2F%3Ffrom%3D%2Fuser%2Fregister%2F%3Ffrom%3D%2Fuser%2Flogin%2F%3Ffrom%3D%2Fuser%2Fregister%2F%3Ffrom%3D%2Fuser%2Fregister%2F%3Ffrom%3D%2Fuser%2Fregister%2F%3Ffrom%3D%2Fuser%2Flogin%2F%3Ffrom%3D%2Fuser%2Flogin%2F%3Ffrom%3D%2Fuser%2Fregister%2F%3Ffrom%3D%2Fblog%2F56%2F HTTP/1.1" 200 4158 "-" "Mozilla/5.0 (compatible; SemrushBot/6~bl; +http://www.semrush.com/bot.html)"
46.229.168.135 - - [06/Dec/2019:11:07:26 +0800] "GET /user/register/?from=%2Fuser%2Fregister%2F%3Ffrom%3D%2Fuser%2Flogin%2F%3Ffrom%3D%2Fuser%2Flogin%2F%3Ffrom%3D%2Fuser%2Flogin%2F%3Ffrom%3D%2Fuser%2Flogin%2F%3Ffrom%3D%2Fblog%2Ftag%2F9%2F%3Fpage%3D2 HTTP/1.1" 200 4160 "-" "Mozilla/5.0 (compatible; SemrushBot/6~bl; +http://www.semrush.com/bot.html)"
46.229.168.131 - - [06/Dec/2019:11:07:59 +0800] "GET /user/login/?from=%2Fuser%2Flogin%2F%3Ffrom%3D%2Fuser%2Flogin%2F%3Ffrom%3D%2Fuser%2Fregister%2F%3Ffrom%3D%2Fuser%2Flogin%2F%3Ffrom%3D%2Fuser%2Fregister%2F%3Ffrom%3D%2Fuser%2Flogin%2F%3Ffrom%3D%2Fuser%2Flogin%2F%3Ffrom%3D%2Fuser%2Flogin%2F%3Ffrom%3D%2Fuser%2Fregister%2F%3Ffrom%3D%2Fuser%2Flogin%2F%3Ffrom%3D%2Fblog%2F39%2F HTTP/1.1" 200 3807 "-" "Mozilla/5.0 (compatible; SemrushBot/6~bl; +http://www.semrush.com/bot.html)"
46.229.168.148 - - [06/Dec/2019:11:08:05 +0800] "GET /user/login/?from=%2Fuser%2Fregister%2F%3Ffrom%3D%2Fuser%2Flogin%2F%3Ffrom%3D%2Fuser%2Fregister%2F%3Ffrom%3D%2Fuser%2Flogin%2F%3Ffrom%3D%2Fuser%2Flogin%2F%3Ffrom%3D%2Fuser%2Fregister%2F%3Ffrom%3D%2Fuser%2Flogin%2F%3Ffrom%3D%2Fuser%2Fregister%2F%3Ffrom%3D%2Fuser%2Fregister%2F%3Ffrom%3D%2Fblog%2F103%2F HTTP/1.1" 200 3810 "-" "Mozilla/5.0 (compatible; SemrushBot/6~bl; +http://www.semrush.com/bot.html)"
46.229.168.161 - - [06/Dec/2019:11:08:29 +0800] "GET /user/login/?from=%2Fuser%2Fregister%2F%3Ffrom%3D%2Fuser%2Fregister%2F%3Ffrom%3D%2Fuser%2Flogin%2F%3Ffrom%3D%2Fuser%2Flogin%2F%3Ffrom%3D%2Fuser%2Flogin%2F%3Ffrom%3D%2Fuser%2Fregister%2F%3Ffrom%3D%2Fuser%2Flogin%2F%3Ffrom%3D%2Fuser%2Flogin%2F%3Ffrom%3D%2Fblog%2Ftag%2F18%2F HTTP/1.1" 200 3809 "-" "Mozilla/5.0 (compatible; SemrushBot/6~bl; +http://www.semrush.com/bot.html)"
46.229.168.131 - - [06/Dec/2019:11:08:38 +0800] "GET /user/login/?from=%2Fuser%2Flogin%2F%3Ffrom%3D%2Fuser%2Flogin%2F%3Ffrom%3D%2Fuser%2Fregister%2F%3Ffrom%3D%2Fuser%2Fregister%2F%3Ffrom%3D%2Fuser%2Fregister%2F%3Ffrom%3D%2Fuser%2Fregister%2F%3Ffrom%3D%2Fuser%2Flogin%2F%3Ffrom%3D%2Fuser%2Fregister%2F%3Ffrom%3D%2Fblog%2Ftag%2F2%2F HTTP/1.1" 200 3809 "-" "Mozilla/5.0 (compatible; SemrushBot/6~bl; +http://www.semrush.com/bot.html)"
46.229.168.129 - - [06/Dec/2019:11:08:49 +0800] "GET /user/register/?from=%2Fuser%2Flogin%2F%3Ffrom%3D%2Fuser%2Flogin%2F%3Ffrom%3D%2Fuser%2Fregister%2F%3Ffrom%3D%2Fuser%2Flogin%2F%3Ffrom%3D%2Fuser%2Flogin%2F%3Ffrom%3D%2Fuser%2Fregister%2F%3Ffrom%3D%2Fuser%2Flogin%2F%3Ffrom%3D%2Fuser%2Fregister%2F%3Ffrom%3D%2Fuser%2Fregister%2F%3Ffrom%3D%2Fuser%2Fregister%2F%3Ffrom%3D%2Fblog%2Fdate%2F2019%2F5 HTTP/1.1" 200 4164 "-" "Mozilla/5.0 (compatible; SemrushBot/6~bl; +http://www.semrush.com/bot.html)"
46.229.168.147 - - [06/Dec/2019:11:09:15 +0800] "GET /user/register/?from=%2Fuser%2Fregister%2F%3Ffrom%3D%2Fuser%2Flogin%2F%3Ffrom%3D%2Fuser%2Fregister%2F%3Ffrom%3D%2Fuser%2Fregister%2F%3Ffrom%3D%2Fuser%2Fregister%2F%3Ffrom%3D%2Fblog%2Ftype%2F21%2F HTTP/1.1" 200 4160 "-" "Mozilla/5.0 (compatible; SemrushBot/6~bl; +http://www.semrush.com/bot.html)"
46.229.168.150 - - [06/Dec/2019:11:09:45 +0800] "GET /user/login/?from=%2Fuser%2Flogin%2F%3Ffrom%3D%2Fuser%2Flogin%2F%3Ffrom%3D%2Fuser%2Fregister%2F%3Ffrom%3D%2Fblog%2F78%2F HTTP/1.1" 200 3794 "-" "Mozilla/5.0 (compatible; SemrushBot/6~bl; +http://www.semrush.com/bot.html)"
46.229.168.137 - - [06/Dec/2019:11:09:58 +0800] "GET /user/login/?from=%2Fuser%2Flogin%2F%3Ffrom%3D%2Fuser%2Fregister%2F%3Ffrom%3D%2Fuser%2Fregister%2F%3Ffrom%3D%2Fuser%2Fregister%2F%3Ffrom%3D%2Fuser%2Flogin%2F%3Ffrom%3D%2Fuser%2Flogin%2F%3Ffrom%3D%2Fuser%2Fregister%2F%3Ffrom%3D%2Fuser%2Fregister%2F%3Ffrom%3D%2Fblog%2F82%2F HTTP/1.1" 200 3806 "-" "Mozilla/5.0 (compatible; SemrushBot/6~bl; +http://www.semrush.com/bot.html)"
182.254.52.17 - - [06/Dec/2019:11:10:20 +0800] "GET http://www.runstone.top/blog/103/ HTTP/1.1" 200 6699 "-" "Go-http-client/1.1"
46.229.168.162 - - [06/Dec/2019:11:10:39 +0800] "GET /user/register/?from=%2Fuser%2Fregister%2F%3Ffrom%3D%2Fuser%2Flogin%2F%3Ffrom%3D%2Fuser%2Fregister%2F%3Ffrom%3D%2Fuser%2Flogin%2F%3Ffrom%3D%2Fuser%2Flogin%2F%3Ffrom%3D%2Fuser%2Fregister%2F%3Ffrom%3D%2Fuser%2Fregister%2F%3Ffrom%3D%2Fuser%2Fregister%2F%3Ffrom%3D%2Fuser%2Flogin%2F%3Ffrom%3D%2Fblog%2Ftag%2F9%2F%3Fpage%3D2 HTTP/1.1" 200 4175 "-" "Mozilla/5.0 (compatible; SemrushBot/6~bl; +http://www.semrush.com/bot.html)"
46.229.168.145 - - [06/Dec/2019:11:11:07 +0800] "GET /user/register/?from=%2Fuser%2Fregister%2F%3Ffrom%3D%2Fuser%2Flogin%2F%3Ffrom%3D%2Fuser%2Flogin%2F%3Ffrom%3D%2Fuser%2Flogin%2F%3Ffrom%3D%2Fuser%2Fregister%2F%3Ffrom%3D%2Fuser%2Flogin%2F%3Ffrom%3D%2Fuser%2Fregister%2F%3Ffrom%3D%2Fuser%2Fregister%2F%3Ffrom%3D%2Fblog%2F54%2F HTTP/1.1" 200 4156 "-" "Mozilla/5.0 (compatible; SemrushBot/6~bl; +http://www.semrush.com/bot.html)"
46.229.168.141 - - [06/Dec/2019:11:12:23 +0800] "GET /user/register/?from=%2Fuser%2Fregister%2F%3Ffrom%3D%2Fuser%2Flogin%2F%3Ffrom%3D%2Fuser%2Flogin%2F%3Ffrom%3D%2Fuser%2Flogin%2F%3Ffrom%3D%2Fuser%2Fregister%2F%3Ffrom%3D%2Fuser%2Fregister%2F%3Ffrom%3D%2Fuser%2Fregister%2F%3Ffrom%3D%2Fuser%2Fregister%2F%3Ffrom%3D%2Fuser%2Flogin%2F%3Ffrom%3D%2Fblog%2F97%2F HTTP/1.1" 200 4161 "-" "Mozilla/5.0 (compatible; SemrushBot/6~bl; +http://www.semrush.com/bot.html)"
46.229.168.134 - - [06/Dec/2019:11:12:25 +0800] "GET /user/login/?from=%2Fuser%2Flogin%2F%3Ffrom%3D%2Fuser%2Flogin%2F%3Ffrom%3D%2Fuser%2Fregister%2F%3Ffrom%3D%2Fuser%2Fregister%2F%3Ffrom%3D%2Fuser%2Flogin%2F%3Ffrom%3D%2Fuser%2Fregister%2F%3Ffrom%3D%2Fuser%2Flogin%2F%3Ffrom%3D%2Fuser%2Flogin%2F%3Ffrom%3D%2Fblog%2F41%2F HTTP/1.1" 200 3805 "-" "Mozilla/5.0 (compatible; SemrushBot/6~bl; +http://www.semrush.com/bot.html)"
46.229.168.140 - - [06/Dec/2019:11:12:34 +0800] "GET /user/login/?from=%2Fuser%2Flogin%2F%3Ffrom%3D%2Fuser%2Flogin%2F%3Ffrom%3D%2Fuser%2Fregister%2F%3Ffrom%3D%2Fuser%2Fregister%2F%3Ffrom%3D%2Fuser%2Fregister%2F%3Ffrom%3D%2Fuser%2Fregister%2F%3Ffrom%3D%2Fuser%2Flogin%2F%3Ffrom%3D%2Fuser%2Fregister%2F%3Ffrom%3D%2Fblog%2F59%2F HTTP/1.1" 200 3803 "-" "Mozilla/5.0 (compatible; SemrushBot/6~bl; +http://www.semrush.com/bot.html)"
46.229.168.137 - - [06/Dec/2019:11:13:17 +0800] "GET /user/login/?from=%2Fuser%2Fregister%2F%3Ffrom%3D%2Fuser%2Fregister%2F%3Ffrom%3D%2Fuser%2Fregister%2F%3Ffrom%3D%2Fuser%2Flogin%2F%3Ffrom%3D%2Fuser%2Flogin%2F%3Ffrom%3D%2Fuser%2Fregister%2F%3Ffrom%3D%2Fuser%2Flogin%2F%3Ffrom%3D%2Fuser%2Fregister%2F%3Ffrom%3D%2Fuser%2Fregister%2F%3Ffrom%3D%2Fuser%2Flogin%2F%3Ffrom%3D%2Fuser%2Flogin%2F%3Ffrom%3D%2Fuser%2Fregister%2F%3Ffrom%3D%2Fblog%2Ftype%2F5%2F HTTP/1.1" 200 3812 "-" "Mozilla/5.0 (compatible; SemrushBot/6~bl; +http://www.semrush.com/bot.html)"
46.229.168.153 - - [06/Dec/2019:11:13:27 +0800] "GET /user/register/?from=%2Fuser%2Fregister%2F%3Ffrom%3D%2Fuser%2Flogin%2F%3Ffrom%3D%2Fuser%2Flogin%2F%3Ffrom%3D%2Fuser%2Fregister%2F%3Ffrom%3D%2Fuser%2Flogin%2F%3Ffrom%3D%2Fuser%2Flogin%2F%3Ffrom%3D%2Fuser%2Fregister%2F%3Ffrom%3D%2Fuser%2Flogin%2F%3Ffrom%3D%2Fblog%2F97%2F HTTP/1.1" 200 4154 "-" "Mozilla/5.0 (compatible; SemrushBot/6~bl; +http://www.semrush.com/bot.html)"
46.229.168.142 - - [06/Dec/2019:11:13:29 +0800] "GET /user/login/?from=%2Fuser%2Fregister%2F%3Ffrom%3D%2Fuser%2Flogin%2F%3Ffrom%3D%2Fuser%2Flogin%2F%3Ffrom%3D%2Fuser%2Flogin%2F%3Ffrom%3D%2Fuser%2Fregister%2F%3Ffrom%3D%2Fblog%2F70%2F HTTP/1.1" 200 3799 "-" "Mozilla/5.0 (compatible; SemrushBot/6~bl; +http://www.semrush.com/bot.html)"
46.229.168.140 - - [06/Dec/2019:11:14:18 +0800] "GET /user/register/?from=%2Fuser%2Flogin%2F%3Ffrom%3D%2Fuser%2Flogin%2F%3Ffrom%3D%2Fuser%2Fregister%2F%3Ffrom%3D%2Fuser%2Fregister%2F%3Ffrom%3D%2Fuser%2Flogin%2F%3Ffrom%3D%2Fuser%2Flogin%2F%3Ffrom%3D%2Fuser%2Fregister%2F%3Ffrom%3D%2Fblog%2Ftag%2F21%2F HTTP/1.1" 200 4159 "-" "Mozilla/5.0 (compatible; SemrushBot/6~bl; +http://www.semrush.com/bot.html)"
46.229.168.154 - - [06/Dec/2019:11:14:48 +0800] "GET /user/register/?from=%2Fuser%2Flogin%2F%3Ffrom%3D%2Fuser%2Flogin%2F%3Ffrom%3D%2Fuser%2Flogin%2F%3Ffrom%3D%2Fuser%2Flogin%2F%3Ffrom%3D%2Fuser%2Fregister%2F%3Ffrom%3D%2Fuser%2Flogin%2F%3Ffrom%3D%2Fuser%2Flogin%2F%3Ffrom%3D%2Fuser%2Fregister%2F%3Ffrom%3D%2Fuser%2Flogin%2F%3Ffrom%3D%2Fblog%2F108%2F HTTP/1.1" 200 4152 "-" "Mozilla/5.0 (compatible; SemrushBot/6~bl; +http://www.semrush.com/bot.html)"
46.229.168.154 - - [06/Dec/2019:11:15:26 +0800] "GET /user/login/?from=%2Fuser%2Flogin%2F%3Ffrom%3D%2Fuser%2Flogin%2F%3Ffrom%3D%2Fuser%2Fregister%2F%3Ffrom%3D%2Fuser%2Fregister%2F%3Ffrom%3D%2Fuser%2Fregister%2F%3Ffrom%3D%2Fuser%2Fregister%2F%3Ffrom%3D%2Fuser%2Flogin%2F%3Ffrom%3D%2Fuser%2Fregister%2F%3Ffrom%3D%2Fuser%2Fregister%2F%3Ffrom%3D%2Fuser%2Flogin%2F%3Ffrom%3D%2Fblog%2F77%2F HTTP/1.1" 200 3806 "-" "Mozilla/5.0 (compatible; SemrushBot/6~bl; +http://www.semrush.com/bot.html)"
46.229.168.144 - - [06/Dec/2019:11:15:44 +0800] "GET /user/login/?from=%2Fuser%2Flogin%2F%3Ffrom%3D%2Fuser%2Flogin%2F%3Ffrom%3D%2Fuser%2Fregister%2F%3Ffrom%3D%2Fuser%2Fregister%2F%3Ffrom%3D%2Fuser%2Fregister%2F%3Ffrom%3D%2Fuser%2Fregister%2F%3Ffrom%3D%2Fuser%2Fregister%2F%3Ffrom%3D%2Fuser%2Fregister%2F%3Ffrom%3D%2Fuser%2Fregister%2F%3Ffrom%3D%2Fuser%2Flogin%2F%3Ffrom%3D%2Fuser%2Flogin%2F%3Ffrom%3D%2Fuser%2Flogin%2F%3Ffrom%3D%2Fblog%2F103%2F HTTP/1.1" 200 3809 "-" "Mozilla/5.0 (compatible; SemrushBot/6~bl; +http://www.semrush.com/bot.html)"
46.229.168.133 - - [06/Dec/2019:11:16:15 +0800] "GET /user/register/?from=%2Fuser%2Fregister%2F%3Ffrom%3D%2Fuser%2Flogin%2F%3Ffrom%3D%2Fuser%2Flogin%2F%3Ffrom%3D%2Fuser%2Flogin%2F%3Ffrom%3D%2Fuser%2Flogin%2F%3Ffrom%3D%2Fuser%2Fregister%2F%3Ffrom%3D%2Fuser%2Flogin%2F%3Ffrom%3D%2Fuser%2Fregister%2F%3Ffrom%3D%2Fuser%2Fregister%2F%3Ffrom%3D%2Fblog%2F108%2F HTTP/1.1" 200 4167 "-" "Mozilla/5.0 (compatible; SemrushBot/6~bl; +http://www.semrush.com/bot.html)"
46.229.168.146 - - [06/Dec/2019:11:18:07 +0800] "GET /user/login/?from=%2Fuser%2Fregister%2F%3Ffrom%3D%2Fuser%2Flogin%2F%3Ffrom%3D%2Fuser%2Fregister%2F%3Ffrom%3D%2Fuser%2Fregister%2F%3Ffrom%3D%2Fuser%2Flogin%2F%3Ffrom%3D%2Fuser%2Fregister%2F%3Ffrom%3D%2Fuser%2Flogin%2F%3Ffrom%3D%2Fuser%2Flogin%2F%3Ffrom%3D%2Fuser%2Flogin%2F%3Ffrom%3D%2Fuser%2Flogin%2F%3Ffrom%3D%2Fblog%2Ftype%2F12%2F HTTP/1.1" 200 3812 "-" "Mozilla/5.0 (compatible; SemrushBot/6~bl; +http://www.semrush.com/bot.html)"
46.229.168.147 - - [06/Dec/2019:11:18:17 +0800] "GET /user/register/?from=%2Fuser%2Flogin%2F%3Ffrom%3D%2Fuser%2Flogin%2F%3Ffrom%3D%2Fuser%2Flogin%2F%3Ffrom%3D%2Fuser%2Fregister%2F%3Ffrom%3D%2Fuser%2Fregister%2F%3Ffrom%3D%2Fuser%2Fregister%2F%3Ffrom%3D%2Fuser%2Flogin%2F%3Ffrom%3D%2Fuser%2Flogin%2F%3Ffrom%3D%2Fblog%2F102%2F HTTP/1.1" 200 4159 "-" "Mozilla/5.0 (compatible; SemrushBot/6~bl; +http://www.semrush.com/bot.html)"
46.229.168.147 - - [06/Dec/2019:11:18:21 +0800] "GET /user/login/?from=%2Fuser%2Flogin%2F%3Ffrom%3D%2Fuser%2Flogin%2F%3Ffrom%3D%2Fuser%2Flogin%2F%3Ffrom%3D%2Fuser%2Fregister%2F%3Ffrom%3D%2Fuser%2Fregister%2F%3Ffrom%3D%2Fuser%2Fregister%2F%3Ffrom%3D%2Fuser%2Fregister%2F%3Ffrom%3D%2Fuser%2Flogin%2F%3Ffrom%3D%2Fuser%2Flogin%2F%3Ffrom%3D%2Fuser%2Fregister%2F%3Ffrom%3D%2Fuser%2Fregister%2F%3Ffrom%3D%2Fblog%2F102%2F HTTP/1.1" 200 3805 "-" "Mozilla/5.0 (compatible; SemrushBot/6~bl; +http://www.semrush.com/bot.html)"
87.250.224.212 - - [06/Dec/2019:11:19:01 +0800] "GET /robots.txt HTTP/1.1" 404 12336 "-" "Mozilla/5.0 (compatible; YandexBot/3.0; +http://yandex.com/bots)"
87.250.224.212 - - [06/Dec/2019:11:19:04 +0800] "GET /blog/type/18/ HTTP/1.1" 200 5726 "-" "Mozilla/5.0 (compatible; YandexBot/3.0; +http://yandex.com/bots)"
46.229.168.146 - - [06/Dec/2019:11:19:07 +0800] "GET /user/register/?from=%2Fuser%2Flogin%2F%3Ffrom%3D%2Fuser%2Flogin%2F%3Ffrom%3D%2Fuser%2Flogin%2F%3Ffrom%3D%2Fuser%2Flogin%2F%3Ffrom%3D%2Fuser%2Flogin%2F%3Ffrom%3D%2Fuser%2Flogin%2F%3Ffrom%3D%2Fuser%2Fregister%2F%3Ffrom%3D%2Fuser%2Fregister%2F%3Ffrom%3D%2Fblog%2Fdate%2F2018%2F12%3Fpage%3D4 HTTP/1.1" 200 4170 "-" "Mozilla/5.0 (compatible; SemrushBot/6~bl; +http://www.semrush.com/bot.html)"
46.229.168.162 - - [06/Dec/2019:11:19:22 +0800] "GET /user/register/?from=%2Fuser%2Fregister%2F%3Ffrom%3D%2Fuser%2Flogin%2F%3Ffrom%3D%2Fuser%2Fregister%2F%3Ffrom%3D%2Fuser%2Flogin%2F%3Ffrom%3D%2Fuser%2Fregister%2F%3Ffrom%3D%2Fuser%2Flogin%2F%3Ffrom%3D%2Fuser%2Flogin%2F%3Ffrom%3D%2Fuser%2Flogin%2F%3Ffrom%3D%2Fuser%2Flogin%2F%3Ffrom%3D%2Fuser%2Flogin%2F%3Ffrom%3D%2Fblog%2Fdate%2F2019%2F1 HTTP/1.1" 200 4166 "-" "Mozilla/5.0 (compatible; SemrushBot/6~bl; +http://www.semrush.com/bot.html)"
46.229.168.143 - - [06/Dec/2019:11:19:24 +0800] "GET /user/register/?from=%2Fuser%2Flogin%2F%3Ffrom%3D%2Fuser%2Flogin%2F%3Ffrom%3D%2Fuser%2Fregister%2F%3Ffrom%3D%2Fuser%2Fregister%2F%3Ffrom%3D%2Fuser%2Flogin%2F%3Ffrom%3D%2Fuser%2Fregister%2F%3Ffrom%3D%2Fuser%2Fregister%2F%3Ffrom%3D%2Fuser%2Fregister%2F%3Ffrom%3D%2Fuser%2Flogin%2F%3Ffrom%3D%2Fuser%2Flogin%2F%3Ffrom%3D%2Fblog%2Ftag%2F15%2F HTTP/1.1" 200 4164 "-" "Mozilla/5.0 (compatible; SemrushBot/6~bl; +http://www.semrush.com/bot.html)"
46.229.168.151 - - [06/Dec/2019:11:20:06 +0800] "GET /robots.txt HTTP/1.1" 404 3466 "-" "Mozilla/5.0 (compatible; SemrushBot/6~bl; +http://www.semrush.com/bot.html)"
46.229.168.139 - - [06/Dec/2019:11:20:10 +0800] "GET /user/login/?from=%2Fuser%2Flogin%2F%3Ffrom%3D%2Fuser%2Fregister%2F%3Ffrom%3D%2Fuser%2Fregister%2F%3Ffrom%3D%2Fuser%2Flogin%2F%3Ffrom%3D%2Fuser%2Fregister%2F%3Ffrom%3D%2Fuser%2Flogin%2F%3Ffrom%3D%2Fuser%2Flogin%2F%3Ffrom%3D%2Fuser%2Fregister%2F%3Ffrom%3D%2Fuser%2Flogin%2F%3Ffrom%3D%2Fblog%2F39%2F HTTP/1.1" 200 3813 "-" "Mozilla/5.0 (compatible; SemrushBot/6~bl; +http://www.semrush.com/bot.html)"
182.254.52.17 - - [06/Dec/2019:11:20:20 +0800] "GET http://www.runstone.top/blog/type/14/ HTTP/1.1" 200 5436 "-" "Go-http-client/1.1"
46.229.168.130 - - [06/Dec/2019:11:20:37 +0800] "GET /user/login/?from=%2Fuser%2Fregister%2F%3Ffrom%3D%2Fuser%2Fregister%2F%3Ffrom%3D%2Fuser%2Flogin%2F%3Ffrom%3D%2Fuser%2Fregister%2F%3Ffrom%3D%2Fuser%2Fregister%2F%3Ffrom%3D%2Fuser%2Fregister%2F%3Ffrom%3D%2Fuser%2Flogin%2F%3Ffrom%3D%2Fuser%2Fregister%2F%3Ffrom%3D%2Fuser%2Flogin%2F%3Ffrom%3D%2Fuser%2Flogin%2F%3Ffrom%3D%2Fblog%2F102%2F HTTP/1.1" 200 3809 "-" "Mozilla/5.0 (compatible; SemrushBot/6~bl; +http://www.semrush.com/bot.html)"
46.229.168.151 - - [06/Dec/2019:11:20:47 +0800] "GET /user/register/?from=%2Fuser%2Fregister%2F%3Ffrom%3D%2Fuser%2Flogin%2F%3Ffrom%3D%2Fuser%2Flogin%2F%3Ffrom%3D%2Fuser%2Flogin%2F%3Ffrom%3D%2Fblog%2Ftype%2F19%2F HTTP/1.1" 200 4149 "-" "Mozilla/5.0 (compatible; SemrushBot/6~bl; +http://www.semrush.com/bot.html)"
46.229.168.148 - - [06/Dec/2019:11:21:27 +0800] "GET /user/login/?from=%2Fuser%2Fregister%2F%3Ffrom%3D%2Fuser%2Fregister%2F%3Ffrom%3D%2Fuser%2Fregister%2F%3Ffrom%3D%2Fuser%2Flogin%2F%3Ffrom%3D%2Fuser%2Fregister%2F%3Ffrom%3D%2Fuser%2Flogin%2F%3Ffrom%3D%2Fuser%2Fregister%2F%3Ffrom%3D%2Fblog%2Ftag%2F19%2F HTTP/1.1" 200 3801 "-" "Mozilla/5.0 (compatible; SemrushBot/6~bl; +http://www.semrush.com/bot.html)"
46.229.168.135 - - [06/Dec/2019:11:21:37 +0800] "GET /user/login/?from=%2Fuser%2Fregister%2F%3Ffrom%3D%2Fuser%2Flogin%2F%3Ffrom%3D%2Fuser%2Flogin%2F%3Ffrom%3D%2Fuser%2Fregister%2F%3Ffrom%3D%2Fuser%2Fregister%2F%3Ffrom%3D%2Fuser%2Fregister%2F%3Ffrom%3D%2Fuser%2Flogin%2F%3Ffrom%3D%2Fuser%2Flogin%2F%3Ffrom%3D%2Fblog%2F63%2F HTTP/1.1" 200 3812 "-" "Mozilla/5.0 (compatible; SemrushBot/6~bl; +http://www.semrush.com/bot.html)"
46.229.168.141 - - [06/Dec/2019:11:22:11 +0800] "GET /user/register/?from=%2Fuser%2Fregister%2F%3Ffrom%3D%2Fuser%2Flogin%2F%3Ffrom%3D%2Fuser%2Fregister%2F%3Ffrom%3D%2Fuser%2Flogin%2F%3Ffrom%3D%2Fuser%2Flogin%2F%3Ffrom%3D%2Fuser%2Flogin%2F%3Ffrom%3D%2Fuser%2Fregister%2F%3Ffrom%3D%2Fuser%2Flogin%2F%3Ffrom%3D%2Fuser%2Flogin%2F%3Ffrom%3D%2Fuser%2Flogin%2F%3Ffrom%3D%2Fblog%2Fdate%2F2019%2F7 HTTP/1.1" 200 4169 "-" "Mozilla/5.0 (compatible; SemrushBot/6~bl; +http://www.semrush.com/bot.html)"
46.229.168.152 - - [06/Dec/2019:11:23:54 +0800] "GET /user/login/?from=%2Fuser%2Fregister%2F%3Ffrom%3D%2Fuser%2Fregister%2F%3Ffrom%3D%2Fuser%2Fregister%2F%3Ffrom%3D%2Fuser%2Flogin%2F%3Ffrom%3D%2Fblog%2F49%2F HTTP/1.1" 200 3796 "-" "Mozilla/5.0 (compatible; SemrushBot/6~bl; +http://www.semrush.com/bot.html)"
46.229.168.161 - - [06/Dec/2019:11:24:07 +0800] "GET /user/login/?from=%2Fuser%2Flogin%2F%3Ffrom%3D%2Fuser%2Fregister%2F%3Ffrom%3D%2Fuser%2Fregister%2F%3Ffrom%3D%2Fuser%2Flogin%2F%3Ffrom%3D%2Fuser%2Fregister%2F%3Ffrom%3D%2Fuser%2Fregister%2F%3Ffrom%3D%2Fuser%2Flogin%2F%3Ffrom%3D%2Fuser%2Flogin%2F%3Ffrom%3D%2Fblog%2Ftag%2F16%2F HTTP/1.1" 200 3809 "-" "Mozilla/5.0 (compatible; SemrushBot/6~bl; +http://www.semrush.com/bot.html)"
46.229.168.135 - - [06/Dec/2019:11:24:09 +0800] "GET /user/register/?from=%2Fuser%2Fregister%2F%3Ffrom%3D%2Fuser%2Fregister%2F%3Ffrom%3D%2Fuser%2Fregister%2F%3Ffrom%3D%2Fuser%2Flogin%2F%3Ffrom%3D%2Fuser%2Fregister%2F%3Ffrom%3D%2Fblog%2Fdate%2F2018%2F12%3Fpage%3D3 HTTP/1.1" 200 4166 "-" "Mozilla/5.0 (compatible; SemrushBot/6~bl; +http://www.semrush.com/bot.html)"
46.229.168.142 - - [06/Dec/2019:11:24:20 +0800] "GET /user/login/?from=%2Fuser%2Fregister%2F%3Ffrom%3D%2Fuser%2Flogin%2F%3Ffrom%3D%2Fuser%2Fregister%2F%3Ffrom%3D%2Fuser%2Flogin%2F%3Ffrom%3D%2Fuser%2Flogin%2F%3Ffrom%3D%2Fuser%2Flogin%2F%3Ffrom%3D%2Fuser%2Fregister%2F%3Ffrom%3D%2Fuser%2Fregister%2F%3Ffrom%3D%2Fuser%2Fregister%2F%3Ffrom%3D%2Fblog%2Ftype%2F5%2F HTTP/1.1" 200 3813 "-" "Mozilla/5.0 (compatible; SemrushBot/6~bl; +http://www.semrush.com/bot.html)"
46.229.168.162 - - [06/Dec/2019:11:24:53 +0800] "GET /user/register/?from=%2Fuser%2Fregister%2F%3Ffrom%3D%2Fuser%2Flogin%2F%3Ffrom%3D%2Fuser%2Fregister%2F%3Ffrom%3D%2Fuser%2Fregister%2F%3Ffrom%3D%2Fuser%2Fregister%2F%3Ffrom%3D%2Fuser%2Fregister%2F%3Ffrom%3D%2Fuser%2Fregister%2F%3Ffrom%3D%2Fuser%2Flogin%2F%3Ffrom%3D%2Fuser%2Flogin%2F%3Ffrom%3D%2F HTTP/1.1" 200 4155 "-" "Mozilla/5.0 (compatible; SemrushBot/6~bl; +http://www.semrush.com/bot.html)"
46.229.168.154 - - [06/Dec/2019:11:25:00 +0800] "GET /user/login/?from=%2Fuser%2Flogin%2F%3Ffrom%3D%2Fuser%2Fregister%2F%3Ffrom%3D%2Fuser%2Fregister%2F%3Ffrom%3D%2Fuser%2Fregister%2F%3Ffrom%3D%2Fuser%2Flogin%2F%3Ffrom%3D%2Fuser%2Fregister%2F%3Ffrom%3D%2Fuser%2Fregister%2F%3Ffrom%3D%2Fuser%2Flogin%2F%3Ffrom%3D%2Fuser%2Flogin%2F%3Ffrom%3D%2Fblog%2Ftype%2F9%2F HTTP/1.1" 200 3812 "-" "Mozilla/5.0 (compatible; SemrushBot/6~bl; +http://www.semrush.com/bot.html)"
46.229.168.154 - - [06/Dec/2019:11:25:02 +0800] "GET /user/login/?from=%2Fuser%2Flogin%2F%3Ffrom%3D%2Fuser%2Flogin%2F%3Ffrom%3D%2Fuser%2Flogin%2F%3Ffrom%3D%2Fblog%2F99%2F HTTP/1.1" 200 3793 "-" "Mozilla/5.0 (compatible; SemrushBot/6~bl; +http://www.semrush.com/bot.html)"
